D/ConnectivityService(  640): [CheckMp] isMobileOk: too many loops tried - giving up
D/ConnectivityService(  640): [CheckMp] isMobileOk: X loops|timed out result=0
D/ConnectivityService(  640): [CheckMp] isMobileOk: F stop hipri
D/MobileDataStateTracker(  640): default: setEnableFailFastMobileData(enabled=0)
D/ConnectivityService(  640): stopUsingNetworkFeature: teardown net 0: enableHIPRI
I/ActivityManager(  640): Killing 22204:org.anhonesteffort.flock:flock/u0a136 (adj 15): empty #17
D/ConnectivityService(  640): [CheckMp] isMobileOk: X result=0
D/ConnectivityService(  640): [CheckMp] onPostExecute: result=0
D/ConnectivityService(  640): CheckMp.onComplete: result=0
D/ConnectivityService(  640): CheckMp.onComplete: ignore, connected or no connection
I/PowerManagerService(  640): Going to sleep due to screen timeout...
I/UsageStats(  640): Deleting usage file : usage-20140712
D/MobileDataStateTracker(  640): default: Broadcast received: android.intent.action.ANY_DATA_STATE apnType=default
D/MobileDataStateTracker(  640): default: Received state=CONNECTED, old=CONNECTED, reason=(unspecified)
E/ConnectivityService(  640): net.tcp.usercfg.default not found in system properties. Using defaults
E/ConnectivityService(  640): net.tcp.delack.default not found in system properties. Using defaults
I/PowerManagerService(  640): Waking up from sleep...
D/MobileDataStateTracker(  640): default: Broadcast received: android.intent.action.ANY_DATA_STATE apnType=default
D/MobileDataStateTracker(  640): default: Received state=CONNECTED, old=CONNECTED, reason=(unspecified)
E/ConnectivityService(  640): net.tcp.usercfg.default not found in system properties. Using defaults
E/ConnectivityService(  640): net.tcp.delack.default not found in system properties. Using defaults
I/WindowManager(  640): Lock screen displayed!
D/DisplayPowerController(  640): Unblocked screen on after 102453773 ms
W/ActivityManager(  640): getAssistContextExtras failed: no resumed activity
I/ActivityManager(  640): Start proc com.facebook.slingshot for broadcast com.facebook.slingshot/com.parse.ParseBroadcastReceiver: pid=22834 uid=10114 gids={50114, 1006, 3003, 1028, 1015}
W/InputMethodManagerService(  640): Window already focused, ignoring focus gain of: com.android.internal.view.IInputMethodClient$Stub$Proxy@426c5a00 attribute=android.view.inputmethod.EditorInfo@42704be0, token = android.os.BinderProxy@420d3768
I/ActivityManager(  640): Killing 22045:com.cyanogenmod.updater/u0a2 (adj 15): empty #17
D/MobileDataStateTracker(  640): default: Broadcast received: android.intent.action.ANY_DATA_STATE apnType=default
D/MobileDataStateTracker(  640): default: Received state=CONNECTED, old=CONNECTED, reason=(unspecified)
E/ConnectivityService(  640): net.tcp.usercfg.default not found in system properties. Using defaults
E/ConnectivityService(  640): net.tcp.delack.default not found in system properties. Using defaults
I/PowerManagerService(  640): Going to sleep due to screen timeout...
I/PowerManagerService(  640): Waking up from sleep...
I/WindowManager(  640): Lock screen displayed!
D/DisplayPowerController(  640): Unblocked screen on after 102490638 ms
W/InputMethodManagerService(  640): Window already focused, ignoring focus gain of: com.android.internal.view.IInputMethodClient$Stub$Proxy@433d3288 attribute=android.view.inputmethod.EditorInfo@43520ca8, token = android.os.BinderProxy@420d3768
I/PowerManagerService(  640): Going to sleep by user request...
D/MobileDataStateTracker(  640): default: Broadcast received: android.intent.action.ANY_DATA_STATE apnType=default
D/MobileDataStateTracker(  640): default: Received state=CONNECTED, old=CONNECTED, reason=(unspecified)
E/ConnectivityService(  640): net.tcp.usercfg.default not found in system properties. Using defaults
E/ConnectivityService(  640): net.tcp.delack.default not found in system properties. Using defaults
D/MobileDataStateTracker(  640): default: Broadcast received: android.intent.action.ANY_DATA_STATE apnType=default
D/MobileDataStateTracker(  640): default: Received state=CONNECTED, old=CONNECTED, reason=(unspecified)
E/ConnectivityService(  640): net.tcp.usercfg.default not found in system properties. Using defaults
E/ConnectivityService(  640): net.tcp.delack.default not found in system properties. Using defaults
D/MobileDataStateTracker(  640): default: Broadcast received: android.intent.action.ANY_DATA_STATE apnType=default
D/MobileDataStateTracker(  640): default: Received state=CONNECTED, old=CONNECTED, reason=(unspecified)
E/ConnectivityService(  640): net.tcp.usercfg.default not found in system properties. Using defaults
E/ConnectivityService(  640): net.tcp.delack.default not found in system properties. Using defaults
D/MobileDataStateTracker(  640): default: Broadcast received: android.intent.action.ANY_DATA_STATE apnType=default
D/MobileDataStateTracker(  640): default: Received state=CONNECTED, old=CONNECTED, reason=(unspecified)
E/ConnectivityService(  640): net.tcp.usercfg.default not found in system properties. Using defaults
E/ConnectivityService(  640): net.tcp.delack.default not found in system properties. Using defaults
D/MobileDataStateTracker(  640): default: setPolicyDataEnable(enabled=true)
D/ConnectivityService(  640): handleInetConditionHoldEnd: net=0, condition=100, published condition=100
D/MobileDataStateTracker(  640): default: setPolicyDataEnable(enabled=true)
D/MobileDataStateTracker(  640): default: Broadcast received: android.intent.action.ANY_DATA_STATE apnType=default
D/MobileDataStateTracker(  640): default: Received state=CONNECTED, old=CONNECTED, reason=(unspecified)
E/ConnectivityService(  640): net.tcp.usercfg.default not found in system properties. Using defaults
E/ConnectivityService(  640): net.tcp.delack.default not found in system properties. Using defaults
D/MobileDataStateTracker(  640): default: Broadcast received: android.intent.action.ANY_DATA_STATE apnType=default
D/MobileDataStateTracker(  640): default: Received state=CONNECTED, old=CONNECTED, reason=(unspecified)
E/ConnectivityService(  640): net.tcp.usercfg.default not found in system properties. Using defaults
E/ConnectivityService(  640): net.tcp.delack.default not found in system properties. Using defaults
D/MobileDataStateTracker(  640): default: setPolicyDataEnable(enabled=true)
D/MobileDataStateTracker(  640): default: setPolicyDataEnable(enabled=true)
D/MobileDataStateTracker(  640): default: setPolicyDataEnable(enabled=true)
D/MobileDataStateTracker(  640): default: Broadcast received: android.intent.action.ANY_DATA_STATE apnType=default
D/MobileDataStateTracker(  640): default: Received state=CONNECTED, old=CONNECTED, reason=(unspecified)
E/ConnectivityService(  640): net.tcp.usercfg.default not found in system properties. Using defaults
E/ConnectivityService(  640): net.tcp.delack.default not found in system properties. Using defaults
D/MobileDataStateTracker(  640): default: Broadcast received: android.intent.action.ANY_DATA_STATE apnType=default
D/MobileDataStateTracker(  640): default: Received state=CONNECTED, old=CONNECTED, reason=(unspecified)
E/ConnectivityService(  640): net.tcp.usercfg.default not found in system properties. Using defaults
E/ConnectivityService(  640): net.tcp.delack.default not found in system properties. Using defaults
D/MobileDataStateTracker(  640): default: setPolicyDataEnable(enabled=true)
D/MobileDataStateTracker(  640): default: setPolicyDataEnable(enabled=true)
D/MobileDataStateTracker(  640): default: Broadcast received: android.intent.action.ANY_DATA_STATE apnType=default
D/MobileDataStateTracker(  640): default: Received state=CONNECTED, old=CONNECTED, reason=(unspecified)
E/ConnectivityService(  640): net.tcp.usercfg.default not found in system properties. Using defaults
E/ConnectivityService(  640): net.tcp.delack.default not found in system properties. Using defaults
D/MobileDataStateTracker(  640): default: Broadcast received: android.intent.action.ANY_DATA_STATE apnType=default
D/MobileDataStateTracker(  640): default: Received state=CONNECTED, old=CONNECTED, reason=(unspecified)
E/ConnectivityService(  640): net.tcp.usercfg.default not found in system properties. Using defaults
E/ConnectivityService(  640): net.tcp.delack.default not found in system properties. Using defaults
D/MobileDataStateTracker(  640): default: Broadcast received: android.intent.action.ANY_DATA_STATE apnType=default
D/MobileDataStateTracker(  640): default: Received state=CONNECTED, old=CONNECTED, reason=(unspecified)
E/ConnectivityService(  640): net.tcp.usercfg.default not found in system properties. Using defaults
E/ConnectivityService(  640): net.tcp.delack.default not found in system properties. Using defaults
D/MobileDataStateTracker(  640): default: Broadcast received: android.intent.action.ANY_DATA_STATE apnType=default
D/MobileDataStateTracker(  640): default: Received state=CONNECTED, old=CONNECTED, reason=(unspecified)
E/ConnectivityService(  640): net.tcp.usercfg.default not found in system properties. Using defaults
E/ConnectivityService(  640): net.tcp.delack.default not found in system properties. Using defaults
D/MobileDataStateTracker(  640): default: Broadcast received: android.intent.action.ANY_DATA_STATE apnType=default
D/MobileDataStateTracker(  640): default: Received state=CONNECTED, old=CONNECTED, reason=(unspecified)
E/ConnectivityService(  640): net.tcp.usercfg.default not found in system properties. Using defaults
E/ConnectivityService(  640): net.tcp.delack.default not found in system properties. Using defaults
D/MobileDataStateTracker(  640): default: Broadcast received: android.intent.action.ANY_DATA_STATE apnType=default
D/MobileDataStateTracker(  640): default: Received state=CONNECTED, old=CONNECTED, reason=(unspecified)
E/ConnectivityService(  640): net.tcp.usercfg.default not found in system properties. Using defaults
E/ConnectivityService(  640): net.tcp.delack.default not found in system properties. Using defaults
D/MobileDataStateTracker(  640): default: setPolicyDataEnable(enabled=true)
I/ProcessStatsService(  640): Prepared write state in 25ms
I/ProcessStatsService(  640): Pruning old procstats: /data/system/procstats/state-2014-07-15-06-30-00.bin
D/MobileDataStateTracker(  640): default: Broadcast received: android.intent.action.ANY_DATA_STATE apnType=default
D/MobileDataStateTracker(  640): default: Received state=CONNECTED, old=CONNECTED, reason=(unspecified)
E/ConnectivityService(  640): net.tcp.usercfg.default not found in system properties. Using defaults
E/ConnectivityService(  640): net.tcp.delack.default not found in system properties. Using defaults
D/MobileDataStateTracker(  640): default: Broadcast received: android.intent.action.ANY_DATA_STATE apnType=default
D/MobileDataStateTracker(  640): default: Received state=CONNECTED, old=CONNECTED, reason=(unspecified)
E/ConnectivityService(  640): net.tcp.usercfg.default not found in system properties. Using defaults
E/ConnectivityService(  640): net.tcp.delack.default not found in system properties. Using defaults
D/MobileDataStateTracker(  640): default: Broadcast received: android.intent.action.ANY_DATA_STATE apnType=default
D/MobileDataStateTracker(  640): default: Received state=CONNECTED, old=CONNECTED, reason=(unspecified)
E/ConnectivityService(  640): net.tcp.usercfg.default not found in system properties. Using defaults
E/ConnectivityService(  640): net.tcp.delack.default not found in system properties. Using defaults
D/MobileDataStateTracker(  640): default: Broadcast received: android.intent.action.ANY_DATA_STATE apnType=default
D/MobileDataStateTracker(  640): default: Received state=CONNECTED, old=CONNECTED, reason=(unspecified)
E/ConnectivityService(  640): net.tcp.usercfg.default not found in system properties. Using defaults
E/ConnectivityService(  640): net.tcp.delack.default not found in system properties. Using defaults
D/MobileDataStateTracker(  640): default: Broadcast received: android.intent.action.ANY_DATA_STATE apnType=default
D/MobileDataStateTracker(  640): default: Received state=CONNECTED, old=CONNECTED, reason=(unspecified)
E/ConnectivityService(  640): net.tcp.usercfg.default not found in system properties. Using defaults
E/ConnectivityService(  640): net.tcp.delack.default not found in system properties. Using defaults
D/MobileDataStateTracker(  640): default: Broadcast received: android.intent.action.ANY_DATA_STATE apnType=default
D/MobileDataStateTracker(  640): default: Received state=CONNECTED, old=CONNECTED, reason=(unspecified)
E/ConnectivityService(  640): net.tcp.usercfg.default not found in system properties. Using defaults
E/ConnectivityService(  640): net.tcp.delack.default not found in system properties. Using defaults
D/MobileDataStateTracker(  640): default: Broadcast received: android.intent.action.ANY_DATA_STATE apnType=default
D/MobileDataStateTracker(  640): default: Received state=CONNECTED, old=CONNECTED, reason=(unspecified)
E/ConnectivityService(  640): net.tcp.usercfg.default not found in system properties. Using defaults
E/ConnectivityService(  640): net.tcp.delack.default not found in system properties. Using defaults
D/MobileDataStateTracker(  640): default: Broadcast received: android.intent.action.ANY_DATA_STATE apnType=default
D/MobileDataStateTracker(  640): default: Received state=CONNECTED, old=CONNECTED, reason=(unspecified)
E/ConnectivityService(  640): net.tcp.usercfg.default not found in system properties. Using defaults
E/ConnectivityService(  640): net.tcp.delack.default not found in system properties. Using defaults
D/MobileDataStateTracker(  640): default: Broadcast received: android.intent.action.ANY_DATA_STATE apnType=default
D/MobileDataStateTracker(  640): default: Received state=CONNECTED, old=CONNECTED, reason=(unspecified)
E/ConnectivityService(  640): net.tcp.usercfg.default not found in system properties. Using defaults
E/ConnectivityService(  640): net.tcp.delack.default not found in system properties. Using defaults
D/MobileDataStateTracker(  640): default: Broadcast received: android.intent.action.ANY_DATA_STATE apnType=default
D/MobileDataStateTracker(  640): default: Received state=CONNECTED, old=CONNECTED, reason=(unspecified)
E/ConnectivityService(  640): net.tcp.usercfg.default not found in system properties. Using defaults
E/ConnectivityService(  640): net.tcp.delack.default not found in system properties. Using defaults
D/MobileDataStateTracker(  640): default: Broadcast received: android.intent.action.ANY_DATA_STATE apnType=default
D/MobileDataStateTracker(  640): default: Received state=CONNECTED, old=CONNECTED, reason=(unspecified)
E/ConnectivityService(  640): net.tcp.usercfg.default not found in system properties. Using defaults
E/ConnectivityService(  640): net.tcp.delack.default not found in system properties. Using defaults
D/MobileDataStateTracker(  640): default: Broadcast received: android.intent.action.ANY_DATA_STATE apnType=default
D/MobileDataStateTracker(  640): default: Received state=CONNECTED, old=CONNECTED, reason=(unspecified)
E/ConnectivityService(  640): net.tcp.usercfg.default not found in system properties. Using defaults
E/ConnectivityService(  640): net.tcp.delack.default not found in system properties. Using defaults
D/MobileDataStateTracker(  640): default: Broadcast received: android.intent.action.ANY_DATA_STATE apnType=default
D/MobileDataStateTracker(  640): default: Received state=CONNECTED, old=CONNECTED, reason=(unspecified)
E/ConnectivityService(  640): net.tcp.usercfg.default not found in system properties. Using defaults
E/ConnectivityService(  640): net.tcp.delack.default not found in system properties. Using defaults
D/MobileDataStateTracker(  640): default: Broadcast received: android.intent.action.ANY_DATA_STATE apnType=default
--------- beginning of /dev/log/main
D/PhoneApp( 1148): - state: CONNECTED
D/PhoneApp( 1148): - reason: null
D/NotificationMgr( 1148): hideDataDisconnectedRoaming()...
D/MobileDataStateTracker(  640): default: Received state=CONNECTED, old=CONNECTED, reason=(unspecified)
E/ConnectivityService(  640): net.tcp.usercfg.default not found in system properties. Using defaults
E/ConnectivityService(  640): net.tcp.delack.default not found in system properties. Using defaults
D/MobileDataStateTracker(  640): default: Broadcast received: android.intent.action.ANY_DATA_STATE apnType=default
D/MobileDataStateTracker(  640): default: Received state=CONNECTED, old=CONNECTED, reason=(unspecified)
D/NotificationMgr( 1148): updateNetworkSelection()...state = 0 new network 
D/PhoneApp( 1148): mReceiver: ACTION_ANY_DATA_CONNECTION_STATE_CHANGED
D/PhoneApp( 1148): - state: CONNECTED
D/PhoneApp( 1148): - reason: null
D/NotificationMgr( 1148): hideDataDisconnectedRoaming()...
E/ConnectivityService(  640): net.tcp.usercfg.default not found in system properties. Using defaults
E/ConnectivityService(  640): net.tcp.delack.default not found in system properties. Using defaults
D/MobileDataStateTracker(  640): default: Broadcast received: android.intent.action.ANY_DATA_STATE apnType=default
D/MobileDataStateTracker(  640): default: Received state=CONNECTED, old=CONNECTED, reason=(unspecified)
D/NotificationMgr( 1148): updateNetworkSelection()...state = 0 new network 
D/PhoneApp( 1148): mReceiver: ACTION_ANY_DATA_CONNECTION_STATE_CHANGED
D/PhoneApp( 1148): - state: CONNECTED
D/PhoneApp( 1148): - reason: null
D/NotificationMgr( 1148): hideDataDisconnectedRoaming()...
E/ConnectivityService(  640): net.tcp.usercfg.default not found in system properties. Using defaults
E/ConnectivityService(  640): net.tcp.delack.default not found in system properties. Using defaults
D/MobileDataStateTracker(  640): default: Broadcast received: android.intent.action.ANY_DATA_STATE apnType=default
D/MobileDataStateTracker(  640): default: Received state=CONNECTED, old=CONNECTED, reason=(unspecified)
E/ConnectivityService(  640): net.tcp.usercfg.default not found in system properties. Using defaults
E/ConnectivityService(  640): net.tcp.delack.default not found in system properties. Using defaults
D/NotificationMgr( 1148): updateNetworkSelection()...state = 0 new network 
D/PhoneApp( 1148): mReceiver: ACTION_ANY_DATA_CONNECTION_STATE_CHANGED
D/PhoneApp( 1148): - state: CONNECTED
D/PhoneApp( 1148): - reason: null
D/NotificationMgr( 1148): hideDataDisconnectedRoaming()...
D/MobileDataStateTracker(  640): default: Broadcast received: android.intent.action.ANY_DATA_STATE apnType=default
D/MobileDataStateTracker(  640): default: Received state=CONNECTED, old=CONNECTED, reason=(unspecified)
D/NotificationMgr( 1148): updateNetworkSelection()...state = 0 new network 
D/PhoneApp( 1148): mReceiver: ACTION_ANY_DATA_CONNECTION_STATE_CHANGED
D/PhoneApp( 1148): - state: CONNECTED
D/PhoneApp( 1148): - reason: null
D/NotificationMgr( 1148): hideDataDisconnectedRoaming()...
E/ConnectivityService(  640): net.tcp.usercfg.default not found in system properties. Using defaults
E/ConnectivityService(  640): net.tcp.delack.default not found in system properties. Using defaults
D/MobileDataStateTracker(  640): default: Broadcast received: android.intent.action.ANY_DATA_STATE apnType=default
D/MobileDataStateTracker(  640): default: Received state=CONNECTED, old=CONNECTED, reason=(unspecified)
D/NotificationMgr( 1148): updateNetworkSelection()...state = 0 new network 
D/PhoneApp( 1148): mReceiver: ACTION_ANY_DATA_CONNECTION_STATE_CHANGED
D/PhoneApp( 1148): - state: CONNECTED
D/PhoneApp( 1148): - reason: null
E/ConnectivityService(  640): net.tcp.usercfg.default not found in system properties. Using defaults
E/ConnectivityService(  640): net.tcp.delack.default not found in system properties. Using defaults
D/NotificationMgr( 1148): hideDataDisconnectedRoaming()...
D/NotificationMgr( 1148): updateNetworkSelection()...state = 0 new network 
D/PhoneApp( 1148): mReceiver: ACTION_ANY_DATA_CONNECTION_STATE_CHANGED
D/MobileDataStateTracker(  640): default: Broadcast received: android.intent.action.ANY_DATA_STATE apnType=default
D/MobileDataStateTracker(  640): default: Received state=CONNECTED, old=CONNECTED, reason=(unspecified)
E/ConnectivityService(  640): net.tcp.usercfg.default not found in system properties. Using defaults
E/ConnectivityService(  640): net.tcp.delack.default not found in system properties. Using defaults
D/PhoneApp( 1148): - state: CONNECTED
D/PhoneApp( 1148): - reason: null
D/NotificationMgr( 1148): hideDataDisconnectedRoaming()...
D/MobileDataStateTracker(  640): default: Broadcast received: android.intent.action.ANY_DATA_STATE apnType=default
D/MobileDataStateTracker(  640): default: Received state=CONNECTED, old=CONNECTED, reason=(unspecified)
D/NotificationMgr( 1148): updateNetworkSelection()...state = 0 new network 
D/PhoneApp( 1148): mReceiver: ACTION_ANY_DATA_CONNECTION_STATE_CHANGED
D/PhoneApp( 1148): - state: CONNECTED
D/PhoneApp( 1148): - reason: null
D/NotificationMgr( 1148): hideDataDisconnectedRoaming()...
E/ConnectivityService(  640): net.tcp.usercfg.default not found in system properties. Using defaults
E/ConnectivityService(  640): net.tcp.delack.default not found in system properties. Using defaults
D/MobileDataStateTracker(  640): default: Broadcast received: android.intent.action.ANY_DATA_STATE apnType=default
D/NotificationMgr( 1148): updateNetworkSelection()...state = 0 new network 
D/PhoneApp( 1148): mReceiver: ACTION_ANY_DATA_CONNECTION_STATE_CHANGED
D/PhoneApp( 1148): - state: CONNECTED
D/PhoneApp( 1148): - reason: null
D/NotificationMgr( 1148): hideDataDisconnectedRoaming()...
D/MobileDataStateTracker(  640): default: Received state=CONNECTED, old=CONNECTED, reason=(unspecified)
E/ConnectivityService(  640): net.tcp.usercfg.default not found in system properties. Using defaults
E/ConnectivityService(  640): net.tcp.delack.default not found in system properties. Using defaults
D/NotificationMgr( 1148): updateNetworkSelection()...state = 0 new network 
D/PhoneApp( 1148): mReceiver: ACTION_ANY_DATA_CONNECTION_STATE_CHANGED
D/PhoneApp( 1148): - state: CONNECTED
D/PhoneApp( 1148): - reason: null
D/NotificationMgr( 1148): hideDataDisconnectedRoaming()...
D/MobileDataStateTracker(  640): default: Broadcast received: android.intent.action.ANY_DATA_STATE apnType=default
D/MobileDataStateTracker(  640): default: Received state=CONNECTED, old=CONNECTED, reason=(unspecified)
E/ConnectivityService(  640): net.tcp.usercfg.default not found in system properties. Using defaults
E/ConnectivityService(  640): net.tcp.delack.default not found in system properties. Using defaults
V/Zygote  (23510): Switching descriptor 33 to /dev/null
V/Zygote  (23510): Switching descriptor 10 to /dev/null
I/ActivityManager(  640): Start proc com.google.android.googlequicksearchbox:search for broadcast com.google.android.googlequicksearchbox/com.google.android.velvet.location.LocationReceiver: pid=23510 uid=10029 gids={50029, 3003, 3001, 1028, 3002, 1015, 1006}
D/ActivityThread(23510): handleBindApplication:com.google.android.googlequicksearchbox:search
D/ActivityThread(23510): setTargetHeapUtilization:0.75
D/ActivityThread(23510): setTargetHeapMinFree:524288
V/Zygote  (23528): Switching descriptor 33 to /dev/null
V/Zygote  (23528): Switching descriptor 10 to /dev/null
I/ActivityManager(  640): Start proc com.google.android.partnersetup for content provider com.google.android.partnersetup/.RlzAppProvider: pid=23528 uid=10025 gids={50025, 3003}
D/ActivityThread(23528): handleBindApplication:com.google.android.partnersetup
D/ActivityThread(23528): setTargetHeapUtilization:0.75
D/ActivityThread(23528): setTargetHeapMinFree:524288
W/LocationOracleImpl(23510): Not started: ignore location
I/ActivityManager(  640): Killing 22146:com.google.android.setupwizard/u0a27 (adj 15): empty #17
I/ActivityManager(  640): Killing 22102:android.process.media/u0a7 (adj 15): empty #18
D/NotificationMgr( 1148): updateNetworkSelection()...state = 0 new network 
D/PhoneApp( 1148): mReceiver: ACTION_ANY_DATA_CONNECTION_STATE_CHANGED
D/PhoneApp( 1148): - state: CONNECTED
D/PhoneApp( 1148): - reason: null
D/NotificationMgr( 1148): hideDataDisconnectedRoaming()...
D/MobileDataStateTracker(  640): default: Broadcast received: android.intent.action.ANY_DATA_STATE apnType=default
D/MobileDataStateTracker(  640): default: Received state=CONNECTED, old=CONNECTED, reason=(unspecified)
E/ConnectivityService(  640): net.tcp.usercfg.default not found in system properties. Using defaults
E/ConnectivityService(  640): net.tcp.delack.default not found in system properties. Using defaults
D/MobileDataStateTracker(  640): default: setPolicyDataEnable(enabled=true)
D/MobileDataStateTracker(  640): default: Broadcast received: android.intent.action.ANY_DATA_STATE apnType=default
D/MobileDataStateTracker(  640): default: Received state=CONNECTED, old=CONNECTED, reason=(unspecified)
E/ConnectivityService(  640): net.tcp.usercfg.default not found in system properties. Using defaults
E/ConnectivityService(  640): net.tcp.delack.default not found in system properties. Using defaults
D/NotificationMgr( 1148): updateNetworkSelection()...state = 0 new network 
D/PhoneApp( 1148): mReceiver: ACTION_ANY_DATA_CONNECTION_STATE_CHANGED
D/PhoneApp( 1148): - state: CONNECTED
D/PhoneApp( 1148): - reason: null
D/NotificationMgr( 1148): hideDataDisconnectedRoaming()...
D/MobileDataStateTracker(  640): default: Broadcast received: android.intent.action.ANY_DATA_STATE apnType=default
D/MobileDataStateTracker(  640): default: Received state=CONNECTED, old=CONNECTED, reason=(unspecified)
E/ConnectivityService(  640): net.tcp.usercfg.default not found in system properties. Using defaults
E/ConnectivityService(  640): net.tcp.delack.default not found in system properties. Using defaults
D/NotificationMgr( 1148): updateNetworkSelection()...state = 0 new network 
D/PhoneApp( 1148): mReceiver: ACTION_ANY_DATA_CONNECTION_STATE_CHANGED
D/PhoneApp( 1148): - state: CONNECTED
D/PhoneApp( 1148): - reason: null
D/NotificationMgr( 1148): hideDataDisconnectedRoaming()...
V/Zygote  (23578): Switching descriptor 33 to /dev/null
V/Zygote  (23578): Switching descriptor 10 to /dev/null
I/ActivityManager(  640): Start proc com.android.deskclock for broadcast com.android.deskclock/com.android.alarmclock.DigitalAppWidgetProvider: pid=23578 uid=10041 gids={50041, 1028, 3003}
D/ActivityThread(23578): handleBindApplication:com.android.deskclock
D/ActivityThread(23578): setTargetHeapUtilization:0.75
D/ActivityThread(23578): setTargetHeapMinFree:524288
I/ActivityManager(  640): Killing 19920:org.servalproject/u0a123 (adj 15): empty #17
D/MobileDataStateTracker(  640): default: setPolicyDataEnable(enabled=true)
D/NotificationMgr( 1148): updateNetworkSelection()...state = 0 new network 
D/PhoneApp( 1148): mReceiver: ACTION_ANY_DATA_CONNECTION_STATE_CHANGED
D/PhoneApp( 1148): - state: CONNECTED
D/PhoneApp( 1148): - reason: null
D/NotificationMgr( 1148): hideDataDisconnectedRoaming()...
D/MobileDataStateTracker(  640): default: Broadcast received: android.intent.action.ANY_DATA_STATE apnType=default
D/MobileDataStateTracker(  640): default: Received state=CONNECTED, old=CONNECTED, reason=(unspecified)
E/ConnectivityService(  640): net.tcp.usercfg.default not found in system properties. Using defaults
E/ConnectivityService(  640): net.tcp.delack.default not found in system properties. Using defaults
D/MobileDataStateTracker(  640): default: Broadcast received: android.intent.action.ANY_DATA_STATE apnType=default
D/MobileDataStateTracker(  640): default: Received state=CONNECTED, old=CONNECTED, reason=(unspecified)
E/ConnectivityService(  640): net.tcp.usercfg.default not found in system properties. Using defaults
E/ConnectivityService(  640): net.tcp.delack.default not found in system properties. Using defaults
D/NotificationMgr( 1148): updateNetworkSelection()...state = 0 new network 
D/PhoneApp( 1148): mReceiver: ACTION_ANY_DATA_CONNECTION_STATE_CHANGED
D/PhoneApp( 1148): - state: CONNECTED
D/PhoneApp( 1148): - reason: null
D/NotificationMgr( 1148): hideDataDisconnectedRoaming()...
I/PowerManagerService(  640): Waking up from sleep...
I/QCOM PowerHAL(  640): Got set_interactive hint
D/SurfaceFlinger(  213): Screen acquired, type=0 flinger=0xb8966450
D/qdhwcomposer(  213): hwc_blank: Unblanking display: 0
I/WindowManager(  640): Lock screen displayed!
D/DisplayPowerController(  640): Unblocked screen on after 103009582 ms
D/qdhwcomposer(  213): hwc_blank: Done unblanking display: 0
D/SurfaceControl(  640): Excessive delay in unblankDisplay() while turning screen on: 117ms
W/ActivityManager(  640): getAssistContextExtras failed: no resumed activity
V/audio_hw_primary(  216): adev_set_parameters: enter: screen_state=on
D/audio_hw_extn(  216): audio_extn_set_anc_parameters: anc_enabled:0
V/audio_hw_primary(  216): adev_set_parameters: exit with code(-2)
V/QcrilMsgTunnelSocket(10509): After reading offset = 0 remaining = 4 countRead = 4
D/QcrilMsgTunnelSocket(10509): messageLength extracted from first 4 inputStream reads = 29
V/QcrilMsgTunnelSocket(10509): offset = 0 remaining = 29 countRead = 0
V/QcrilMsgTunnelSocket(10509): offset = 0 remaining = 29 countRead = 29
D/QcrilMsgTunnelSocket(10509): readRilMessage: Buffer = [B@4183c860 HexData = [0100000004040000110000005155414c434f4d4def0308000100000003]
V/QcrilMsgTunnelSocket(10509): Read packet: 29 bytes. Data Available = 32 Position = 0
D/QcrilMsgTunnelSocket(10509): processResponse. message type = 1. Data Available = 28
D/QcrilMsgTunnelSocket(10509): ByteArray from parcel = 5155414c434f4d4def0308000100000003
D/QcrilMsgTunnelSocket(10509): Received RIL_UNSOL_OEM_HOOK_RAW message
D/QcrilMsgTunnelSocket(10509): Oem ID in RIL_UNSOL_OEM_HOOK_RAW is QUALCOMM
D/QcrilMsgTunnelSocket(10509): OEM ID check Passed
D/QcrilMsgTunnelSocket(10509): Response ID in RIL_UNSOL_OEM_HOOK_RAW is 525295
D/QcrilMsgTunnelSocket(10509): Response ID 525295is not served in this process.
D/QcrilMsgTunnelSocket(10509): To broadcast an Intent via the notifier to external apps
V/QcrilMsgTunnelSocket(10509): Before reading offset = 0 remaining = 4 countRead = 0
D/QcrilMsgTunnelIfaceManager(10509): handleMessage what=0
D/QcrilMsgTunnelIfaceManager(10509): Broadcasting intent ACTION_UNSOL_RESPONSE_OEM_HOOK_RAW
D/NotificationMgr( 1148): updateNetworkSelection()...state = 0 new network 
D/MobileDataStateTracker(  640): default: Broadcast received: android.intent.action.ANY_DATA_STATE apnType=default
D/MobileDataStateTracker(  640): default: Received state=CONNECTED, old=CONNECTED, reason=(unspecified)
E/ConnectivityService(  640): net.tcp.usercfg.default not found in system properties. Using defaults
E/ConnectivityService(  640): net.tcp.delack.default not found in system properties. Using defaults
D/PhoneApp( 1148): mReceiver: ACTION_ANY_DATA_CONNECTION_STATE_CHANGED
D/PhoneApp( 1148): - state: CONNECTED
D/PhoneApp( 1148): - reason: null
D/NotificationMgr( 1148): hideDataDisconnectedRoaming()...
V/QcrilMsgTunnelSocket(10509): After reading offset = 0 remaining = 4 countRead = 4
D/QcrilMsgTunnelSocket(10509): messageLength extracted from first 4 inputStream reads = 29
V/QcrilMsgTunnelSocket(10509): offset = 0 remaining = 29 countRead = 0
V/QcrilMsgTunnelSocket(10509): offset = 0 remaining = 29 countRead = 29
D/QcrilMsgTunnelSocket(10509): readRilMessage: Buffer = [B@4183c860 HexData = [0100000004040000110000005155414c434f4d4def0308000100000003]
V/QcrilMsgTunnelSocket(10509): Read packet: 29 bytes. Data Available = 32 Position = 0
D/QcrilMsgTunnelSocket(10509): processResponse. message type = 1. Data Available = 28
D/QcrilMsgTunnelSocket(10509): ByteArray from parcel = 5155414c434f4d4def0308000100000003
D/QcrilMsgTunnelSocket(10509): Received RIL_UNSOL_OEM_HOOK_RAW message
D/QcrilMsgTunnelSocket(10509): Oem ID in RIL_UNSOL_OEM_HOOK_RAW is QUALCOMM
D/QcrilMsgTunnelSocket(10509): OEM ID check Passed
D/QcrilMsgTunnelSocket(10509): Response ID in RIL_UNSOL_OEM_HOOK_RAW is 525295
D/QcrilMsgTunnelSocket(10509): Response ID 525295is not served in this process.
D/QcrilMsgTunnelSocket(10509): To broadcast an Intent via the notifier to external apps
V/QcrilMsgTunnelSocket(10509): Before reading offset = 0 remaining = 4 countRead = 0
D/QcrilMsgTunnelIfaceManager(10509): handleMessage what=0
D/QcrilMsgTunnelIfaceManager(10509): Broadcasting intent ACTION_UNSOL_RESPONSE_OEM_HOOK_RAW
V/QcrilMsgTunnelSocket(10509): After reading offset = 0 remaining = 4 countRead = 4
D/QcrilMsgTunnelSocket(10509): messageLength extracted from first 4 inputStream reads = 29
V/QcrilMsgTunnelSocket(10509): offset = 0 remaining = 29 countRead = 0
V/QcrilMsgTunnelSocket(10509): offset = 0 remaining = 29 countRead = 29
D/QcrilMsgTunnelSocket(10509): readRilMessage: Buffer = [B@4183c860 HexData = [0100000004040000110000005155414c434f4d4def0308000100000003]
V/QcrilMsgTunnelSocket(10509): Read packet: 29 bytes. Data Available = 32 Position = 0
D/QcrilMsgTunnelSocket(10509): processResponse. message type = 1. Data Available = 28
D/QcrilMsgTunnelSocket(10509): ByteArray from parcel = 5155414c434f4d4def0308000100000003
D/QcrilMsgTunnelSocket(10509): Received RIL_UNSOL_OEM_HOOK_RAW message
D/QcrilMsgTunnelSocket(10509): Oem ID in RIL_UNSOL_OEM_HOOK_RAW is QUALCOMM
D/QcrilMsgTunnelSocket(10509): OEM ID check Passed
D/QcrilMsgTunnelSocket(10509): Response ID in RIL_UNSOL_OEM_HOOK_RAW is 525295
D/QcrilMsgTunnelSocket(10509): Response ID 525295is not served in this process.
D/QcrilMsgTunnelSocket(10509): To broadcast an Intent via the notifier to external apps
V/QcrilMsgTunnelSocket(10509): Before reading offset = 0 remaining = 4 countRead = 0
D/MobileDataStateTracker(  640): default: Broadcast received: android.intent.action.ANY_DATA_STATE apnType=default
D/MobileDataStateTracker(  640): default: Received state=CONNECTED, old=CONNECTED, reason=(unspecified)
D/NotificationMgr( 1148): updateNetworkSelection()...state = 0 new network 
D/PhoneApp( 1148): mReceiver: ACTION_ANY_DATA_CONNECTION_STATE_CHANGED
D/PhoneApp( 1148): - state: CONNECTED
D/PhoneApp( 1148): - reason: null
E/ConnectivityService(  640): net.tcp.usercfg.default not found in system properties. Using defaults
E/ConnectivityService(  640): net.tcp.delack.default not found in system properties. Using defaults
D/NotificationMgr( 1148): hideDataDisconnectedRoaming()...
D/QcrilMsgTunnelIfaceManager(10509): handleMessage what=0
D/QcrilMsgTunnelIfaceManager(10509): Broadcasting intent ACTION_UNSOL_RESPONSE_OEM_HOOK_RAW
I/PowerManagerService(  640): Going to sleep due to screen timeout...
D/MDnsDS  (  210): MDnsSdListener::Monitor poll timed out
D/MDnsDS  (  210): Going to poll with pollCount 1
D/SurfaceFlinger(  213): Screen released, type=0 flinger=0xb8966450
D/qdhwcomposer(  213): hwc_blank: Blanking display: 0
D/qdhwcomposer(  213): hwc_blank: Done blanking display: 0
D/SurfaceControl(  640): Excessive delay in blankDisplay() while turning screen off: 169ms
I/QCOM PowerHAL(  640): Got set_interactive hint
I/Choreographer( 1000): Skipped 47 frames!  The application may be doing too much work on its main thread.
W/View    ( 1000): requestLayout() improperly called by android.widget.TextClock{428041a0 V.ED.... ......ID 0,0-131,318 #7f0b0013 app:id/clock1_regular} during layout: running second layout pass
W/View    ( 1000): requestLayout() improperly called by android.widget.TextClock{428047c8 V.ED.... ......ID 131,0-435,318 #7f0b0014 app:id/clock2_regular} during layout: running second layout pass
W/View    ( 1000): requestLayout() improperly called by android.widget.TextClock{4243f380 V.ED.... ......ID 147,0-333,49 #7f0b0036 app:id/date} during layout: running second layout pass
W/View    ( 1000): requestLayout() improperly called by android.widget.TextView{42440150 V.ED.... ......ID 51,0-229,49 #7f0b0037 app:id/nextAlarm} during layout: running second layout pass
W/View    ( 1000): requestLayout() improperly called by android.widget.TextView{42440bb0 V.ED.... ......ID 0,0-74,49 #7f0b0024 app:id/weather_temp} during layout: running second layout pass
W/View    ( 1000): requestLayout() improperly called by android.widget.TextView{425ca1a0 V.ED.... ......ID 0,49-50,90 #7f0b0027 app:id/weather_condition} during layout: running second layout pass
V/audio_hw_primary(  216): adev_set_parameters: enter: screen_state=off
D/audio_hw_extn(  216): audio_extn_set_anc_parameters: anc_enabled:0
V/audio_hw_primary(  216): adev_set_parameters: exit with code(-2)
D/MobileDataStateTracker(  640): default: Broadcast received: android.intent.action.ANY_DATA_STATE apnType=default
D/MobileDataStateTracker(  640): default: Received state=CONNECTED, old=CONNECTED, reason=(unspecified)
E/ConnectivityService(  640): net.tcp.usercfg.default not found in system properties. Using defaults
E/ConnectivityService(  640): net.tcp.delack.default not found in system properties. Using defaults
D/NotificationMgr( 1148): updateNetworkSelection()...state = 0 new network 
D/PhoneApp( 1148): mReceiver: ACTION_ANY_DATA_CONNECTION_STATE_CHANGED
D/PhoneApp( 1148): - state: CONNECTED
D/PhoneApp( 1148): - reason: null
D/NotificationMgr( 1148): hideDataDisconnectedRoaming()...
D/MobileDataStateTracker(  640): default: Broadcast received: android.intent.action.ANY_DATA_STATE apnType=default
D/MobileDataStateTracker(  640): default: Received state=CONNECTED, old=CONNECTED, reason=(unspecified)
D/NotificationMgr( 1148): updateNetworkSelection()...state = 0 new network 
D/PhoneApp( 1148): mReceiver: ACTION_ANY_DATA_CONNECTION_STATE_CHANGED
D/PhoneApp( 1148): - state: CONNECTED
D/PhoneApp( 1148): - reason: null
D/NotificationMgr( 1148): hideDataDisconnectedRoaming()...
E/ConnectivityService(  640): net.tcp.usercfg.default not found in system properties. Using defaults
E/ConnectivityService(  640): net.tcp.delack.default not found in system properties. Using defaults
D/MobileDataStateTracker(  640): default: Broadcast received: android.intent.action.ANY_DATA_STATE apnType=default
D/MobileDataStateTracker(  640): default: Received state=CONNECTED, old=CONNECTED, reason=(unspecified)
E/ConnectivityService(  640): net.tcp.usercfg.default not found in system properties. Using defaults
E/ConnectivityService(  640): net.tcp.delack.default not found in system properties. Using defaults
D/NotificationMgr( 1148): updateNetworkSelection()...state = 0 new network 
D/PhoneApp( 1148): mReceiver: ACTION_ANY_DATA_CONNECTION_STATE_CHANGED
D/PhoneApp( 1148): - state: CONNECTED
D/PhoneApp( 1148): - reason: null
D/NotificationMgr( 1148): hideDataDisconnectedRoaming()...
D/MobileDataStateTracker(  640): default: Broadcast received: android.intent.action.ANY_DATA_STATE apnType=default
D/MobileDataStateTracker(  640): default: Received state=CONNECTED, old=CONNECTED, reason=(unspecified)
D/NotificationMgr( 1148): updateNetworkSelection()...state = 0 new network 
D/PhoneApp( 1148): mReceiver: ACTION_ANY_DATA_CONNECTION_STATE_CHANGED
D/PhoneApp( 1148): - state: CONNECTED
D/PhoneApp( 1148): - reason: null
D/NotificationMgr( 1148): hideDataDisconnectedRoaming()...
E/ConnectivityService(  640): net.tcp.usercfg.default not found in system properties. Using defaults
E/ConnectivityService(  640): net.tcp.delack.default not found in system properties. Using defaults
D/MobileDataStateTracker(  640): default: Broadcast received: android.intent.action.ANY_DATA_STATE apnType=default
D/MobileDataStateTracker(  640): default: Received state=CONNECTED, old=CONNECTED, reason=(unspecified)
E/ConnectivityService(  640): net.tcp.usercfg.default not found in system properties. Using defaults
D/NotificationMgr( 1148): updateNetworkSelection()...state = 0 new network 
D/PhoneApp( 1148): mReceiver: ACTION_ANY_DATA_CONNECTION_STATE_CHANGED
D/PhoneApp( 1148): - state: CONNECTED
D/PhoneApp( 1148): - reason: null
D/NotificationMgr( 1148): hideDataDisconnectedRoaming()...
E/ConnectivityService(  640): net.tcp.delack.default not found in system properties. Using defaults
D/MobileDataStateTracker(  640): default: Broadcast received: android.intent.action.ANY_DATA_STATE apnType=default
D/NotificationMgr( 1148): updateNetworkSelection()...state = 0 new network 
D/PhoneApp( 1148): mReceiver: ACTION_ANY_DATA_CONNECTION_STATE_CHANGED
D/PhoneApp( 1148): - state: CONNECTED
D/PhoneApp( 1148): - reason: null
D/MobileDataStateTracker(  640): default: Received state=CONNECTED, old=CONNECTED, reason=(unspecified)
D/NotificationMgr( 1148): hideDataDisconnectedRoaming()...
E/ConnectivityService(  640): net.tcp.usercfg.default not found in system properties. Using defaults
E/ConnectivityService(  640): net.tcp.delack.default not found in system properties. Using defaults
D/MobileDataStateTracker(  640): default: Broadcast received: android.intent.action.ANY_DATA_STATE apnType=default
D/MobileDataStateTracker(  640): default: Received state=CONNECTED, old=CONNECTED, reason=(unspecified)
D/NotificationMgr( 1148): updateNetworkSelection()...state = 0 new network 
D/PhoneApp( 1148): mReceiver: ACTION_ANY_DATA_CONNECTION_STATE_CHANGED
D/PhoneApp( 1148): - state: CONNECTED
D/PhoneApp( 1148): - reason: null
D/NotificationMgr( 1148): hideDataDisconnectedRoaming()...
E/ConnectivityService(  640): net.tcp.usercfg.default not found in system properties. Using defaults
E/ConnectivityService(  640): net.tcp.delack.default not found in system properties. Using defaults
D/MobileDataStateTracker(  640): default: Broadcast received: android.intent.action.ANY_DATA_STATE apnType=default
D/MobileDataStateTracker(  640): default: Received state=CONNECTED, old=CONNECTED, reason=(unspecified)
D/NotificationMgr( 1148): updateNetworkSelection()...state = 0 new network 
D/PhoneApp( 1148): mReceiver: ACTION_ANY_DATA_CONNECTION_STATE_CHANGED
D/PhoneApp( 1148): - state: CONNECTED
D/PhoneApp( 1148): - reason: null
D/NotificationMgr( 1148): hideDataDisconnectedRoaming()...
E/ConnectivityService(  640): net.tcp.usercfg.default not found in system properties. Using defaults
E/ConnectivityService(  640): net.tcp.delack.default not found in system properties. Using defaults
W/msgr(:<default>):l(26580): Exception during service
W/msgr(:<default>):l(26580): java.lang.NullPointerException
W/msgr(:<default>):l(26580): 	at com.facebook.orca.protocol.methods.o.a(FetchSuggestedGroupClustersMethod.java:63)
W/msgr(:<default>):l(26580): 	at com.facebook.orca.protocol.methods.o.a(FetchSuggestedGroupClustersMethod.java:30)
W/msgr(:<default>):l(26580): 	at com.facebook.http.protocol.aa.a(ApiResponseHandler.java:55)
W/msgr(:<default>):l(26580): 	at com.facebook.http.protocol.aa.handleResponse(ApiResponseHandler.java:28)
W/msgr(:<default>):l(26580): 	at com.facebook.http.a.r.a(FbHttpRequestProcessor.java:312)
W/msgr(:<default>):l(26580): 	at com.facebook.http.a.r.a(FbHttpRequestProcessor.java:142)
W/msgr(:<default>):l(26580): 	at com.facebook.http.a.r.b(FbHttpRequestProcessor.java:98)
W/msgr(:<default>):l(26580): 	at com.facebook.http.a.r.a(FbHttpRequestProcessor.java:228)
W/msgr(:<default>):l(26580): 	at com.facebook.http.protocol.bv.a(SingleMethodRunnerImpl.java:438)
W/msgr(:<default>):l(26580): 	at com.facebook.http.protocol.bv.a(SingleMethodRunnerImpl.java:200)
W/msgr(:<default>):l(26580): 	at com.facebook.http.protocol.b.a(AbstractSingleMethodRunner.java:28)
W/msgr(:<default>):l(26580): 	at com.facebook.http.protocol.l.a(ApiMethodRunnerImpl.java:44)
W/msgr(:<default>):l(26580): 	at com.facebook.http.protocol.l.a(ApiMethodRunnerImpl.java:36)
W/msgr(:<default>):l(26580): 	at com.facebook.orca.protocol.a.u(WebServiceHandler.java:265)
W/msgr(:<default>):l(26580): 	at com.facebook.orca.server.a.a(AbstractBlueServiceHandlerFilter.java:77)
W/msgr(:<default>):l(26580): 	at com.facebook.fbservice.service.y.a(FilterChainLink.java:20)
W/msgr(:<default>):l(26580): 	at com.facebook.orca.database.v.u(DbServiceHandler.java:265)
W/msgr(:<default>):l(26580): 	at com.facebook.orca.server.a.a(AbstractBlueServiceHandlerFilter.java:77)
W/msgr(:<default>):l(26580): 	at com.facebook.fbservice.service.y.a(FilterChainLink.java:20)
W/msgr(:<default>):l(26580): 	at com.facebook.orca.f.l.u(CacheServiceHandler.java:483)
W/msgr(:<default>):l(26580): 	at com.facebook.orca.server.a.a(AbstractBlueServiceHandlerFilter.java:77)
W/msgr(:<default>):l(26580): 	at com.facebook.fbservice.service.y.a(FilterChainLink.java:20)
W/msgr(:<default>):l(26580): 	at com.facebook.fbservice.service.l.e(BlueServiceQueue.java:361)
W/msgr(:<default>):l(26580): 	at com.facebook.fbservice.service.l.d(BlueServiceQueue.java:58)
W/msgr(:<default>):l(26580): 	at com.facebook.fbservice.service.o.run(BlueServiceQueue.java:280)
W/msgr(:<default>):l(26580): 	at java.util.concurrent.Executors$RunnableAdapter.call(Executors.java:422)
W/msgr(:<default>):l(26580): 	at java.util.concurrent.FutureTask.run(FutureTask.java:237)
W/msgr(:<default>):l(26580): 	at com.facebook.common.executors.bb.run(ListenableScheduledFutureImpl.java:57)
W/msgr(:<default>):l(26580): 	at android.os.Handler.handleCallback(Handler.java:733)
W/msgr(:<default>):l(26580): 	at android.os.Handler.dispatchMessage(Handler.java:95)
W/msgr(:<default>):l(26580): 	at android.os.Looper.loop(Looper.java:136)
W/msgr(:<default>):l(26580): 	at android.os.HandlerThread.run(HandlerThread.java:61)
D/MobileDataStateTracker(  640): default: Broadcast received: android.intent.action.ANY_DATA_STATE apnType=default
D/MobileDataStateTracker(  640): default: Received state=CONNECTED, old=CONNECTED, reason=(unspecified)
D/NotificationMgr( 1148): updateNetworkSelection()...state = 0 new network 
D/PhoneApp( 1148): mReceiver: ACTION_ANY_DATA_CONNECTION_STATE_CHANGED
D/PhoneApp( 1148): - state: CONNECTED
D/PhoneApp( 1148): - reason: null
D/NotificationMgr( 1148): hideDataDisconnectedRoaming()...
E/ConnectivityService(  640): net.tcp.usercfg.default not found in system properties. Using defaults
E/ConnectivityService(  640): net.tcp.delack.default not found in system properties. Using defaults
D/MobileDataStateTracker(  640): default: Broadcast received: android.intent.action.ANY_DATA_STATE apnType=default
D/MobileDataStateTracker(  640): default: Received state=CONNECTED, old=CONNECTED, reason=(unspecified)
D/NotificationMgr( 1148): updateNetworkSelection()...state = 0 new network 
D/PhoneApp( 1148): mReceiver: ACTION_ANY_DATA_CONNECTION_STATE_CHANGED
D/PhoneApp( 1148): - state: CONNECTED
D/PhoneApp( 1148): - reason: null
D/NotificationMgr( 1148): hideDataDisconnectedRoaming()...
E/ConnectivityService(  640): net.tcp.usercfg.default not found in system properties. Using defaults
E/ConnectivityService(  640): net.tcp.delack.default not found in system properties. Using defaults
V/BackupManagerService(  640): Running a backup pass
V/BackupManagerService(  640): clearing pending backups
V/PerformBackupTask(  640): Beginning backup of 2 targets
V/BackupServiceBinder(  640): doBackup() invoked
D/PerformBackupTask(  640): invokeAgentForBackup on @pm@
V/BackupServiceBinder(  640): doBackup() invoked
I/PerformBackupTask(  640): no backup data written; not calling transport
D/PerformBackupTask(  640): starting agent for backup of BackupRequest{pkg=com.android.providers.settings}
D/BackupManagerService(  640): awaiting agent for ApplicationInfo{41d48ef8 com.android.providers.settings}
D/BackupManagerService(  640): agentConnected pkg=com.android.providers.settings agent=android.app.backup.BackupAgent$BackupServiceBinder@4257b820
I/BackupManagerService(  640): got agent android.app.backup.BackupAgent$BackupServiceBinder@4257b820
D/PerformBackupTask(  640): invokeAgentForBackup on com.android.providers.settings
V/Zygote  (23848): Switching descriptor 33 to /dev/null
V/Zygote  (23848): Switching descriptor 10 to /dev/null
I/ActivityManager(  640): Start proc android.process.media for content provider com.android.providers.media/.MediaProvider: pid=23848 uid=10007 gids={50007, 1028, 1015, 1023, 1024, 2001, 3003, 3007}
D/ActivityThread(23848): handleBindApplication:android.process.media
D/ActivityThread(23848): setTargetHeapUtilization:0.75
D/ActivityThread(23848): setTargetHeapMinFree:524288
E/SELinux (23848): SELinux: Loaded file_contexts from /file_contexts
E/SELinux (23848): SELinux:  Could not open /data/system/packages.list:  Permission denied.
I/ActivityManager(  640): Killing 22180:com.ttxapps.wifiadb/u0a90 (adj 15): empty #17
W/GLSUser ( 1508): GoogleAccountDataService.getToken()
D/PerformBackupTask(  640): starting agent for backup of BackupRequest{pkg=com.google.android.googlequicksearchbox}
V/Zygote  (23874): Switching descriptor 33 to /dev/null
V/Zygote  (23874): Switching descriptor 10 to /dev/null
I/ActivityManager(  640): Start proc com.google.android.googlequicksearchbox for backup com.google.android.googlequicksearchbox/com.android.launcher3.LauncherBackupAgentHelper: pid=23874 uid=10029 gids={50029, 3003, 3001, 1028, 3002, 1015, 1006}
D/BackupManagerService(  640): awaiting agent for ApplicationInfo{41b14538 com.google.android.googlequicksearchbox}
D/ActivityThread(23874): handleBindApplication:com.google.android.googlequicksearchbox
D/ActivityThread(23874): setTargetHeapUtilization:0.75
D/ActivityThread(23874): setTargetHeapMinFree:524288
V/BackupServiceBinder(23874): doBackup() invoked
D/BackupHelperDispatcher(23874): handling existing helper 'L' vg@41855728
D/BackupManagerService(  640): agentConnected pkg=com.google.android.googlequicksearchbox agent=android.os.BinderProxy@43492fa8
I/BackupManagerService(  640): got agent android.app.IBackupAgent$Stub$Proxy@431def40
D/PerformBackupTask(  640): invokeAgentForBackup on com.google.android.googlequicksearchbox
W/LauncherBackupHelper(23874): Failed to get app state during backup/restore
W/LauncherBackupHelper(23874): java.lang.Throwable
W/LauncherBackupHelper(23874): 	at vg.hU(PG:1159)
W/LauncherBackupHelper(23874): 	at vg.performBackup(PG:193)
W/LauncherBackupHelper(23874): 	at android.app.backup.BackupHelperDispatcher.doOneBackup(BackupHelperDispatcher.java:95)
W/LauncherBackupHelper(23874): 	at android.app.backup.BackupHelperDispatcher.performBackup(BackupHelperDispatcher.java:62)
