W/LauncherBackupHelper(23874): 	at android.app.backup.BackupAgentHelper.onBackup(BackupAgentHelper.java:66)
W/LauncherBackupHelper(23874): 	at android.app.backup.BackupAgent$BackupServiceBinder.doBackup(BackupAgent.java:567)
W/LauncherBackupHelper(23874): 	at android.app.IBackupAgent$Stub.onTransact(IBackupAgent.java:80)
W/LauncherBackupHelper(23874): 	at android.os.Binder.execTransact(Binder.java:404)
W/LauncherBackupHelper(23874): 	at dalvik.system.NativeStart.run(Native Method)
D/BackupHelperDispatcher(23874): handling existing helper 'LP' xf@418548b0
D/BackupManagerService(  640): Now staging backup of com.google.android.googlequicksearchbox
I/PerformBackupTask(  640): no backup data written; not calling transport
I/PerformBackupTask(  640): Backup pass finished.
I/ActivityManager(  640): Killing 22262:com.tinder/u0a87 (adj 15): empty #17
D/MobileDataStateTracker(  640): default: Broadcast received: android.intent.action.ANY_DATA_STATE apnType=default
D/MobileDataStateTracker(  640): default: Received state=CONNECTED, old=CONNECTED, reason=(unspecified)
D/NotificationMgr( 1148): updateNetworkSelection()...state = 0 new network 
D/PhoneApp( 1148): mReceiver: ACTION_ANY_DATA_CONNECTION_STATE_CHANGED
E/ConnectivityService(  640): net.tcp.usercfg.default not found in system properties. Using defaults
E/ConnectivityService(  640): net.tcp.delack.default not found in system properties. Using defaults
D/PhoneApp( 1148): - state: CONNECTED
D/PhoneApp( 1148): - reason: null
D/NotificationMgr( 1148): hideDataDisconnectedRoaming()...
D/MobileDataStateTracker(  640): default: Broadcast received: android.intent.action.ANY_DATA_STATE apnType=default
D/MobileDataStateTracker(  640): default: Received state=CONNECTED, old=CONNECTED, reason=(unspecified)
E/ConnectivityService(  640): net.tcp.usercfg.default not found in system properties. Using defaults
E/ConnectivityService(  640): net.tcp.delack.default not found in system properties. Using defaults
D/NotificationMgr( 1148): updateNetworkSelection()...state = 0 new network 
D/PhoneApp( 1148): mReceiver: ACTION_ANY_DATA_CONNECTION_STATE_CHANGED
D/PhoneApp( 1148): - state: CONNECTED
D/PhoneApp( 1148): - reason: null
D/NotificationMgr( 1148): hideDataDisconnectedRoaming()...
D/MobileDataStateTracker(  640): default: Broadcast received: android.intent.action.ANY_DATA_STATE apnType=default
D/MobileDataStateTracker(  640): default: Received state=CONNECTED, old=CONNECTED, reason=(unspecified)
E/ConnectivityService(  640): net.tcp.usercfg.default not found in system properties. Using defaults
E/ConnectivityService(  640): net.tcp.delack.default not found in system properties. Using defaults
D/NotificationMgr( 1148): updateNetworkSelection()...state = 0 new network 
D/PhoneApp( 1148): mReceiver: ACTION_ANY_DATA_CONNECTION_STATE_CHANGED
D/PhoneApp( 1148): - state: CONNECTED
D/PhoneApp( 1148): - reason: null
D/NotificationMgr( 1148): hideDataDisconnectedRoaming()...
D/NotificationMgr( 1148): updateNetworkSelection()...state = 0 new network 
D/MobileDataStateTracker(  640): default: Broadcast received: android.intent.action.ANY_DATA_STATE apnType=default
D/MobileDataStateTracker(  640): default: Received state=CONNECTED, old=CONNECTED, reason=(unspecified)
E/ConnectivityService(  640): net.tcp.usercfg.default not found in system properties. Using defaults
E/ConnectivityService(  640): net.tcp.delack.default not found in system properties. Using defaults
D/PhoneApp( 1148): mReceiver: ACTION_ANY_DATA_CONNECTION_STATE_CHANGED
D/PhoneApp( 1148): - state: CONNECTED
D/PhoneApp( 1148): - reason: null
D/NotificationMgr( 1148): hideDataDisconnectedRoaming()...
D/MobileDataStateTracker(  640): default: Broadcast received: android.intent.action.ANY_DATA_STATE apnType=default
D/NotificationMgr( 1148): updateNetworkSelection()...state = 0 new network 
D/PhoneApp( 1148): mReceiver: ACTION_ANY_DATA_CONNECTION_STATE_CHANGED
D/MobileDataStateTracker(  640): default: Received state=CONNECTED, old=CONNECTED, reason=(unspecified)
E/ConnectivityService(  640): net.tcp.usercfg.default not found in system properties. Using defaults
E/ConnectivityService(  640): net.tcp.delack.default not found in system properties. Using defaults
D/PhoneApp( 1148): - state: CONNECTED
D/PhoneApp( 1148): - reason: null
D/NotificationMgr( 1148): hideDataDisconnectedRoaming()...
D/MobileDataStateTracker(  640): default: Broadcast received: android.intent.action.ANY_DATA_STATE apnType=default
D/MobileDataStateTracker(  640): default: Received state=CONNECTED, old=CONNECTED, reason=(unspecified)
E/ConnectivityService(  640): net.tcp.usercfg.default not found in system properties. Using defaults
E/ConnectivityService(  640): net.tcp.delack.default not found in system properties. Using defaults
D/NotificationMgr( 1148): updateNetworkSelection()...state = 0 new network 
D/PhoneApp( 1148): mReceiver: ACTION_ANY_DATA_CONNECTION_STATE_CHANGED
D/PhoneApp( 1148): - state: CONNECTED
D/PhoneApp( 1148): - reason: null
D/NotificationMgr( 1148): hideDataDisconnectedRoaming()...
W/LocationOracleImpl(23510): Not started: ignore location
D/MobileDataStateTracker(  640): default: Broadcast received: android.intent.action.ANY_DATA_STATE apnType=default
D/MobileDataStateTracker(  640): default: Received state=CONNECTED, old=CONNECTED, reason=(unspecified)
E/ConnectivityService(  640): net.tcp.usercfg.default not found in system properties. Using defaults
E/ConnectivityService(  640): net.tcp.delack.default not found in system properties. Using defaults
D/NotificationMgr( 1148): updateNetworkSelection()...state = 0 new network 
D/PhoneApp( 1148): mReceiver: ACTION_ANY_DATA_CONNECTION_STATE_CHANGED
D/PhoneApp( 1148): - state: CONNECTED
D/PhoneApp( 1148): - reason: null
D/NotificationMgr( 1148): hideDataDisconnectedRoaming()...
D/MobileDataStateTracker(  640): default: Broadcast received: android.intent.action.ANY_DATA_STATE apnType=default
D/MobileDataStateTracker(  640): default: Received state=CONNECTED, old=CONNECTED, reason=(unspecified)
D/NotificationMgr( 1148): updateNetworkSelection()...state = 0 new network 
D/PhoneApp( 1148): mReceiver: ACTION_ANY_DATA_CONNECTION_STATE_CHANGED
D/PhoneApp( 1148): - state: CONNECTED
D/PhoneApp( 1148): - reason: null
D/NotificationMgr( 1148): hideDataDisconnectedRoaming()...
E/ConnectivityService(  640): net.tcp.usercfg.default not found in system properties. Using defaults
E/ConnectivityService(  640): net.tcp.delack.default not found in system properties. Using defaults
D/MobileDataStateTracker(  640): default: Broadcast received: android.intent.action.ANY_DATA_STATE apnType=default
D/MobileDataStateTracker(  640): default: Received state=CONNECTED, old=CONNECTED, reason=(unspecified)
D/NotificationMgr( 1148): updateNetworkSelection()...state = 0 new network 
D/PhoneApp( 1148): mReceiver: ACTION_ANY_DATA_CONNECTION_STATE_CHANGED
D/PhoneApp( 1148): - state: CONNECTED
D/PhoneApp( 1148): - reason: null
D/NotificationMgr( 1148): hideDataDisconnectedRoaming()...
E/ConnectivityService(  640): net.tcp.usercfg.default not found in system properties. Using defaults
E/ConnectivityService(  640): net.tcp.delack.default not found in system properties. Using defaults
D/MobileDataStateTracker(  640): default: Broadcast received: android.intent.action.ANY_DATA_STATE apnType=default
D/NotificationMgr( 1148): updateNetworkSelection()...state = 0 new network 
D/PhoneApp( 1148): mReceiver: ACTION_ANY_DATA_CONNECTION_STATE_CHANGED
D/PhoneApp( 1148): - state: CONNECTED
D/PhoneApp( 1148): - reason: null
D/MobileDataStateTracker(  640): default: Received state=CONNECTED, old=CONNECTED, reason=(unspecified)
E/ConnectivityService(  640): net.tcp.usercfg.default not found in system properties. Using defaults
E/ConnectivityService(  640): net.tcp.delack.default not found in system properties. Using defaults
D/NotificationMgr( 1148): hideDataDisconnectedRoaming()...
D/MobileDataStateTracker(  640): default: Broadcast received: android.intent.action.ANY_DATA_STATE apnType=default
D/MobileDataStateTracker(  640): default: Received state=CONNECTED, old=CONNECTED, reason=(unspecified)
D/NotificationMgr( 1148): updateNetworkSelection()...state = 0 new network 
D/PhoneApp( 1148): mReceiver: ACTION_ANY_DATA_CONNECTION_STATE_CHANGED
D/PhoneApp( 1148): - state: CONNECTED
D/PhoneApp( 1148): - reason: null
D/NotificationMgr( 1148): hideDataDisconnectedRoaming()...
E/ConnectivityService(  640): net.tcp.usercfg.default not found in system properties. Using defaults
E/ConnectivityService(  640): net.tcp.delack.default not found in system properties. Using defaults
D/NotificationMgr( 1148): updateNetworkSelection()...state = 0 new network 
D/MobileDataStateTracker(  640): default: Broadcast received: android.intent.action.ANY_DATA_STATE apnType=default
D/MobileDataStateTracker(  640): default: Received state=CONNECTED, old=CONNECTED, reason=(unspecified)
E/ConnectivityService(  640): net.tcp.usercfg.default not found in system properties. Using defaults
E/ConnectivityService(  640): net.tcp.delack.default not found in system properties. Using defaults
D/PhoneApp( 1148): mReceiver: ACTION_ANY_DATA_CONNECTION_STATE_CHANGED
D/PhoneApp( 1148): - state: CONNECTED
D/PhoneApp( 1148): - reason: null
D/NotificationMgr( 1148): hideDataDisconnectedRoaming()...
D/MobileDataStateTracker(  640): default: setPolicyDataEnable(enabled=true)
D/MobileDataStateTracker(  640): default: setPolicyDataEnable(enabled=true)
D/MobileDataStateTracker(  640): default: setPolicyDataEnable(enabled=true)
D/NotificationMgr( 1148): updateNetworkSelection()...state = 0 new network 
D/MobileDataStateTracker(  640): default: Broadcast received: android.intent.action.ANY_DATA_STATE apnType=default
D/MobileDataStateTracker(  640): default: Received state=CONNECTED, old=CONNECTED, reason=(unspecified)
E/ConnectivityService(  640): net.tcp.usercfg.default not found in system properties. Using defaults
E/ConnectivityService(  640): net.tcp.delack.default not found in system properties. Using defaults
D/PhoneApp( 1148): mReceiver: ACTION_ANY_DATA_CONNECTION_STATE_CHANGED
D/PhoneApp( 1148): - state: CONNECTED
D/PhoneApp( 1148): - reason: null
D/NotificationMgr( 1148): hideDataDisconnectedRoaming()...
D/MobileDataStateTracker(  640): default: Broadcast received: android.intent.action.ANY_DATA_STATE apnType=default
D/MobileDataStateTracker(  640): default: Received state=CONNECTED, old=CONNECTED, reason=(unspecified)
D/NotificationMgr( 1148): updateNetworkSelection()...state = 0 new network 
D/PhoneApp( 1148): mReceiver: ACTION_ANY_DATA_CONNECTION_STATE_CHANGED
D/PhoneApp( 1148): - state: CONNECTED
D/PhoneApp( 1148): - reason: null
D/NotificationMgr( 1148): hideDataDisconnectedRoaming()...
E/ConnectivityService(  640): net.tcp.usercfg.default not found in system properties. Using defaults
E/ConnectivityService(  640): net.tcp.delack.default not found in system properties. Using defaults
D/MobileDataStateTracker(  640): default: Broadcast received: android.intent.action.ANY_DATA_STATE apnType=default
D/NotificationMgr( 1148): updateNetworkSelection()...state = 0 new network 
D/PhoneApp( 1148): mReceiver: ACTION_ANY_DATA_CONNECTION_STATE_CHANGED
D/PhoneApp( 1148): - state: CONNECTED
D/PhoneApp( 1148): - reason: null
D/NotificationMgr( 1148): hideDataDisconnectedRoaming()...
D/MobileDataStateTracker(  640): default: Received state=CONNECTED, old=CONNECTED, reason=(unspecified)
E/ConnectivityService(  640): net.tcp.usercfg.default not found in system properties. Using defaults
E/ConnectivityService(  640): net.tcp.delack.default not found in system properties. Using defaults
D/MobileDataStateTracker(  640): default: Broadcast received: android.intent.action.ANY_DATA_STATE apnType=default
D/MobileDataStateTracker(  640): default: Received state=CONNECTED, old=CONNECTED, reason=(unspecified)
D/NotificationMgr( 1148): updateNetworkSelection()...state = 0 new network 
D/PhoneApp( 1148): mReceiver: ACTION_ANY_DATA_CONNECTION_STATE_CHANGED
D/PhoneApp( 1148): - state: CONNECTED
D/PhoneApp( 1148): - reason: null
D/NotificationMgr( 1148): hideDataDisconnectedRoaming()...
E/ConnectivityService(  640): net.tcp.usercfg.default not found in system properties. Using defaults
E/ConnectivityService(  640): net.tcp.delack.default not found in system properties. Using defaults
D/MobileDataStateTracker(  640): default: Broadcast received: android.intent.action.ANY_DATA_STATE apnType=default
D/MobileDataStateTracker(  640): default: Received state=CONNECTED, old=CONNECTED, reason=(unspecified)
E/ConnectivityService(  640): net.tcp.usercfg.default not found in system properties. Using defaults
E/ConnectivityService(  640): net.tcp.delack.default not found in system properties. Using defaults
D/NotificationMgr( 1148): updateNetworkSelection()...state = 0 new network 
D/PhoneApp( 1148): mReceiver: ACTION_ANY_DATA_CONNECTION_STATE_CHANGED
D/PhoneApp( 1148): - state: CONNECTED
D/PhoneApp( 1148): - reason: null
D/NotificationMgr( 1148): hideDataDisconnectedRoaming()...
D/NotificationMgr( 1148): updateNetworkSelection()...state = 0 new network 
D/PhoneApp( 1148): mReceiver: ACTION_ANY_DATA_CONNECTION_STATE_CHANGED
D/PhoneApp( 1148): - state: CONNECTED
D/PhoneApp( 1148): - reason: null
D/NotificationMgr( 1148): hideDataDisconnectedRoaming()...
D/MobileDataStateTracker(  640): default: Broadcast received: android.intent.action.ANY_DATA_STATE apnType=default
D/MobileDataStateTracker(  640): default: Received state=CONNECTED, old=CONNECTED, reason=(unspecified)
E/ConnectivityService(  640): net.tcp.usercfg.default not found in system properties. Using defaults
E/ConnectivityService(  640): net.tcp.delack.default not found in system properties. Using defaults
I/PowerManagerService(  640): Waking up from sleep...
I/QCOM PowerHAL(  640): Got set_interactive hint
D/SurfaceFlinger(  213): Screen acquired, type=0 flinger=0xb8966450
D/qdhwcomposer(  213): hwc_blank: Unblanking display: 0
I/WindowManager(  640): Lock screen displayed!
D/DisplayPowerController(  640): Unblocked screen on after 103429125 ms
D/qdhwcomposer(  213): hwc_blank: Done unblanking display: 0
D/SurfaceControl(  640): Excessive delay in unblankDisplay() while turning screen on: 119ms
W/ActivityManager(  640): getAssistContextExtras failed: no resumed activity
V/audio_hw_primary(  216): adev_set_parameters: enter: screen_state=on
D/audio_hw_extn(  216): audio_extn_set_anc_parameters: anc_enabled:0
V/audio_hw_primary(  216): adev_set_parameters: exit with code(-2)
D/PhoneStatusBar( 1000): disable: < expand icons alerts ticker system_info back* home* recent* clock* search >
I/Timeline(16971): Timeline: Activity_idle id: android.os.BinderProxy@41837ad8 time:40372678
W/InputMethodManagerService(  640): Window already focused, ignoring focus gain of: com.android.internal.view.IInputMethodClient$Stub$Proxy@42150208 attribute=android.view.inputmethod.EditorInfo@42149ea8, token = android.os.BinderProxy@420d3768
D/NfcService( 1188): NFC-C ON
I/USERIAL_LINUX( 1188): USERIAL_Open(): enter
I/USERIAL_LINUX( 1188): USERIAL_Open() device: /dev/bcm2079x port=5, uart_port=0 WAKE_DELAY(20) WRITE_DELAY(20) POWER_ON_DELAY(0) PRE_POWER_OFF_DELAY(10) POST_POWER_OFF_DELAY(0)
I/USERIAL_LINUX( 1188): USERIAL_Open(): exit
W/msgr(:<default>):l(26580): Exception during service
W/msgr(:<default>):l(26580): java.lang.NullPointerException
W/msgr(:<default>):l(26580): 	at com.facebook.orca.protocol.methods.o.a(FetchSuggestedGroupClustersMethod.java:63)
W/msgr(:<default>):l(26580): 	at com.facebook.orca.protocol.methods.o.a(FetchSuggestedGroupClustersMethod.java:30)
W/msgr(:<default>):l(26580): 	at com.facebook.http.protocol.aa.a(ApiResponseHandler.java:55)
W/msgr(:<default>):l(26580): 	at com.facebook.http.protocol.aa.handleResponse(ApiResponseHandler.java:28)
W/msgr(:<default>):l(26580): 	at com.facebook.http.a.r.a(FbHttpRequestProcessor.java:312)
W/msgr(:<default>):l(26580): 	at com.facebook.http.a.r.a(FbHttpRequestProcessor.java:142)
W/msgr(:<default>):l(26580): 	at com.facebook.http.a.r.b(FbHttpRequestProcessor.java:98)
W/msgr(:<default>):l(26580): 	at com.facebook.http.a.r.a(FbHttpRequestProcessor.java:228)
W/msgr(:<default>):l(26580): 	at com.facebook.http.protocol.bv.a(SingleMethodRunnerImpl.java:438)
W/msgr(:<default>):l(26580): 	at com.facebook.http.protocol.bv.a(SingleMethodRunnerImpl.java:200)
W/msgr(:<default>):l(26580): 	at com.facebook.http.protocol.b.a(AbstractSingleMethodRunner.java:28)
W/msgr(:<default>):l(26580): 	at com.facebook.http.protocol.l.a(ApiMethodRunnerImpl.java:44)
W/msgr(:<default>):l(26580): 	at com.facebook.http.protocol.l.a(ApiMethodRunnerImpl.java:36)
W/msgr(:<default>):l(26580): 	at com.facebook.orca.protocol.a.u(WebServiceHandler.java:265)
W/msgr(:<default>):l(26580): 	at com.facebook.orca.server.a.a(AbstractBlueServiceHandlerFilter.java:77)
W/msgr(:<default>):l(26580): 	at com.facebook.fbservice.service.y.a(FilterChainLink.java:20)
W/msgr(:<default>):l(26580): 	at com.facebook.orca.database.v.u(DbServiceHandler.java:265)
W/msgr(:<default>):l(26580): 	at com.facebook.orca.server.a.a(AbstractBlueServiceHandlerFilter.java:77)
W/msgr(:<default>):l(26580): 	at com.facebook.fbservice.service.y.a(FilterChainLink.java:20)
W/msgr(:<default>):l(26580): 	at com.facebook.orca.f.l.u(CacheServiceHandler.java:483)
W/msgr(:<default>):l(26580): 	at com.facebook.orca.server.a.a(AbstractBlueServiceHandlerFilter.java:77)
W/msgr(:<default>):l(26580): 	at com.facebook.fbservice.service.y.a(FilterChainLink.java:20)
W/msgr(:<default>):l(26580): 	at com.facebook.fbservice.service.l.e(BlueServiceQueue.java:361)
W/msgr(:<default>):l(26580): 	at com.facebook.fbservice.service.l.d(BlueServiceQueue.java:58)
W/msgr(:<default>):l(26580): 	at com.facebook.fbservice.service.o.run(BlueServiceQueue.java:280)
W/msgr(:<default>):l(26580): 	at java.util.concurrent.Executors$RunnableAdapter.call(Executors.java:422)
W/msgr(:<default>):l(26580): 	at java.util.concurrent.FutureTask.run(FutureTask.java:237)
W/msgr(:<default>):l(26580): 	at com.facebook.common.executors.bb.run(ListenableScheduledFutureImpl.java:57)
W/msgr(:<default>):l(26580): 	at android.os.Handler.handleCallback(Handler.java:733)
W/msgr(:<default>):l(26580): 	at android.os.Handler.dispatchMessage(Handler.java:95)
W/msgr(:<default>):l(26580): 	at android.os.Looper.loop(Looper.java:136)
W/msgr(:<default>):l(26580): 	at android.os.HandlerThread.run(HandlerThread.java:61)
I/PowerManagerService(  640): Going to sleep due to screen timeout...
D/SurfaceFlinger(  213): Screen released, type=0 flinger=0xb8966450
D/qdhwcomposer(  213): hwc_blank: Blanking display: 0
D/qdhwcomposer(  213): hwc_blank: Done blanking display: 0
D/SurfaceControl(  640): Excessive delay in blankDisplay() while turning screen off: 164ms
I/QCOM PowerHAL(  640): Got set_interactive hint
D/NfcService( 1188): NFC-C OFF
V/audio_hw_primary(  216): adev_set_parameters: enter: screen_state=off
D/audio_hw_extn(  216): audio_extn_set_anc_parameters: anc_enabled:0
V/audio_hw_primary(  216): adev_set_parameters: exit with code(-2)
D/MobileDataStateTracker(  640): default: Broadcast received: android.intent.action.ANY_DATA_STATE apnType=default
D/MobileDataStateTracker(  640): default: Received state=CONNECTED, old=CONNECTED, reason=(unspecified)
D/NotificationMgr( 1148): updateNetworkSelection()...state = 0 new network 
D/PhoneApp( 1148): mReceiver: ACTION_ANY_DATA_CONNECTION_STATE_CHANGED
D/PhoneApp( 1148): - state: CONNECTED
D/PhoneApp( 1148): - reason: null
E/ConnectivityService(  640): net.tcp.usercfg.default not found in system properties. Using defaults
E/ConnectivityService(  640): net.tcp.delack.default not found in system properties. Using defaults
D/NotificationMgr( 1148): hideDataDisconnectedRoaming()...
D/NotificationMgr( 1148): updateNetworkSelection()...state = 0 new network 
D/MobileDataStateTracker(  640): default: Broadcast received: android.intent.action.ANY_DATA_STATE apnType=default
D/MobileDataStateTracker(  640): default: Received state=CONNECTED, old=CONNECTED, reason=(unspecified)
E/ConnectivityService(  640): net.tcp.usercfg.default not found in system properties. Using defaults
E/ConnectivityService(  640): net.tcp.delack.default not found in system properties. Using defaults
D/PhoneApp( 1148): mReceiver: ACTION_ANY_DATA_CONNECTION_STATE_CHANGED
D/PhoneApp( 1148): - state: CONNECTED
D/PhoneApp( 1148): - reason: null
D/NotificationMgr( 1148): hideDataDisconnectedRoaming()...
W/View    ( 1000): requestLayout() improperly called by android.widget.TextClock{41c88778 V.ED.... ......ID 0,0-131,318 #7f0b0013 app:id/clock1_regular} during layout: running second layout pass
W/View    ( 1000): requestLayout() improperly called by android.widget.TextClock{41f0c810 V.ED.... ......ID 131,0-435,318 #7f0b0014 app:id/clock2_regular} during layout: running second layout pass
W/View    ( 1000): requestLayout() improperly called by android.widget.TextClock{41cbf458 V.ED.... ......ID 147,0-333,49 #7f0b0036 app:id/date} during layout: running second layout pass
W/View    ( 1000): requestLayout() improperly called by android.widget.TextView{41d0d190 V.ED.... ......ID 51,0-229,49 #7f0b0037 app:id/nextAlarm} during layout: running second layout pass
W/View    ( 1000): requestLayout() improperly called by android.widget.TextView{4359fb38 V.ED.... ......ID 0,0-74,49 #7f0b0024 app:id/weather_temp} during layout: running second layout pass
W/View    ( 1000): requestLayout() improperly called by android.widget.TextView{42a57ce0 V.ED.... ......ID 0,49-50,90 #7f0b0027 app:id/weather_condition} during layout: running second layout pass
D/PhoneStatusBar( 1000): disable: < expand icons alerts ticker system_info BACK* HOME* RECENT* CLOCK* search >
D/MobileDataStateTracker(  640): default: Broadcast received: android.intent.action.ANY_DATA_STATE apnType=default
D/MobileDataStateTracker(  640): default: Received state=CONNECTED, old=CONNECTED, reason=(unspecified)
D/NotificationMgr( 1148): updateNetworkSelection()...state = 0 new network 
D/PhoneApp( 1148): mReceiver: ACTION_ANY_DATA_CONNECTION_STATE_CHANGED
D/PhoneApp( 1148): - state: CONNECTED
D/PhoneApp( 1148): - reason: null
D/NotificationMgr( 1148): hideDataDisconnectedRoaming()...
E/ConnectivityService(  640): net.tcp.usercfg.default not found in system properties. Using defaults
E/ConnectivityService(  640): net.tcp.delack.default not found in system properties. Using defaults
D/MobileDataStateTracker(  640): default: Broadcast received: android.intent.action.ANY_DATA_STATE apnType=default
D/NotificationMgr( 1148): updateNetworkSelection()...state = 0 new network 
D/PhoneApp( 1148): mReceiver: ACTION_ANY_DATA_CONNECTION_STATE_CHANGED
D/MobileDataStateTracker(  640): default: Received state=CONNECTED, old=CONNECTED, reason=(unspecified)
E/ConnectivityService(  640): net.tcp.usercfg.default not found in system properties. Using defaults
E/ConnectivityService(  640): net.tcp.delack.default not found in system properties. Using defaults
D/PhoneApp( 1148): - state: CONNECTED
D/PhoneApp( 1148): - reason: null
D/NotificationMgr( 1148): hideDataDisconnectedRoaming()...
D/MobileDataStateTracker(  640): default: Broadcast received: android.intent.action.ANY_DATA_STATE apnType=default
D/NotificationMgr( 1148): updateNetworkSelection()...state = 0 new network 
D/PhoneApp( 1148): mReceiver: ACTION_ANY_DATA_CONNECTION_STATE_CHANGED
D/PhoneApp( 1148): - state: CONNECTED
D/PhoneApp( 1148): - reason: null
D/MobileDataStateTracker(  640): default: Received state=CONNECTED, old=CONNECTED, reason=(unspecified)
E/ConnectivityService(  640): net.tcp.usercfg.default not found in system properties. Using defaults
E/ConnectivityService(  640): net.tcp.delack.default not found in system properties. Using defaults
D/NotificationMgr( 1148): hideDataDisconnectedRoaming()...
D/MobileDataStateTracker(  640): default: Broadcast received: android.intent.action.ANY_DATA_STATE apnType=default
D/MobileDataStateTracker(  640): default: Received state=CONNECTED, old=CONNECTED, reason=(unspecified)
D/NotificationMgr( 1148): updateNetworkSelection()...state = 0 new network 
D/PhoneApp( 1148): mReceiver: ACTION_ANY_DATA_CONNECTION_STATE_CHANGED
D/PhoneApp( 1148): - state: CONNECTED
D/PhoneApp( 1148): - reason: null
D/NotificationMgr( 1148): hideDataDisconnectedRoaming()...
E/ConnectivityService(  640): net.tcp.usercfg.default not found in system properties. Using defaults
E/ConnectivityService(  640): net.tcp.delack.default not found in system properties. Using defaults
W/LocationOracleImpl(23510): Not started: ignore location
D/MobileDataStateTracker(  640): default: setPolicyDataEnable(enabled=true)
D/NotificationMgr( 1148): updateNetworkSelection()...state = 0 new network 
D/PhoneApp( 1148): mReceiver: ACTION_ANY_DATA_CONNECTION_STATE_CHANGED
D/MobileDataStateTracker(  640): default: Broadcast received: android.intent.action.ANY_DATA_STATE apnType=default
D/MobileDataStateTracker(  640): default: Received state=CONNECTED, old=CONNECTED, reason=(unspecified)
E/ConnectivityService(  640): net.tcp.usercfg.default not found in system properties. Using defaults
E/ConnectivityService(  640): net.tcp.delack.default not found in system properties. Using defaults
D/PhoneApp( 1148): - state: CONNECTED
D/PhoneApp( 1148): - reason: null
D/NotificationMgr( 1148): hideDataDisconnectedRoaming()...
D/NotificationMgr( 1148): updateNetworkSelection()...state = 0 new network 
D/PhoneApp( 1148): mReceiver: ACTION_ANY_DATA_CONNECTION_STATE_CHANGED
D/PhoneApp( 1148): - state: CONNECTED
D/PhoneApp( 1148): - reason: null
D/NotificationMgr( 1148): hideDataDisconnectedRoaming()...
D/MobileDataStateTracker(  640): default: Broadcast received: android.intent.action.ANY_DATA_STATE apnType=default
D/MobileDataStateTracker(  640): default: Received state=CONNECTED, old=CONNECTED, reason=(unspecified)
E/ConnectivityService(  640): net.tcp.usercfg.default not found in system properties. Using defaults
E/ConnectivityService(  640): net.tcp.delack.default not found in system properties. Using defaults
D/NotificationMgr( 1148): updateNetworkSelection()...state = 0 new network 
D/PhoneApp( 1148): mReceiver: ACTION_ANY_DATA_CONNECTION_STATE_CHANGED
D/PhoneApp( 1148): - state: CONNECTED
D/PhoneApp( 1148): - reason: null
D/NotificationMgr( 1148): hideDataDisconnectedRoaming()...
D/MobileDataStateTracker(  640): default: Broadcast received: android.intent.action.ANY_DATA_STATE apnType=default
D/MobileDataStateTracker(  640): default: Received state=CONNECTED, old=CONNECTED, reason=(unspecified)
E/ConnectivityService(  640): net.tcp.usercfg.default not found in system properties. Using defaults
E/ConnectivityService(  640): net.tcp.delack.default not found in system properties. Using defaults
D/MobileDataStateTracker(  640): default: Broadcast received: android.intent.action.ANY_DATA_STATE apnType=default
D/NotificationMgr( 1148): updateNetworkSelection()...state = 0 new network 
D/PhoneApp( 1148): mReceiver: ACTION_ANY_DATA_CONNECTION_STATE_CHANGED
D/PhoneApp( 1148): - state: CONNECTED
D/PhoneApp( 1148): - reason: null
D/NotificationMgr( 1148): hideDataDisconnectedRoaming()...
D/MobileDataStateTracker(  640): default: Received state=CONNECTED, old=CONNECTED, reason=(unspecified)
E/ConnectivityService(  640): net.tcp.usercfg.default not found in system properties. Using defaults
E/ConnectivityService(  640): net.tcp.delack.default not found in system properties. Using defaults
D/MobileDataStateTracker(  640): default: Broadcast received: android.intent.action.ANY_DATA_STATE apnType=default
D/MobileDataStateTracker(  640): default: Received state=CONNECTED, old=CONNECTED, reason=(unspecified)
D/NotificationMgr( 1148): updateNetworkSelection()...state = 0 new network 
D/PhoneApp( 1148): mReceiver: ACTION_ANY_DATA_CONNECTION_STATE_CHANGED
D/PhoneApp( 1148): - state: CONNECTED
D/PhoneApp( 1148): - reason: null
D/NotificationMgr( 1148): hideDataDisconnectedRoaming()...
E/ConnectivityService(  640): net.tcp.usercfg.default not found in system properties. Using defaults
E/ConnectivityService(  640): net.tcp.delack.default not found in system properties. Using defaults
D/MobileDataStateTracker(  640): default: Broadcast received: android.intent.action.ANY_DATA_STATE apnType=default
D/MobileDataStateTracker(  640): default: Received state=CONNECTED, old=CONNECTED, reason=(unspecified)
E/ConnectivityService(  640): net.tcp.usercfg.default not found in system properties. Using defaults
E/ConnectivityService(  640): net.tcp.delack.default not found in system properties. Using defaults
D/NotificationMgr( 1148): updateNetworkSelection()...state = 0 new network 
D/PhoneApp( 1148): mReceiver: ACTION_ANY_DATA_CONNECTION_STATE_CHANGED
D/PhoneApp( 1148): - state: CONNECTED
D/PhoneApp( 1148): - reason: null
D/NotificationMgr( 1148): hideDataDisconnectedRoaming()...
D/NotificationMgr( 1148): updateNetworkSelection()...state = 0 new network 
D/MobileDataStateTracker(  640): default: Broadcast received: android.intent.action.ANY_DATA_STATE apnType=default
D/MobileDataStateTracker(  640): default: Received state=CONNECTED, old=CONNECTED, reason=(unspecified)
E/ConnectivityService(  640): net.tcp.usercfg.default not found in system properties. Using defaults
E/ConnectivityService(  640): net.tcp.delack.default not found in system properties. Using defaults
D/PhoneApp( 1148): mReceiver: ACTION_ANY_DATA_CONNECTION_STATE_CHANGED
D/PhoneApp( 1148): - state: CONNECTED
D/PhoneApp( 1148): - reason: null
D/NotificationMgr( 1148): hideDataDisconnectedRoaming()...
D/NotificationMgr( 1148): updateNetworkSelection()...state = 0 new network 
D/MobileDataStateTracker(  640): default: Broadcast received: android.intent.action.ANY_DATA_STATE apnType=default
D/MobileDataStateTracker(  640): default: Received state=CONNECTED, old=CONNECTED, reason=(unspecified)
E/ConnectivityService(  640): net.tcp.usercfg.default not found in system properties. Using defaults
E/ConnectivityService(  640): net.tcp.delack.default not found in system properties. Using defaults
D/PhoneApp( 1148): mReceiver: ACTION_ANY_DATA_CONNECTION_STATE_CHANGED
D/PhoneApp( 1148): - state: CONNECTED
D/PhoneApp( 1148): - reason: null
D/NotificationMgr( 1148): hideDataDisconnectedRoaming()...
D/MobileDataStateTracker(  640): default: Broadcast received: android.intent.action.ANY_DATA_STATE apnType=default
D/MobileDataStateTracker(  640): default: Received state=CONNECTED, old=CONNECTED, reason=(unspecified)
E/ConnectivityService(  640): net.tcp.usercfg.default not found in system properties. Using defaults
E/ConnectivityService(  640): net.tcp.delack.default not found in system properties. Using defaults
D/NotificationMgr( 1148): updateNetworkSelection()...state = 0 new network 
D/PhoneApp( 1148): mReceiver: ACTION_ANY_DATA_CONNECTION_STATE_CHANGED
D/PhoneApp( 1148): - state: CONNECTED
D/PhoneApp( 1148): - reason: null
D/NotificationMgr( 1148): hideDataDisconnectedRoaming()...
D/MobileDataStateTracker(  640): default: Broadcast received: android.intent.action.ANY_DATA_STATE apnType=default
D/MobileDataStateTracker(  640): default: Received state=CONNECTED, old=CONNECTED, reason=(unspecified)
E/ConnectivityService(  640): net.tcp.usercfg.default not found in system properties. Using defaults
E/ConnectivityService(  640): net.tcp.delack.default not found in system properties. Using defaults
D/NotificationMgr( 1148): updateNetworkSelection()...state = 0 new network 
D/PhoneApp( 1148): mReceiver: ACTION_ANY_DATA_CONNECTION_STATE_CHANGED
D/PhoneApp( 1148): - state: CONNECTED
D/PhoneApp( 1148): - reason: null
D/NotificationMgr( 1148): hideDataDisconnectedRoaming()...
D/MobileDataStateTracker(  640): default: setPolicyDataEnable(enabled=true)
D/MobileDataStateTracker(  640): default: Broadcast received: android.intent.action.ANY_DATA_STATE apnType=default
D/MobileDataStateTracker(  640): default: Received state=CONNECTED, old=CONNECTED, reason=(unspecified)
D/NotificationMgr( 1148): updateNetworkSelection()...state = 0 new network 
D/PhoneApp( 1148): mReceiver: ACTION_ANY_DATA_CONNECTION_STATE_CHANGED
D/PhoneApp( 1148): - state: CONNECTED
D/PhoneApp( 1148): - reason: null
D/NotificationMgr( 1148): hideDataDisconnectedRoaming()...
E/ConnectivityService(  640): net.tcp.usercfg.default not found in system properties. Using defaults
E/ConnectivityService(  640): net.tcp.delack.default not found in system properties. Using defaults
D/MobileDataStateTracker(  640): default: Broadcast received: android.intent.action.ANY_DATA_STATE apnType=default
D/NotificationMgr( 1148): updateNetworkSelection()...state = 0 new network 
D/PhoneApp( 1148): mReceiver: ACTION_ANY_DATA_CONNECTION_STATE_CHANGED
D/PhoneApp( 1148): - state: CONNECTED
D/PhoneApp( 1148): - reason: null
D/MobileDataStateTracker(  640): default: Received state=CONNECTED, old=CONNECTED, reason=(unspecified)
E/ConnectivityService(  640): net.tcp.usercfg.default not found in system properties. Using defaults
E/ConnectivityService(  640): net.tcp.delack.default not found in system properties. Using defaults
D/NotificationMgr( 1148): hideDataDisconnectedRoaming()...
D/MobileDataStateTracker(  640): default: Broadcast received: android.intent.action.ANY_DATA_STATE apnType=default
D/MobileDataStateTracker(  640): default: Received state=CONNECTED, old=CONNECTED, reason=(unspecified)
D/NotificationMgr( 1148): updateNetworkSelection()...state = 0 new network 
D/PhoneApp( 1148): mReceiver: ACTION_ANY_DATA_CONNECTION_STATE_CHANGED
D/PhoneApp( 1148): - state: CONNECTED
D/PhoneApp( 1148): - reason: null
D/NotificationMgr( 1148): hideDataDisconnectedRoaming()...
E/ConnectivityService(  640): net.tcp.usercfg.default not found in system properties. Using defaults
E/ConnectivityService(  640): net.tcp.delack.default not found in system properties. Using defaults
D/MobileDataStateTracker(  640): default: Broadcast received: android.intent.action.ANY_DATA_STATE apnType=default
D/NotificationMgr( 1148): updateNetworkSelection()...state = 0 new network 
D/PhoneApp( 1148): mReceiver: ACTION_ANY_DATA_CONNECTION_STATE_CHANGED
D/PhoneApp( 1148): - state: CONNECTED
D/PhoneApp( 1148): - reason: null
D/NotificationMgr( 1148): hideDataDisconnectedRoaming()...
D/MobileDataStateTracker(  640): default: Received state=CONNECTED, old=CONNECTED, reason=(unspecified)
E/ConnectivityService(  640): net.tcp.usercfg.default not found in system properties. Using defaults
E/ConnectivityService(  640): net.tcp.delack.default not found in system properties. Using defaults
D/MobileDataStateTracker(  640): default: setPolicyDataEnable(enabled=true)
D/MobileDataStateTracker(  640): default: Broadcast received: android.intent.action.ANY_DATA_STATE apnType=default
D/MobileDataStateTracker(  640): default: Received state=CONNECTED, old=CONNECTED, reason=(unspecified)
D/NotificationMgr( 1148): updateNetworkSelection()...state = 0 new network 
D/PhoneApp( 1148): mReceiver: ACTION_ANY_DATA_CONNECTION_STATE_CHANGED
D/PhoneApp( 1148): - state: CONNECTED
D/PhoneApp( 1148): - reason: null
D/NotificationMgr( 1148): hideDataDisconnectedRoaming()...
E/ConnectivityService(  640): net.tcp.usercfg.default not found in system properties. Using defaults
E/ConnectivityService(  640): net.tcp.delack.default not found in system properties. Using defaults
D/MobileDataStateTracker(  640): default: Broadcast received: android.intent.action.ANY_DATA_STATE apnType=default
D/MobileDataStateTracker(  640): default: Received state=CONNECTED, old=CONNECTED, reason=(unspecified)
D/NotificationMgr( 1148): updateNetworkSelection()...state = 0 new network 
D/PhoneApp( 1148): mReceiver: ACTION_ANY_DATA_CONNECTION_STATE_CHANGED
D/PhoneApp( 1148): - state: CONNECTED
D/PhoneApp( 1148): - reason: null
D/NotificationMgr( 1148): hideDataDisconnectedRoaming()...
E/ConnectivityService(  640): net.tcp.usercfg.default not found in system properties. Using defaults
E/ConnectivityService(  640): net.tcp.delack.default not found in system properties. Using defaults
D/NotificationMgr( 1148): updateNetworkSelection()...state = 0 new network 
D/PhoneApp( 1148): mReceiver: ACTION_ANY_DATA_CONNECTION_STATE_CHANGED
D/MobileDataStateTracker(  640): default: Broadcast received: android.intent.action.ANY_DATA_STATE apnType=default
D/MobileDataStateTracker(  640): default: Received state=CONNECTED, old=CONNECTED, reason=(unspecified)
E/ConnectivityService(  640): net.tcp.usercfg.default not found in system properties. Using defaults
E/ConnectivityService(  640): net.tcp.delack.default not found in system properties. Using defaults
D/PhoneApp( 1148): - state: CONNECTED
D/PhoneApp( 1148): - reason: null
D/NotificationMgr( 1148): hideDataDisconnectedRoaming()...
D/MobileDataStateTracker(  640): default: Broadcast received: android.intent.action.ANY_DATA_STATE apnType=default
D/MobileDataStateTracker(  640): default: Received state=CONNECTED, old=CONNECTED, reason=(unspecified)
E/ConnectivityService(  640): net.tcp.usercfg.default not found in system properties. Using defaults
E/ConnectivityService(  640): net.tcp.delack.default not found in system properties. Using defaults
D/NotificationMgr( 1148): updateNetworkSelection()...state = 0 new network 
D/PhoneApp( 1148): mReceiver: ACTION_ANY_DATA_CONNECTION_STATE_CHANGED
D/PhoneApp( 1148): - state: CONNECTED
D/PhoneApp( 1148): - reason: null
D/NotificationMgr( 1148): hideDataDisconnectedRoaming()...
D/MobileDataStateTracker(  640): default: Broadcast received: android.intent.action.ANY_DATA_STATE apnType=default
D/MobileDataStateTracker(  640): default: Received state=CONNECTED, old=CONNECTED, reason=(unspecified)
D/NotificationMgr( 1148): updateNetworkSelection()...state = 0 new network 
D/PhoneApp( 1148): mReceiver: ACTION_ANY_DATA_CONNECTION_STATE_CHANGED
D/PhoneApp( 1148): - state: CONNECTED
D/PhoneApp( 1148): - reason: null
D/NotificationMgr( 1148): hideDataDisconnectedRoaming()...
E/ConnectivityService(  640): net.tcp.usercfg.default not found in system properties. Using defaults
E/ConnectivityService(  640): net.tcp.delack.default not found in system properties. Using defaults
D/MobileDataStateTracker(  640): default: Broadcast received: android.intent.action.ANY_DATA_STATE apnType=default
D/NotificationMgr( 1148): updateNetworkSelection()...state = 0 new network 
D/PhoneApp( 1148): mReceiver: ACTION_ANY_DATA_CONNECTION_STATE_CHANGED
D/PhoneApp( 1148): - state: CONNECTED
D/PhoneApp( 1148): - reason: null
D/NotificationMgr( 1148): hideDataDisconnectedRoaming()...
D/MobileDataStateTracker(  640): default: Received state=CONNECTED, old=CONNECTED, reason=(unspecified)
E/ConnectivityService(  640): net.tcp.usercfg.default not found in system properties. Using defaults
E/ConnectivityService(  640): net.tcp.delack.default not found in system properties. Using defaults
W/msgr(:<default>):l(26580): Exception during service
W/msgr(:<default>):l(26580): java.lang.NullPointerException
W/msgr(:<default>):l(26580): 	at com.facebook.orca.protocol.methods.o.a(FetchSuggestedGroupClustersMethod.java:63)
W/msgr(:<default>):l(26580): 	at com.facebook.orca.protocol.methods.o.a(FetchSuggestedGroupClustersMethod.java:30)
W/msgr(:<default>):l(26580): 	at com.facebook.http.protocol.aa.a(ApiResponseHandler.java:55)
W/msgr(:<default>):l(26580): 	at com.facebook.http.protocol.aa.handleResponse(ApiResponseHandler.java:28)
W/msgr(:<default>):l(26580): 	at com.facebook.http.a.r.a(FbHttpRequestProcessor.java:312)
W/msgr(:<default>):l(26580): 	at com.facebook.http.a.r.a(FbHttpRequestProcessor.java:142)
W/msgr(:<default>):l(26580): 	at com.facebook.http.a.r.b(FbHttpRequestProcessor.java:98)
W/msgr(:<default>):l(26580): 	at com.facebook.http.a.r.a(FbHttpRequestProcessor.java:228)
W/msgr(:<default>):l(26580): 	at com.facebook.http.protocol.bv.a(SingleMethodRunnerImpl.java:438)
W/msgr(:<default>):l(26580): 	at com.facebook.http.protocol.bv.a(SingleMethodRunnerImpl.java:200)
W/msgr(:<default>):l(26580): 	at com.facebook.http.protocol.b.a(AbstractSingleMethodRunner.java:28)
W/msgr(:<default>):l(26580): 	at com.facebook.http.protocol.l.a(ApiMethodRunnerImpl.java:44)
W/msgr(:<default>):l(26580): 	at com.facebook.http.protocol.l.a(ApiMethodRunnerImpl.java:36)
W/msgr(:<default>):l(26580): 	at com.facebook.orca.protocol.a.u(WebServiceHandler.java:265)
W/msgr(:<default>):l(26580): 	at com.facebook.orca.server.a.a(AbstractBlueServiceHandlerFilter.java:77)
W/msgr(:<default>):l(26580): 	at com.facebook.fbservice.service.y.a(FilterChainLink.java:20)
W/msgr(:<default>):l(26580): 	at com.facebook.orca.database.v.u(DbServiceHandler.java:265)
W/msgr(:<default>):l(26580): 	at com.facebook.orca.server.a.a(AbstractBlueServiceHandlerFilter.java:77)
W/msgr(:<default>):l(26580): 	at com.facebook.fbservice.service.y.a(FilterChainLink.java:20)
W/msgr(:<default>):l(26580): 	at com.facebook.orca.f.l.u(CacheServiceHandler.java:483)
W/msgr(:<default>):l(26580): 	at com.facebook.orca.server.a.a(AbstractBlueServiceHandlerFilter.java:77)
W/msgr(:<default>):l(26580): 	at com.facebook.fbservice.service.y.a(FilterChainLink.java:20)
W/msgr(:<default>):l(26580): 	at com.facebook.fbservice.service.l.e(BlueServiceQueue.java:361)
W/msgr(:<default>):l(26580): 	at com.facebook.fbservice.service.l.d(BlueServiceQueue.java:58)
W/msgr(:<default>):l(26580): 	at com.facebook.fbservice.service.o.run(BlueServiceQueue.java:280)
W/msgr(:<default>):l(26580): 	at java.util.concurrent.Executors$RunnableAdapter.call(Executors.java:422)
W/msgr(:<default>):l(26580): 	at java.util.concurrent.FutureTask.run(FutureTask.java:237)
W/msgr(:<default>):l(26580): 	at com.facebook.common.executors.bb.run(ListenableScheduledFutureImpl.java:57)
W/msgr(:<default>):l(26580): 	at android.os.Handler.handleCallback(Handler.java:733)
W/msgr(:<default>):l(26580): 	at android.os.Handler.dispatchMessage(Handler.java:95)
W/msgr(:<default>):l(26580): 	at android.os.Looper.loop(Looper.java:136)
W/msgr(:<default>):l(26580): 	at android.os.HandlerThread.run(HandlerThread.java:61)
D/MobileDataStateTracker(  640): default: Broadcast received: android.intent.action.ANY_DATA_STATE apnType=default
D/MobileDataStateTracker(  640): default: Received state=CONNECTED, old=CONNECTED, reason=(unspecified)
D/NotificationMgr( 1148): updateNetworkSelection()...state = 0 new network 
D/PhoneApp( 1148): mReceiver: ACTION_ANY_DATA_CONNECTION_STATE_CHANGED
D/PhoneApp( 1148): - state: CONNECTED
D/PhoneApp( 1148): - reason: null
D/NotificationMgr( 1148): hideDataDisconnectedRoaming()...
E/ConnectivityService(  640): net.tcp.usercfg.default not found in system properties. Using defaults
E/ConnectivityService(  640): net.tcp.delack.default not found in system properties. Using defaults
D/MobileDataStateTracker(  640): default: Broadcast received: android.intent.action.ANY_DATA_STATE apnType=default
D/NotificationMgr( 1148): updateNetworkSelection()...state = 0 new network 
D/MobileDataStateTracker(  640): default: Received state=CONNECTED, old=CONNECTED, reason=(unspecified)
E/ConnectivityService(  640): net.tcp.usercfg.default not found in system properties. Using defaults
E/ConnectivityService(  640): net.tcp.delack.default not found in system properties. Using defaults
D/PhoneApp( 1148): mReceiver: ACTION_ANY_DATA_CONNECTION_STATE_CHANGED
D/PhoneApp( 1148): - state: CONNECTED
D/PhoneApp( 1148): - reason: null
D/NotificationMgr( 1148): hideDataDisconnectedRoaming()...
D/MobileDataStateTracker(  640): default: Broadcast received: android.intent.action.ANY_DATA_STATE apnType=default
D/MobileDataStateTracker(  640): default: Received state=CONNECTED, old=CONNECTED, reason=(unspecified)
E/ConnectivityService(  640): net.tcp.usercfg.default not found in system properties. Using defaults
E/ConnectivityService(  640): net.tcp.delack.default not found in system properties. Using defaults
D/NotificationMgr( 1148): updateNetworkSelection()...state = 0 new network 
D/PhoneApp( 1148): mReceiver: ACTION_ANY_DATA_CONNECTION_STATE_CHANGED
D/PhoneApp( 1148): - state: CONNECTED
D/PhoneApp( 1148): - reason: null
D/NotificationMgr( 1148): hideDataDisconnectedRoaming()...
D/NotificationMgr( 1148): updateNetworkSelection()...state = 0 new network 
D/PhoneApp( 1148): mReceiver: ACTION_ANY_DATA_CONNECTION_STATE_CHANGED
D/PhoneApp( 1148): - state: CONNECTED
D/PhoneApp( 1148): - reason: null
D/NotificationMgr( 1148): hideDataDisconnectedRoaming()...
D/MobileDataStateTracker(  640): default: Broadcast received: android.intent.action.ANY_DATA_STATE apnType=default
D/MobileDataStateTracker(  640): default: Received state=CONNECTED, old=CONNECTED, reason=(unspecified)
E/ConnectivityService(  640): net.tcp.usercfg.default not found in system properties. Using defaults
E/ConnectivityService(  640): net.tcp.delack.default not found in system properties. Using defaults
D/MobileDataStateTracker(  640): default: Broadcast received: android.intent.action.ANY_DATA_STATE apnType=default
D/MobileDataStateTracker(  640): default: Received state=CONNECTED, old=CONNECTED, reason=(unspecified)
D/NotificationMgr( 1148): updateNetworkSelection()...state = 0 new network 
D/PhoneApp( 1148): mReceiver: ACTION_ANY_DATA_CONNECTION_STATE_CHANGED
D/PhoneApp( 1148): - state: CONNECTED
D/PhoneApp( 1148): - reason: null
D/NotificationMgr( 1148): hideDataDisconnectedRoaming()...
E/ConnectivityService(  640): net.tcp.usercfg.default not found in system properties. Using defaults
E/ConnectivityService(  640): net.tcp.delack.default not found in system properties. Using defaults
D/NotificationMgr( 1148): updateNetworkSelection()...state = 0 new network 
D/MobileDataStateTracker(  640): default: Broadcast received: android.intent.action.ANY_DATA_STATE apnType=default
D/MobileDataStateTracker(  640): default: Received state=CONNECTED, old=CONNECTED, reason=(unspecified)
E/ConnectivityService(  640): net.tcp.usercfg.default not found in system properties. Using defaults
E/ConnectivityService(  640): net.tcp.delack.default not found in system properties. Using defaults
D/PhoneApp( 1148): mReceiver: ACTION_ANY_DATA_CONNECTION_STATE_CHANGED
D/PhoneApp( 1148): - state: CONNECTED
D/PhoneApp( 1148): - reason: null
D/NotificationMgr( 1148): hideDataDisconnectedRoaming()...
D/MobileDataStateTracker(  640): default: Broadcast received: android.intent.action.ANY_DATA_STATE apnType=default
D/NotificationMgr( 1148): updateNetworkSelection()...state = 0 new network 
D/PhoneApp( 1148): mReceiver: ACTION_ANY_DATA_CONNECTION_STATE_CHANGED
D/PhoneApp( 1148): - state: CONNECTED
D/PhoneApp( 1148): - reason: null
D/MobileDataStateTracker(  640): default: Received state=CONNECTED, old=CONNECTED, reason=(unspecified)
E/ConnectivityService(  640): net.tcp.usercfg.default not found in system properties. Using defaults
E/ConnectivityService(  640): net.tcp.delack.default not found in system properties. Using defaults
D/NotificationMgr( 1148): hideDataDisconnectedRoaming()...
D/MobileDataStateTracker(  640): default: Broadcast received: android.intent.action.ANY_DATA_STATE apnType=default
D/MobileDataStateTracker(  640): default: Received state=CONNECTED, old=CONNECTED, reason=(unspecified)
D/NotificationMgr( 1148): updateNetworkSelection()...state = 0 new network 
D/PhoneApp( 1148): mReceiver: ACTION_ANY_DATA_CONNECTION_STATE_CHANGED
D/PhoneApp( 1148): - state: CONNECTED
D/PhoneApp( 1148): - reason: null
D/NotificationMgr( 1148): hideDataDisconnectedRoaming()...
E/ConnectivityService(  640): net.tcp.usercfg.default not found in system properties. Using defaults
E/ConnectivityService(  640): net.tcp.delack.default not found in system properties. Using defaults
D/NotificationMgr( 1148): updateNetworkSelection()...state = 0 new network 
D/PhoneApp( 1148): mReceiver: ACTION_ANY_DATA_CONNECTION_STATE_CHANGED
D/PhoneApp( 1148): - state: CONNECTED
D/PhoneApp( 1148): - reason: null
D/MobileDataStateTracker(  640): default: Broadcast received: android.intent.action.ANY_DATA_STATE apnType=default
D/MobileDataStateTracker(  640): default: Received state=CONNECTED, old=CONNECTED, reason=(unspecified)
E/ConnectivityService(  640): net.tcp.usercfg.default not found in system properties. Using defaults
E/ConnectivityService(  640): net.tcp.delack.default not found in system properties. Using defaults
D/NotificationMgr( 1148): hideDataDisconnectedRoaming()...
D/NotificationMgr( 1148): updateNetworkSelection()...state = 0 new network 
D/MobileDataStateTracker(  640): default: Broadcast received: android.intent.action.ANY_DATA_STATE apnType=default
D/MobileDataStateTracker(  640): default: Received state=CONNECTED, old=CONNECTED, reason=(unspecified)
E/ConnectivityService(  640): net.tcp.usercfg.default not found in system properties. Using defaults
E/ConnectivityService(  640): net.tcp.delack.default not found in system properties. Using defaults
D/PhoneApp( 1148): mReceiver: ACTION_ANY_DATA_CONNECTION_STATE_CHANGED
D/PhoneApp( 1148): - state: CONNECTED
D/PhoneApp( 1148): - reason: null
D/NotificationMgr( 1148): hideDataDisconnectedRoaming()...
D/MobileDataStateTracker(  640): default: Broadcast received: android.intent.action.ANY_DATA_STATE apnType=default
D/MobileDataStateTracker(  640): default: Received state=CONNECTED, old=CONNECTED, reason=(unspecified)
E/ConnectivityService(  640): net.tcp.usercfg.default not found in system properties. Using defaults
E/ConnectivityService(  640): net.tcp.delack.default not found in system properties. Using defaults
D/NotificationMgr( 1148): updateNetworkSelection()...state = 0 new network 
D/PhoneApp( 1148): mReceiver: ACTION_ANY_DATA_CONNECTION_STATE_CHANGED
D/PhoneApp( 1148): - state: CONNECTED
D/PhoneApp( 1148): - reason: null
D/NotificationMgr( 1148): hideDataDisconnectedRoaming()...
D/NotificationMgr( 1148): updateNetworkSelection()...state = 0 new network 
D/MobileDataStateTracker(  640): default: Broadcast received: android.intent.action.ANY_DATA_STATE apnType=default
D/MobileDataStateTracker(  640): default: Received state=CONNECTED, old=CONNECTED, reason=(unspecified)
E/ConnectivityService(  640): net.tcp.usercfg.default not found in system properties. Using defaults
