I/QCOM PowerHAL(  640): Got set_interactive hint
I/Choreographer( 1000): Skipped 30 frames!  The application may be doing too much work on its main thread.
W/View    ( 1000): requestLayout() improperly called by android.widget.TextClock{42a496b0 V.ED.... ......ID 0,0-131,318 #7f0b0013 app:id/clock1_regular} during layout: running second layout pass
W/View    ( 1000): requestLayout() improperly called by android.widget.TextClock{42a49cd8 V.ED.... ......ID 131,0-435,318 #7f0b0014 app:id/clock2_regular} during layout: running second layout pass
W/View    ( 1000): requestLayout() improperly called by android.widget.TextClock{42a4bd48 V.ED.... ......ID 147,0-333,49 #7f0b0036 app:id/date} during layout: running second layout pass
W/View    ( 1000): requestLayout() improperly called by android.widget.TextView{42d48348 V.ED.... ......ID 51,0-229,49 #7f0b0037 app:id/nextAlarm} during layout: running second layout pass
W/View    ( 1000): requestLayout() improperly called by android.widget.TextView{42d48c80 V.ED.... ......ID 0,0-74,49 #7f0b0024 app:id/weather_temp} during layout: running second layout pass
W/View    ( 1000): requestLayout() improperly called by android.widget.TextView{42d491a8 V.ED.... ......ID 0,49-50,90 #7f0b0027 app:id/weather_condition} during layout: running second layout pass
V/audio_hw_primary(  216): adev_set_parameters: enter: screen_state=off
D/audio_hw_extn(  216): audio_extn_set_anc_parameters: anc_enabled:0
V/audio_hw_primary(  216): adev_set_parameters: exit with code(-2)
D/NotificationMgr( 1148): updateNetworkSelection()...state = 0 new network 
D/PhoneApp( 1148): mReceiver: ACTION_ANY_DATA_CONNECTION_STATE_CHANGED
D/MobileDataStateTracker(  640): default: Broadcast received: android.intent.action.ANY_DATA_STATE apnType=default
D/MobileDataStateTracker(  640): default: Received state=CONNECTED, old=CONNECTED, reason=(unspecified)
E/ConnectivityService(  640): net.tcp.usercfg.default not found in system properties. Using defaults
E/ConnectivityService(  640): net.tcp.delack.default not found in system properties. Using defaults
D/PhoneApp( 1148): - state: CONNECTED
D/PhoneApp( 1148): - reason: null
D/NotificationMgr( 1148): hideDataDisconnectedRoaming()...
D/NotificationMgr( 1148): updateNetworkSelection()...state = 0 new network 
D/MobileDataStateTracker(  640): default: Broadcast received: android.intent.action.ANY_DATA_STATE apnType=default
D/MobileDataStateTracker(  640): default: Received state=CONNECTED, old=CONNECTED, reason=(unspecified)
E/ConnectivityService(  640): net.tcp.usercfg.default not found in system properties. Using defaults
E/ConnectivityService(  640): net.tcp.delack.default not found in system properties. Using defaults
D/PhoneApp( 1148): mReceiver: ACTION_ANY_DATA_CONNECTION_STATE_CHANGED
D/PhoneApp( 1148): - state: CONNECTED
D/PhoneApp( 1148): - reason: null
D/NotificationMgr( 1148): hideDataDisconnectedRoaming()...
D/MobileDataStateTracker(  640): default: Broadcast received: android.intent.action.ANY_DATA_STATE apnType=default
D/MobileDataStateTracker(  640): default: Received state=CONNECTED, old=CONNECTED, reason=(unspecified)
D/NotificationMgr( 1148): updateNetworkSelection()...state = 0 new network 
D/PhoneApp( 1148): mReceiver: ACTION_ANY_DATA_CONNECTION_STATE_CHANGED
D/PhoneApp( 1148): - state: CONNECTED
D/PhoneApp( 1148): - reason: null
D/NotificationMgr( 1148): hideDataDisconnectedRoaming()...
E/ConnectivityService(  640): net.tcp.usercfg.default not found in system properties. Using defaults
E/ConnectivityService(  640): net.tcp.delack.default not found in system properties. Using defaults
D/MobileDataStateTracker(  640): default: Broadcast received: android.intent.action.ANY_DATA_STATE apnType=default
D/MobileDataStateTracker(  640): default: Received state=CONNECTED, old=CONNECTED, reason=(unspecified)
D/NotificationMgr( 1148): updateNetworkSelection()...state = 0 new network 
D/PhoneApp( 1148): mReceiver: ACTION_ANY_DATA_CONNECTION_STATE_CHANGED
D/PhoneApp( 1148): - state: CONNECTED
D/PhoneApp( 1148): - reason: null
D/NotificationMgr( 1148): hideDataDisconnectedRoaming()...
E/ConnectivityService(  640): net.tcp.usercfg.default not found in system properties. Using defaults
E/ConnectivityService(  640): net.tcp.delack.default not found in system properties. Using defaults
W/msgr(:<default>):l(26580): Exception during service
W/msgr(:<default>):l(26580): java.lang.NullPointerException
W/msgr(:<default>):l(26580): 	at com.facebook.orca.protocol.methods.o.a(FetchSuggestedGroupClustersMethod.java:63)
W/msgr(:<default>):l(26580): 	at com.facebook.orca.protocol.methods.o.a(FetchSuggestedGroupClustersMethod.java:30)
W/msgr(:<default>):l(26580): 	at com.facebook.http.protocol.aa.a(ApiResponseHandler.java:55)
W/msgr(:<default>):l(26580): 	at com.facebook.http.protocol.aa.handleResponse(ApiResponseHandler.java:28)
W/msgr(:<default>):l(26580): 	at com.facebook.http.a.r.a(FbHttpRequestProcessor.java:312)
W/msgr(:<default>):l(26580): 	at com.facebook.http.a.r.a(FbHttpRequestProcessor.java:142)
W/msgr(:<default>):l(26580): 	at com.facebook.http.a.r.b(FbHttpRequestProcessor.java:98)
W/msgr(:<default>):l(26580): 	at com.facebook.http.a.r.a(FbHttpRequestProcessor.java:228)
W/msgr(:<default>):l(26580): 	at com.facebook.http.protocol.bv.a(SingleMethodRunnerImpl.java:438)
W/msgr(:<default>):l(26580): 	at com.facebook.http.protocol.bv.a(SingleMethodRunnerImpl.java:200)
W/msgr(:<default>):l(26580): 	at com.facebook.http.protocol.b.a(AbstractSingleMethodRunner.java:28)
W/msgr(:<default>):l(26580): 	at com.facebook.http.protocol.l.a(ApiMethodRunnerImpl.java:44)
W/msgr(:<default>):l(26580): 	at com.facebook.http.protocol.l.a(ApiMethodRunnerImpl.java:36)
W/msgr(:<default>):l(26580): 	at com.facebook.orca.protocol.a.u(WebServiceHandler.java:265)
W/msgr(:<default>):l(26580): 	at com.facebook.orca.server.a.a(AbstractBlueServiceHandlerFilter.java:77)
W/msgr(:<default>):l(26580): 	at com.facebook.fbservice.service.y.a(FilterChainLink.java:20)
W/msgr(:<default>):l(26580): 	at com.facebook.orca.database.v.u(DbServiceHandler.java:265)
W/msgr(:<default>):l(26580): 	at com.facebook.orca.server.a.a(AbstractBlueServiceHandlerFilter.java:77)
W/msgr(:<default>):l(26580): 	at com.facebook.fbservice.service.y.a(FilterChainLink.java:20)
W/msgr(:<default>):l(26580): 	at com.facebook.orca.f.l.u(CacheServiceHandler.java:483)
W/msgr(:<default>):l(26580): 	at com.facebook.orca.server.a.a(AbstractBlueServiceHandlerFilter.java:77)
W/msgr(:<default>):l(26580): 	at com.facebook.fbservice.service.y.a(FilterChainLink.java:20)
W/msgr(:<default>):l(26580): 	at com.facebook.fbservice.service.l.e(BlueServiceQueue.java:361)
W/msgr(:<default>):l(26580): 	at com.facebook.fbservice.service.l.d(BlueServiceQueue.java:58)
W/msgr(:<default>):l(26580): 	at com.facebook.fbservice.service.o.run(BlueServiceQueue.java:280)
W/msgr(:<default>):l(26580): 	at java.util.concurrent.Executors$RunnableAdapter.call(Executors.java:422)
W/msgr(:<default>):l(26580): 	at java.util.concurrent.FutureTask.run(FutureTask.java:237)
W/msgr(:<default>):l(26580): 	at com.facebook.common.executors.bb.run(ListenableScheduledFutureImpl.java:57)
W/msgr(:<default>):l(26580): 	at android.os.Handler.handleCallback(Handler.java:733)
W/msgr(:<default>):l(26580): 	at android.os.Handler.dispatchMessage(Handler.java:95)
W/msgr(:<default>):l(26580): 	at android.os.Looper.loop(Looper.java:136)
W/msgr(:<default>):l(26580): 	at android.os.HandlerThread.run(HandlerThread.java:61)
D/MobileDataStateTracker(  640): default: Broadcast received: android.intent.action.ANY_DATA_STATE apnType=default
D/MobileDataStateTracker(  640): default: Received state=CONNECTED, old=CONNECTED, reason=(unspecified)
D/NotificationMgr( 1148): updateNetworkSelection()...state = 0 new network 
D/PhoneApp( 1148): mReceiver: ACTION_ANY_DATA_CONNECTION_STATE_CHANGED
D/PhoneApp( 1148): - state: CONNECTED
D/PhoneApp( 1148): - reason: null
D/NotificationMgr( 1148): hideDataDisconnectedRoaming()...
E/ConnectivityService(  640): net.tcp.usercfg.default not found in system properties. Using defaults
E/ConnectivityService(  640): net.tcp.delack.default not found in system properties. Using defaults
D/MobileDataStateTracker(  640): default: Broadcast received: android.intent.action.ANY_DATA_STATE apnType=default
D/MobileDataStateTracker(  640): default: Received state=CONNECTED, old=CONNECTED, reason=(unspecified)
D/NotificationMgr( 1148): updateNetworkSelection()...state = 0 new network 
D/PhoneApp( 1148): mReceiver: ACTION_ANY_DATA_CONNECTION_STATE_CHANGED
D/PhoneApp( 1148): - state: CONNECTED
D/PhoneApp( 1148): - reason: null
D/NotificationMgr( 1148): hideDataDisconnectedRoaming()...
E/ConnectivityService(  640): net.tcp.usercfg.default not found in system properties. Using defaults
E/ConnectivityService(  640): net.tcp.delack.default not found in system properties. Using defaults
D/MobileDataStateTracker(  640): default: Broadcast received: android.intent.action.ANY_DATA_STATE apnType=default
D/MobileDataStateTracker(  640): default: Received state=CONNECTED, old=CONNECTED, reason=(unspecified)
E/ConnectivityService(  640): net.tcp.usercfg.default not found in system properties. Using defaults
E/ConnectivityService(  640): net.tcp.delack.default not found in system properties. Using defaults
D/NotificationMgr( 1148): updateNetworkSelection()...state = 0 new network 
D/PhoneApp( 1148): mReceiver: ACTION_ANY_DATA_CONNECTION_STATE_CHANGED
D/PhoneApp( 1148): - state: CONNECTED
D/PhoneApp( 1148): - reason: null
D/NotificationMgr( 1148): hideDataDisconnectedRoaming()...
D/MobileDataStateTracker(  640): default: Broadcast received: android.intent.action.ANY_DATA_STATE apnType=default
D/MobileDataStateTracker(  640): default: Received state=CONNECTED, old=CONNECTED, reason=(unspecified)
D/NotificationMgr( 1148): updateNetworkSelection()...state = 0 new network 
D/PhoneApp( 1148): mReceiver: ACTION_ANY_DATA_CONNECTION_STATE_CHANGED
D/PhoneApp( 1148): - state: CONNECTED
D/PhoneApp( 1148): - reason: null
D/NotificationMgr( 1148): hideDataDisconnectedRoaming()...
E/ConnectivityService(  640): net.tcp.usercfg.default not found in system properties. Using defaults
E/ConnectivityService(  640): net.tcp.delack.default not found in system properties. Using defaults
D/MobileDataStateTracker(  640): default: Broadcast received: android.intent.action.ANY_DATA_STATE apnType=default
D/MobileDataStateTracker(  640): default: Received state=CONNECTED, old=CONNECTED, reason=(unspecified)
D/NotificationMgr( 1148): updateNetworkSelection()...state = 0 new network 
D/PhoneApp( 1148): mReceiver: ACTION_ANY_DATA_CONNECTION_STATE_CHANGED
D/PhoneApp( 1148): - state: CONNECTED
D/PhoneApp( 1148): - reason: null
D/NotificationMgr( 1148): hideDataDisconnectedRoaming()...
E/ConnectivityService(  640): net.tcp.usercfg.default not found in system properties. Using defaults
E/ConnectivityService(  640): net.tcp.delack.default not found in system properties. Using defaults
D/MobileDataStateTracker(  640): default: Broadcast received: android.intent.action.ANY_DATA_STATE apnType=default
D/MobileDataStateTracker(  640): default: Received state=CONNECTED, old=CONNECTED, reason=(unspecified)
D/NotificationMgr( 1148): updateNetworkSelection()...state = 0 new network 
D/PhoneApp( 1148): mReceiver: ACTION_ANY_DATA_CONNECTION_STATE_CHANGED
D/PhoneApp( 1148): - state: CONNECTED
D/PhoneApp( 1148): - reason: null
D/NotificationMgr( 1148): hideDataDisconnectedRoaming()...
E/ConnectivityService(  640): net.tcp.usercfg.default not found in system properties. Using defaults
E/ConnectivityService(  640): net.tcp.delack.default not found in system properties. Using defaults
D/MobileDataStateTracker(  640): default: Broadcast received: android.intent.action.ANY_DATA_STATE apnType=default
D/MobileDataStateTracker(  640): default: Received state=CONNECTED, old=CONNECTED, reason=(unspecified)
E/ConnectivityService(  640): net.tcp.usercfg.default not found in system properties. Using defaults
E/ConnectivityService(  640): net.tcp.delack.default not found in system properties. Using defaults
D/NotificationMgr( 1148): updateNetworkSelection()...state = 0 new network 
D/PhoneApp( 1148): mReceiver: ACTION_ANY_DATA_CONNECTION_STATE_CHANGED
D/PhoneApp( 1148): - state: CONNECTED
D/PhoneApp( 1148): - reason: null
D/NotificationMgr( 1148): hideDataDisconnectedRoaming()...
D/MobileDataStateTracker(  640): default: Broadcast received: android.intent.action.ANY_DATA_STATE apnType=default
D/NotificationMgr( 1148): updateNetworkSelection()...state = 0 new network 
D/PhoneApp( 1148): mReceiver: ACTION_ANY_DATA_CONNECTION_STATE_CHANGED
D/PhoneApp( 1148): - state: CONNECTED
D/PhoneApp( 1148): - reason: null
D/MobileDataStateTracker(  640): default: Received state=CONNECTED, old=CONNECTED, reason=(unspecified)
E/ConnectivityService(  640): net.tcp.usercfg.default not found in system properties. Using defaults
E/ConnectivityService(  640): net.tcp.delack.default not found in system properties. Using defaults
D/NotificationMgr( 1148): hideDataDisconnectedRoaming()...
D/MobileDataStateTracker(  640): default: Broadcast received: android.intent.action.ANY_DATA_STATE apnType=default
D/MobileDataStateTracker(  640): default: Received state=CONNECTED, old=CONNECTED, reason=(unspecified)
D/NotificationMgr( 1148): updateNetworkSelection()...state = 0 new network 
D/PhoneApp( 1148): mReceiver: ACTION_ANY_DATA_CONNECTION_STATE_CHANGED
D/PhoneApp( 1148): - state: CONNECTED
D/PhoneApp( 1148): - reason: null
D/NotificationMgr( 1148): hideDataDisconnectedRoaming()...
E/ConnectivityService(  640): net.tcp.usercfg.default not found in system properties. Using defaults
E/ConnectivityService(  640): net.tcp.delack.default not found in system properties. Using defaults
D/NotificationMgr( 1148): updateNetworkSelection()...state = 0 new network 
D/PhoneApp( 1148): mReceiver: ACTION_ANY_DATA_CONNECTION_STATE_CHANGED
D/PhoneApp( 1148): - state: CONNECTED
D/MobileDataStateTracker(  640): default: Broadcast received: android.intent.action.ANY_DATA_STATE apnType=default
D/MobileDataStateTracker(  640): default: Received state=CONNECTED, old=CONNECTED, reason=(unspecified)
E/ConnectivityService(  640): net.tcp.usercfg.default not found in system properties. Using defaults
E/ConnectivityService(  640): net.tcp.delack.default not found in system properties. Using defaults
D/PhoneApp( 1148): - reason: null
D/NotificationMgr( 1148): hideDataDisconnectedRoaming()...
D/MobileDataStateTracker(  640): default: Broadcast received: android.intent.action.ANY_DATA_STATE apnType=default
D/MobileDataStateTracker(  640): default: Received state=CONNECTED, old=CONNECTED, reason=(unspecified)
D/NotificationMgr( 1148): updateNetworkSelection()...state = 0 new network 
D/PhoneApp( 1148): mReceiver: ACTION_ANY_DATA_CONNECTION_STATE_CHANGED
D/PhoneApp( 1148): - state: CONNECTED
D/PhoneApp( 1148): - reason: null
E/ConnectivityService(  640): net.tcp.usercfg.default not found in system properties. Using defaults
E/ConnectivityService(  640): net.tcp.delack.default not found in system properties. Using defaults
D/NotificationMgr( 1148): hideDataDisconnectedRoaming()...
D/MobileDataStateTracker(  640): default: Broadcast received: android.intent.action.ANY_DATA_STATE apnType=default
D/MobileDataStateTracker(  640): default: Received state=CONNECTED, old=CONNECTED, reason=(unspecified)
D/NotificationMgr( 1148): updateNetworkSelection()...state = 0 new network 
D/PhoneApp( 1148): mReceiver: ACTION_ANY_DATA_CONNECTION_STATE_CHANGED
D/PhoneApp( 1148): - state: CONNECTED
D/PhoneApp( 1148): - reason: null
D/NotificationMgr( 1148): hideDataDisconnectedRoaming()...
E/ConnectivityService(  640): net.tcp.usercfg.default not found in system properties. Using defaults
E/ConnectivityService(  640): net.tcp.delack.default not found in system properties. Using defaults
D/MobileDataStateTracker(  640): default: Broadcast received: android.intent.action.ANY_DATA_STATE apnType=default
D/MobileDataStateTracker(  640): default: Received state=CONNECTED, old=CONNECTED, reason=(unspecified)
D/NotificationMgr( 1148): updateNetworkSelection()...state = 0 new network 
D/PhoneApp( 1148): mReceiver: ACTION_ANY_DATA_CONNECTION_STATE_CHANGED
D/PhoneApp( 1148): - state: CONNECTED
D/PhoneApp( 1148): - reason: null
D/NotificationMgr( 1148): hideDataDisconnectedRoaming()...
E/ConnectivityService(  640): net.tcp.usercfg.default not found in system properties. Using defaults
E/ConnectivityService(  640): net.tcp.delack.default not found in system properties. Using defaults
D/MobileDataStateTracker(  640): default: Broadcast received: android.intent.action.ANY_DATA_STATE apnType=default
D/NotificationMgr( 1148): updateNetworkSelection()...state = 0 new network 
D/PhoneApp( 1148): mReceiver: ACTION_ANY_DATA_CONNECTION_STATE_CHANGED
D/PhoneApp( 1148): - state: CONNECTED
D/PhoneApp( 1148): - reason: null
D/MobileDataStateTracker(  640): default: Received state=CONNECTED, old=CONNECTED, reason=(unspecified)
E/ConnectivityService(  640): net.tcp.usercfg.default not found in system properties. Using defaults
E/ConnectivityService(  640): net.tcp.delack.default not found in system properties. Using defaults
D/NotificationMgr( 1148): hideDataDisconnectedRoaming()...
V/BackupManagerService(  640): Running a backup pass
V/BackupManagerService(  640): clearing pending backups
V/PerformBackupTask(  640): Beginning backup of 1 targets
D/PerformBackupTask(  640): invokeAgentForBackup on @pm@
V/BackupServiceBinder(  640): doBackup() invoked
I/PerformBackupTask(  640): no backup data written; not calling transport
D/PerformBackupTask(  640): starting agent for backup of BackupRequest{pkg=com.google.android.googlequicksearchbox}
V/Zygote  (29236): Switching descriptor 33 to /dev/null
V/Zygote  (29236): Switching descriptor 10 to /dev/null
I/ActivityManager(  640): Start proc com.google.android.googlequicksearchbox for backup com.google.android.googlequicksearchbox/com.android.launcher3.LauncherBackupAgentHelper: pid=29236 uid=10029 gids={50029, 3003, 3001, 1028, 3002, 1015, 1006}
D/BackupManagerService(  640): awaiting agent for ApplicationInfo{41b14538 com.google.android.googlequicksearchbox}
D/ActivityThread(29236): handleBindApplication:com.google.android.googlequicksearchbox
D/ActivityThread(29236): setTargetHeapUtilization:0.75
D/ActivityThread(29236): setTargetHeapMinFree:524288
V/BackupServiceBinder(29236): doBackup() invoked
D/BackupHelperDispatcher(29236): handling existing helper 'L' vg@4184f1d8
D/BackupManagerService(  640): agentConnected pkg=com.google.android.googlequicksearchbox agent=android.os.BinderProxy@429f8a18
I/BackupManagerService(  640): got agent android.app.IBackupAgent$Stub$Proxy@4270b188
D/PerformBackupTask(  640): invokeAgentForBackup on com.google.android.googlequicksearchbox
W/LauncherBackupHelper(29236): Failed to get app state during backup/restore
W/LauncherBackupHelper(29236): java.lang.Throwable
W/LauncherBackupHelper(29236): 	at vg.hU(PG:1159)
W/LauncherBackupHelper(29236): 	at vg.performBackup(PG:193)
W/LauncherBackupHelper(29236): 	at android.app.backup.BackupHelperDispatcher.doOneBackup(BackupHelperDispatcher.java:95)
W/LauncherBackupHelper(29236): 	at android.app.backup.BackupHelperDispatcher.performBackup(BackupHelperDispatcher.java:62)
W/LauncherBackupHelper(29236): 	at android.app.backup.BackupAgentHelper.onBackup(BackupAgentHelper.java:66)
W/LauncherBackupHelper(29236): 	at android.app.backup.BackupAgent$BackupServiceBinder.doBackup(BackupAgent.java:567)
W/LauncherBackupHelper(29236): 	at android.app.IBackupAgent$Stub.onTransact(IBackupAgent.java:80)
W/LauncherBackupHelper(29236): 	at android.os.Binder.execTransact(Binder.java:404)
W/LauncherBackupHelper(29236): 	at dalvik.system.NativeStart.run(Native Method)
D/BackupHelperDispatcher(29236): handling existing helper 'LP' xf@4184e360
D/BackupManagerService(  640): Now staging backup of com.google.android.googlequicksearchbox
I/PerformBackupTask(  640): no backup data written; not calling transport
I/PerformBackupTask(  640): Backup pass finished.
I/ActivityManager(  640): Killing 24980:com.google.android.apps.onetoday/u0a95 (adj 15): empty for 2455s
D/MobileDataStateTracker(  640): default: setPolicyDataEnable(enabled=true)
D/MobileDataStateTracker(  640): default: Broadcast received: android.intent.action.ANY_DATA_STATE apnType=default
D/MobileDataStateTracker(  640): default: Received state=CONNECTED, old=CONNECTED, reason=(unspecified)
E/ConnectivityService(  640): net.tcp.usercfg.default not found in system properties. Using defaults
E/ConnectivityService(  640): net.tcp.delack.default not found in system properties. Using defaults
D/NotificationMgr( 1148): updateNetworkSelection()...state = 0 new network 
D/PhoneApp( 1148): mReceiver: ACTION_ANY_DATA_CONNECTION_STATE_CHANGED
D/PhoneApp( 1148): - state: CONNECTED
D/PhoneApp( 1148): - reason: null
D/NotificationMgr( 1148): hideDataDisconnectedRoaming()...
D/MobileDataStateTracker(  640): default: Broadcast received: android.intent.action.ANY_DATA_STATE apnType=default
D/MobileDataStateTracker(  640): default: Received state=CONNECTED, old=CONNECTED, reason=(unspecified)
D/NotificationMgr( 1148): updateNetworkSelection()...state = 0 new network 
D/PhoneApp( 1148): mReceiver: ACTION_ANY_DATA_CONNECTION_STATE_CHANGED
D/PhoneApp( 1148): - state: CONNECTED
D/PhoneApp( 1148): - reason: null
E/ConnectivityService(  640): net.tcp.usercfg.default not found in system properties. Using defaults
E/ConnectivityService(  640): net.tcp.delack.default not found in system properties. Using defaults
D/NotificationMgr( 1148): hideDataDisconnectedRoaming()...
D/MobileDataStateTracker(  640): default: setPolicyDataEnable(enabled=true)
D/MobileDataStateTracker(  640): default: setPolicyDataEnable(enabled=true)
W/LocationOracleImpl(23510): Not started: ignore location
D/MobileDataStateTracker(  640): default: Broadcast received: android.intent.action.ANY_DATA_STATE apnType=default
D/NotificationMgr( 1148): updateNetworkSelection()...state = 0 new network 
D/PhoneApp( 1148): mReceiver: ACTION_ANY_DATA_CONNECTION_STATE_CHANGED
D/MobileDataStateTracker(  640): default: Received state=CONNECTED, old=CONNECTED, reason=(unspecified)
E/ConnectivityService(  640): net.tcp.usercfg.default not found in system properties. Using defaults
E/ConnectivityService(  640): net.tcp.delack.default not found in system properties. Using defaults
D/PhoneApp( 1148): - state: CONNECTED
D/PhoneApp( 1148): - reason: null
D/NotificationMgr( 1148): hideDataDisconnectedRoaming()...
D/MobileDataStateTracker(  640): default: Broadcast received: android.intent.action.ANY_DATA_STATE apnType=default
D/MobileDataStateTracker(  640): default: Received state=CONNECTED, old=CONNECTED, reason=(unspecified)
D/NotificationMgr( 1148): updateNetworkSelection()...state = 0 new network 
D/PhoneApp( 1148): mReceiver: ACTION_ANY_DATA_CONNECTION_STATE_CHANGED
D/PhoneApp( 1148): - state: CONNECTED
D/PhoneApp( 1148): - reason: null
D/NotificationMgr( 1148): hideDataDisconnectedRoaming()...
E/ConnectivityService(  640): net.tcp.usercfg.default not found in system properties. Using defaults
E/ConnectivityService(  640): net.tcp.delack.default not found in system properties. Using defaults
D/MobileDataStateTracker(  640): default: setPolicyDataEnable(enabled=true)
D/MobileDataStateTracker(  640): default: Broadcast received: android.intent.action.ANY_DATA_STATE apnType=default
D/MobileDataStateTracker(  640): default: Received state=CONNECTED, old=CONNECTED, reason=(unspecified)
D/NotificationMgr( 1148): updateNetworkSelection()...state = 0 new network 
D/PhoneApp( 1148): mReceiver: ACTION_ANY_DATA_CONNECTION_STATE_CHANGED
D/PhoneApp( 1148): - state: CONNECTED
D/PhoneApp( 1148): - reason: null
E/ConnectivityService(  640): net.tcp.usercfg.default not found in system properties. Using defaults
E/ConnectivityService(  640): net.tcp.delack.default not found in system properties. Using defaults
D/NotificationMgr( 1148): hideDataDisconnectedRoaming()...
D/MobileDataStateTracker(  640): default: Broadcast received: android.intent.action.ANY_DATA_STATE apnType=default
D/MobileDataStateTracker(  640): default: Received state=CONNECTED, old=CONNECTED, reason=(unspecified)
D/NotificationMgr( 1148): updateNetworkSelection()...state = 0 new network 
D/PhoneApp( 1148): mReceiver: ACTION_ANY_DATA_CONNECTION_STATE_CHANGED
D/PhoneApp( 1148): - state: CONNECTED
E/ConnectivityService(  640): net.tcp.usercfg.default not found in system properties. Using defaults
E/ConnectivityService(  640): net.tcp.delack.default not found in system properties. Using defaults
D/PhoneApp( 1148): - reason: null
D/NotificationMgr( 1148): hideDataDisconnectedRoaming()...
D/MobileDataStateTracker(  640): default: Broadcast received: android.intent.action.ANY_DATA_STATE apnType=default
D/NotificationMgr( 1148): updateNetworkSelection()...state = 0 new network 
D/PhoneApp( 1148): mReceiver: ACTION_ANY_DATA_CONNECTION_STATE_CHANGED
D/MobileDataStateTracker(  640): default: Received state=CONNECTED, old=CONNECTED, reason=(unspecified)
D/PhoneApp( 1148): - state: CONNECTED
D/PhoneApp( 1148): - reason: null
D/NotificationMgr( 1148): hideDataDisconnectedRoaming()...
E/ConnectivityService(  640): net.tcp.usercfg.default not found in system properties. Using defaults
E/ConnectivityService(  640): net.tcp.delack.default not found in system properties. Using defaults
E/ThermalEngine(  225): TM Id 'SKIN_THERMAL_management_1' Sensor 'xo_therm_pu2' - alarm cleared 3 at 42.0 degC
E/ThermalEngine(  225): ACTION: LCD - Setting max LCD brightness to 204
D/MobileDataStateTracker(  640): default: Broadcast received: android.intent.action.ANY_DATA_STATE apnType=default
D/NotificationMgr( 1148): updateNetworkSelection()...state = 0 new network 
D/PhoneApp( 1148): mReceiver: ACTION_ANY_DATA_CONNECTION_STATE_CHANGED
D/PhoneApp( 1148): - state: CONNECTED
D/PhoneApp( 1148): - reason: null
D/MobileDataStateTracker(  640): default: Received state=CONNECTED, old=CONNECTED, reason=(unspecified)
E/ConnectivityService(  640): net.tcp.usercfg.default not found in system properties. Using defaults
E/ConnectivityService(  640): net.tcp.delack.default not found in system properties. Using defaults
D/NotificationMgr( 1148): hideDataDisconnectedRoaming()...
W/msgr(:<default>):l(26580): Exception during service
W/msgr(:<default>):l(26580): java.lang.NullPointerException
W/msgr(:<default>):l(26580): 	at com.facebook.orca.protocol.methods.o.a(FetchSuggestedGroupClustersMethod.java:63)
W/msgr(:<default>):l(26580): 	at com.facebook.orca.protocol.methods.o.a(FetchSuggestedGroupClustersMethod.java:30)
W/msgr(:<default>):l(26580): 	at com.facebook.http.protocol.aa.a(ApiResponseHandler.java:55)
W/msgr(:<default>):l(26580): 	at com.facebook.http.protocol.aa.handleResponse(ApiResponseHandler.java:28)
W/msgr(:<default>):l(26580): 	at com.facebook.http.a.r.a(FbHttpRequestProcessor.java:312)
W/msgr(:<default>):l(26580): 	at com.facebook.http.a.r.a(FbHttpRequestProcessor.java:142)
W/msgr(:<default>):l(26580): 	at com.facebook.http.a.r.b(FbHttpRequestProcessor.java:98)
W/msgr(:<default>):l(26580): 	at com.facebook.http.a.r.a(FbHttpRequestProcessor.java:228)
W/msgr(:<default>):l(26580): 	at com.facebook.http.protocol.bv.a(SingleMethodRunnerImpl.java:438)
W/msgr(:<default>):l(26580): 	at com.facebook.http.protocol.bv.a(SingleMethodRunnerImpl.java:200)
W/msgr(:<default>):l(26580): 	at com.facebook.http.protocol.b.a(AbstractSingleMethodRunner.java:28)
W/msgr(:<default>):l(26580): 	at com.facebook.http.protocol.l.a(ApiMethodRunnerImpl.java:44)
W/msgr(:<default>):l(26580): 	at com.facebook.http.protocol.l.a(ApiMethodRunnerImpl.java:36)
W/msgr(:<default>):l(26580): 	at com.facebook.orca.protocol.a.u(WebServiceHandler.java:265)
W/msgr(:<default>):l(26580): 	at com.facebook.orca.server.a.a(AbstractBlueServiceHandlerFilter.java:77)
W/msgr(:<default>):l(26580): 	at com.facebook.fbservice.service.y.a(FilterChainLink.java:20)
W/msgr(:<default>):l(26580): 	at com.facebook.orca.database.v.u(DbServiceHandler.java:265)
W/msgr(:<default>):l(26580): 	at com.facebook.orca.server.a.a(AbstractBlueServiceHandlerFilter.java:77)
W/msgr(:<default>):l(26580): 	at com.facebook.fbservice.service.y.a(FilterChainLink.java:20)
W/msgr(:<default>):l(26580): 	at com.facebook.orca.f.l.u(CacheServiceHandler.java:483)
W/msgr(:<default>):l(26580): 	at com.facebook.orca.server.a.a(AbstractBlueServiceHandlerFilter.java:77)
W/msgr(:<default>):l(26580): 	at com.facebook.fbservice.service.y.a(FilterChainLink.java:20)
W/msgr(:<default>):l(26580): 	at com.facebook.fbservice.service.l.e(BlueServiceQueue.java:361)
W/msgr(:<default>):l(26580): 	at com.facebook.fbservice.service.l.d(BlueServiceQueue.java:58)
W/msgr(:<default>):l(26580): 	at com.facebook.fbservice.service.o.run(BlueServiceQueue.java:280)
W/msgr(:<default>):l(26580): 	at java.util.concurrent.Executors$RunnableAdapter.call(Executors.java:422)
W/msgr(:<default>):l(26580): 	at java.util.concurrent.FutureTask.run(FutureTask.java:237)
W/msgr(:<default>):l(26580): 	at com.facebook.common.executors.bb.run(ListenableScheduledFutureImpl.java:57)
W/msgr(:<default>):l(26580): 	at android.os.Handler.handleCallback(Handler.java:733)
W/msgr(:<default>):l(26580): 	at android.os.Handler.dispatchMessage(Handler.java:95)
W/msgr(:<default>):l(26580): 	at android.os.Looper.loop(Looper.java:136)
W/msgr(:<default>):l(26580): 	at android.os.HandlerThread.run(HandlerThread.java:61)
D/MobileDataStateTracker(  640): default: Broadcast received: android.intent.action.ANY_DATA_STATE apnType=default
D/MobileDataStateTracker(  640): default: Received state=CONNECTED, old=CONNECTED, reason=(unspecified)
E/ConnectivityService(  640): net.tcp.usercfg.default not found in system properties. Using defaults
E/ConnectivityService(  640): net.tcp.delack.default not found in system properties. Using defaults
D/NotificationMgr( 1148): updateNetworkSelection()...state = 0 new network 
D/PhoneApp( 1148): mReceiver: ACTION_ANY_DATA_CONNECTION_STATE_CHANGED
D/PhoneApp( 1148): - state: CONNECTED
D/PhoneApp( 1148): - reason: null
D/NotificationMgr( 1148): hideDataDisconnectedRoaming()...
D/MobileDataStateTracker(  640): default: Broadcast received: android.intent.action.ANY_DATA_STATE apnType=default
D/NotificationMgr( 1148): updateNetworkSelection()...state = 0 new network 
D/PhoneApp( 1148): mReceiver: ACTION_ANY_DATA_CONNECTION_STATE_CHANGED
D/PhoneApp( 1148): - state: CONNECTED
D/PhoneApp( 1148): - reason: null
D/MobileDataStateTracker(  640): default: Received state=CONNECTED, old=CONNECTED, reason=(unspecified)
E/ConnectivityService(  640): net.tcp.usercfg.default not found in system properties. Using defaults
E/ConnectivityService(  640): net.tcp.delack.default not found in system properties. Using defaults
D/NotificationMgr( 1148): hideDataDisconnectedRoaming()...
D/MobileDataStateTracker(  640): default: Broadcast received: android.intent.action.ANY_DATA_STATE apnType=default
D/MobileDataStateTracker(  640): default: Received state=CONNECTED, old=CONNECTED, reason=(unspecified)
E/ConnectivityService(  640): net.tcp.usercfg.default not found in system properties. Using defaults
E/ConnectivityService(  640): net.tcp.delack.default not found in system properties. Using defaults
D/NotificationMgr( 1148): updateNetworkSelection()...state = 0 new network 
D/PhoneApp( 1148): mReceiver: ACTION_ANY_DATA_CONNECTION_STATE_CHANGED
D/PhoneApp( 1148): - state: CONNECTED
D/PhoneApp( 1148): - reason: null
D/NotificationMgr( 1148): hideDataDisconnectedRoaming()...
D/NotificationMgr( 1148): updateNetworkSelection()...state = 0 new network 
D/PhoneApp( 1148): mReceiver: ACTION_ANY_DATA_CONNECTION_STATE_CHANGED
D/PhoneApp( 1148): - state: CONNECTED
D/PhoneApp( 1148): - reason: null
D/NotificationMgr( 1148): hideDataDisconnectedRoaming()...
D/MobileDataStateTracker(  640): default: Broadcast received: android.intent.action.ANY_DATA_STATE apnType=default
D/MobileDataStateTracker(  640): default: Received state=CONNECTED, old=CONNECTED, reason=(unspecified)
E/ConnectivityService(  640): net.tcp.usercfg.default not found in system properties. Using defaults
E/ConnectivityService(  640): net.tcp.delack.default not found in system properties. Using defaults
D/MobileDataStateTracker(  640): default: Broadcast received: android.intent.action.ANY_DATA_STATE apnType=default
D/MobileDataStateTracker(  640): default: Received state=CONNECTED, old=CONNECTED, reason=(unspecified)
D/NotificationMgr( 1148): updateNetworkSelection()...state = 0 new network 
D/PhoneApp( 1148): mReceiver: ACTION_ANY_DATA_CONNECTION_STATE_CHANGED
D/PhoneApp( 1148): - state: CONNECTED
D/PhoneApp( 1148): - reason: null
D/NotificationMgr( 1148): hideDataDisconnectedRoaming()...
E/ConnectivityService(  640): net.tcp.usercfg.default not found in system properties. Using defaults
E/ConnectivityService(  640): net.tcp.delack.default not found in system properties. Using defaults
D/MobileDataStateTracker(  640): default: Broadcast received: android.intent.action.ANY_DATA_STATE apnType=default
D/NotificationMgr( 1148): updateNetworkSelection()...state = 0 new network 
D/PhoneApp( 1148): mReceiver: ACTION_ANY_DATA_CONNECTION_STATE_CHANGED
D/PhoneApp( 1148): - state: CONNECTED
D/PhoneApp( 1148): - reason: null
D/MobileDataStateTracker(  640): default: Received state=CONNECTED, old=CONNECTED, reason=(unspecified)
E/ConnectivityService(  640): net.tcp.usercfg.default not found in system properties. Using defaults
E/ConnectivityService(  640): net.tcp.delack.default not found in system properties. Using defaults
D/NotificationMgr( 1148): hideDataDisconnectedRoaming()...
I/PowerManagerService(  640): Waking up from sleep...
I/QCOM PowerHAL(  640): Got set_interactive hint
D/SurfaceFlinger(  213): Screen acquired, type=0 flinger=0xb8966450
D/qdhwcomposer(  213): hwc_blank: Unblanking display: 0
I/WindowManager(  640): Lock screen displayed!
D/DisplayPowerController(  640): Unblocked screen on after 107173609 ms
D/qdhwcomposer(  213): hwc_blank: Done unblanking display: 0
D/SurfaceControl(  640): Excessive delay in unblankDisplay() while turning screen on: 135ms
W/ActivityManager(  640): getAssistContextExtras failed: no resumed activity
V/audio_hw_primary(  216): adev_set_parameters: enter: screen_state=on
D/audio_hw_extn(  216): audio_extn_set_anc_parameters: anc_enabled:0
V/audio_hw_primary(  216): adev_set_parameters: exit with code(-2)
D/PhoneStatusBar( 1000): disable: < expand icons alerts ticker system_info back* home* recent* clock* search >
D/NfcService( 1188): NFC-C ON
I/USERIAL_LINUX( 1188): USERIAL_Open(): enter
I/USERIAL_LINUX( 1188): USERIAL_Open() device: /dev/bcm2079x port=5, uart_port=0 WAKE_DELAY(20) WRITE_DELAY(20) POWER_ON_DELAY(0) PRE_POWER_OFF_DELAY(10) POST_POWER_OFF_DELAY(0)
I/USERIAL_LINUX( 1188): USERIAL_Open(): exit
W/InputMethodManagerService(  640): Window already focused, ignoring focus gain of: com.android.internal.view.IInputMethodClient$Stub$Proxy@41bf6e28 attribute=android.view.inputmethod.EditorInfo@42a24228, token = android.os.BinderProxy@420d3768
I/Timeline(16971): Timeline: Activity_idle id: android.os.BinderProxy@41837ad8 time:43860196
I/PowerManagerService(  640): Going to sleep due to screen timeout...
D/SurfaceFlinger(  213): Screen released, type=0 flinger=0xb8966450
D/qdhwcomposer(  213): hwc_blank: Blanking display: 0
D/qdhwcomposer(  213): hwc_blank: Done blanking display: 0
D/SurfaceControl(  640): Excessive delay in blankDisplay() while turning screen off: 159ms
I/QCOM PowerHAL(  640): Got set_interactive hint
D/NfcService( 1188): NFC-C OFF
V/audio_hw_primary(  216): adev_set_parameters: enter: screen_state=off
D/audio_hw_extn(  216): audio_extn_set_anc_parameters: anc_enabled:0
V/audio_hw_primary(  216): adev_set_parameters: exit with code(-2)
W/View    ( 1000): requestLayout() improperly called by android.widget.TextClock{4363cf38 V.ED.... ......ID 0,0-131,318 #7f0b0013 app:id/clock1_regular} during layout: running second layout pass
W/View    ( 1000): requestLayout() improperly called by android.widget.TextClock{41e5b0b8 V.ED.... ......ID 131,0-435,318 #7f0b0014 app:id/clock2_regular} during layout: running second layout pass
W/View    ( 1000): requestLayout() improperly called by android.widget.TextClock{41cc7e38 V.ED.... ......ID 147,0-333,49 #7f0b0036 app:id/date} during layout: running second layout pass
W/View    ( 1000): requestLayout() improperly called by android.widget.TextView{4186a6e0 V.ED.... ......ID 51,0-229,49 #7f0b0037 app:id/nextAlarm} during layout: running second layout pass
W/View    ( 1000): requestLayout() improperly called by android.widget.TextView{41e825b0 V.ED.... ......ID 0,0-74,49 #7f0b0024 app:id/weather_temp} during layout: running second layout pass
W/View    ( 1000): requestLayout() improperly called by android.widget.TextView{44a8eb50 V.ED.... ......ID 0,49-50,90 #7f0b0027 app:id/weather_condition} during layout: running second layout pass
D/PhoneStatusBar( 1000): disable: < expand icons alerts ticker system_info BACK* HOME* RECENT* CLOCK* search >
D/MobileDataStateTracker(  640): default: Broadcast received: android.intent.action.ANY_DATA_STATE apnType=default
D/NotificationMgr( 1148): updateNetworkSelection()...state = 0 new network 
D/PhoneApp( 1148): mReceiver: ACTION_ANY_DATA_CONNECTION_STATE_CHANGED
D/PhoneApp( 1148): - state: CONNECTED
D/PhoneApp( 1148): - reason: null
D/NotificationMgr( 1148): hideDataDisconnectedRoaming()...
D/MobileDataStateTracker(  640): default: Received state=CONNECTED, old=CONNECTED, reason=(unspecified)
E/ConnectivityService(  640): net.tcp.usercfg.default not found in system properties. Using defaults
E/ConnectivityService(  640): net.tcp.delack.default not found in system properties. Using defaults
D/NotificationMgr( 1148): updateNetworkSelection()...state = 0 new network 
D/PhoneApp( 1148): mReceiver: ACTION_ANY_DATA_CONNECTION_STATE_CHANGED
D/MobileDataStateTracker(  640): default: Broadcast received: android.intent.action.ANY_DATA_STATE apnType=default
D/MobileDataStateTracker(  640): default: Received state=CONNECTED, old=CONNECTED, reason=(unspecified)
E/ConnectivityService(  640): net.tcp.usercfg.default not found in system properties. Using defaults
E/ConnectivityService(  640): net.tcp.delack.default not found in system properties. Using defaults
D/PhoneApp( 1148): - state: CONNECTED
D/PhoneApp( 1148): - reason: null
D/NotificationMgr( 1148): hideDataDisconnectedRoaming()...
D/MobileDataStateTracker(  640): default: setPolicyDataEnable(enabled=true)
I/PowerManagerService(  640): Waking up from sleep...
I/QCOM PowerHAL(  640): Got set_interactive hint
D/SurfaceFlinger(  213): Screen acquired, type=0 flinger=0xb8966450
D/qdhwcomposer(  213): hwc_blank: Unblanking display: 0
I/WindowManager(  640): Lock screen displayed!
D/DisplayPowerController(  640): Unblocked screen on after 107282516 ms
D/qdhwcomposer(  213): hwc_blank: Done unblanking display: 0
D/SurfaceControl(  640): Excessive delay in unblankDisplay() while turning screen on: 174ms
W/ActivityManager(  640): getAssistContextExtras failed: no resumed activity
V/audio_hw_primary(  216): adev_set_parameters: enter: screen_state=on
D/audio_hw_extn(  216): audio_extn_set_anc_parameters: anc_enabled:0
V/audio_hw_primary(  216): adev_set_parameters: exit with code(-2)
D/PhoneStatusBar( 1000): disable: < expand icons alerts ticker system_info back* home* recent* clock* search >
D/NfcService( 1188): NFC-C ON
I/USERIAL_LINUX( 1188): USERIAL_Open(): enter
I/USERIAL_LINUX( 1188): USERIAL_Open() device: /dev/bcm2079x port=5, uart_port=0 WAKE_DELAY(20) WRITE_DELAY(20) POWER_ON_DELAY(0) PRE_POWER_OFF_DELAY(10) POST_POWER_OFF_DELAY(0)
I/USERIAL_LINUX( 1188): USERIAL_Open(): exit
W/InputMethodManagerService(  640): Window already focused, ignoring focus gain of: com.android.internal.view.IInputMethodClient$Stub$Proxy@42f38ce0 attribute=android.view.inputmethod.EditorInfo@42ee7bd8, token = android.os.BinderProxy@420d3768
I/Timeline(16971): Timeline: Activity_idle id: android.os.BinderProxy@41837ad8 time:43966253
I/ContactAccountLoggerTas(23510): canRun() : Opted Out
I/Velvet.VelvetFactory(23510): refreshing search history.
I/ContactAccountLoggerTas(23510): canRun() : Opted Out
W/GAV2    (23510): Thread[Thread-4858,5,main]: Need to call initialize() and be in fallback mode to start dispatch.
W/GAV2    (23510): Thread[Thread-4858,5,main]: dispatch call queued.  Need to call GAServiceManager.getInstance().initialize().
I/ContactAccountLoggerTas(23510): canRun() : Opted Out
W/LocationOracleImpl(23510): Best location was null
V/Zygote  (29835): Switching descriptor 33 to /dev/null
V/Zygote  (29835): Switching descriptor 10 to /dev/null
I/ActivityManager(  640): Start proc com.google.android.partnersetup for content provider com.google.android.partnersetup/.RlzAppProvider: pid=29835 uid=10025 gids={50025, 3003}
D/ActivityThread(29835): handleBindApplication:com.google.android.partnersetup
D/ActivityThread(29835): setTargetHeapUtilization:0.75
D/ActivityThread(29835): setTargetHeapMinFree:524288
I/ContactAccountLoggerTas(23510): canRun() : Opted Out
I/ActivityManager(  640): Killing 25267:com.google.android.tts/u0a76 (adj 12): empty for 2737s
I/TextToSpeech(19308): Asked to disconnect from ComponentInfo{com.google.android.tts/com.google.android.tts.service.GoogleTTSService}
W/ActivityManager(  640): Scheduling restart of crashed service com.google.android.tts/.service.GoogleTTSService in 1000ms
V/Zygote  (29870): Switching descriptor 33 to /dev/null
V/Zygote  (29870): Switching descriptor 10 to /dev/null
I/ActivityManager(  640): Start proc com.google.android.tts for service com.google.android.tts/.service.GoogleTTSService: pid=29870 uid=10076 gids={50076, 3003, 1028, 1015}
D/ActivityThread(29870): handleBindApplication:com.google.android.tts
D/ActivityThread(29870): setTargetHeapUtilization:0.75
D/ActivityThread(29870): setTargetHeapMinFree:524288
W/SettingsHelper(29870): Couldn't read prefered locale from settings.
W/SettingsHelper(29870): Couldn't read prefered locale from settings.
E/dalvikvm(29870): Could not find class 'android.speech.tts.VoiceInfo$Builder', referenced from method com.google.android.tts.service.GoogleTTSService.checkVoicesInfo
W/dalvikvm(29870): VFY: unable to resolve new-instance 162 (Landroid/speech/tts/VoiceInfo$Builder;) in Lcom/google/android/tts/service/GoogleTTSService;
D/dalvikvm(29870): VFY: replacing opcode 0x22 at 0x0020
W/dalvikvm(29870): VFY: unable to find class referenced in signature (Landroid/speech/tts/SynthesisRequestV2;)
W/dalvikvm(29870): VFY: unable to find class referenced in signature (Landroid/speech/tts/VoiceInfo;)
W/dalvikvm(29870): VFY: unable to find class referenced in signature (Landroid/speech/tts/SynthesisRequestV2;)
D/dalvikvm(29870): DexOpt: unable to opt direct call 0x01c6 at 0x22 in Lcom/google/android/tts/service/GoogleTTSService;.checkVoicesInfo
I/GoogleTTSService(29870): Creating Google TTS service, version 3.1.3.1162895
W/dalvikvm(29870): VFY: unable to find class referenced in signature (Landroid/speech/tts/SynthesisRequestV2;)
I/dalvikvm(29870): Could not find method android.speech.tts.SynthesisRequestV2.getVoiceParams, referenced from method com.google.android.tts.local.LocalSynthesizer.createVoiceModV2
W/dalvikvm(29870): VFY: unable to resolve virtual method 442: Landroid/speech/tts/SynthesisRequestV2;.getVoiceParams ()Landroid/os/Bundle;
D/dalvikvm(29870): VFY: replacing opcode 0x6e at 0x0004
W/dalvikvm(29870): VFY: unable to find class referenced in signature (Landroid/speech/tts/SynthesisRequestV2;)
I/dalvikvm(29870): Could not find method android.speech.tts.SynthesisCallback.error, referenced from method com.google.android.tts.local.LocalSynthesizer.onSynthesizeV2
W/dalvikvm(29870): VFY: unable to resolve interface method 428: Landroid/speech/tts/SynthesisCallback;.error (I)V
D/dalvikvm(29870): VFY: replacing opcode 0x72 at 0x0033
I/dalvikvm(29870): Could not find method android.speech.tts.SynthesisCallback.error, referenced from method com.google.android.tts.local.LocalSynthesizer.onSynthesizeV2
W/dalvikvm(29870): VFY: unable to resolve interface method 428: Landroid/speech/tts/SynthesisCallback;.error (I)V
D/dalvikvm(29870): VFY: replacing opcode 0x72 at 0x0039
I/dalvikvm(29870): Could not find method android.speech.tts.SynthesisRequestV2.getText, referenced from method com.google.android.tts.local.LocalSynthesizer.onSynthesizeV2
W/dalvikvm(29870): VFY: unable to resolve virtual method 440: Landroid/speech/tts/SynthesisRequestV2;.getText ()Ljava/lang/String;
D/dalvikvm(29870): VFY: replacing opcode 0x6e at 0x0075
W/dalvikvm(29870): VFY: unable to find class referenced in signature (Landroid/speech/tts/SynthesisRequestV2;)
I/dalvikvm(29870): Could not find method android.speech.tts.SynthesisRequestV2.getText, referenced from method com.google.android.tts.network.NetworkSynthesizer.onSynthesizeV2
W/dalvikvm(29870): VFY: unable to resolve virtual method 440: Landroid/speech/tts/SynthesisRequestV2;.getText ()Ljava/lang/String;
D/dalvikvm(29870): VFY: replacing opcode 0x6e at 0x000f
D/dalvikvm(29870): Trying to load lib /data/app-lib/com.google.android.tts-1/libspeexwrapper.so 0x4183ba10
D/dalvikvm(29870): Added shared lib /data/app-lib/com.google.android.tts-1/libspeexwrapper.so 0x4183ba10
W/dalvikvm(29870): VFY: unable to find class referenced in signature (Landroid/speech/tts/SynthesisRequestV2;)
I/dalvikvm(29870): Could not find method android.speech.tts.SynthesisRequestV2.getVoiceName, referenced from method com.google.android.tts.v2.SynthesizerV2Dispatcher.synthesize
W/dalvikvm(29870): VFY: unable to resolve virtual method 441: Landroid/speech/tts/SynthesisRequestV2;.getVoiceName ()Ljava/lang/String;
D/dalvikvm(29870): VFY: replacing opcode 0x6e at 0x0003
I/ActivityManager(  640): Killing 25296:com.google.android.gms.wearable/u0a22 (adj 12): empty for 2734s
I/TextToSpeech(19308): Connected to ComponentInfo{com.google.android.tts/com.google.android.tts.service.GoogleTTSService}
I/TextToSpeech(19308): Set up connection to ComponentInfo{com.google.android.tts/com.google.android.tts.service.GoogleTTSService}
D/dalvikvm(29870): Trying to load lib /data/app-lib/com.google.android.tts-1/libpatts_engine_jni_api_ub.210030103.so 0x4183ba10
W/ActivityManager(  640): Scheduling restart of crashed service com.google.android.gms/.wearable.service.WearableService in 1000ms
D/dalvikvm(29870): Added shared lib /data/app-lib/com.google.android.tts-1/libpatts_engine_jni_api_ub.210030103.so 0x4183ba10
I/patts   (29870): [embedded_hmm_synthesizer.cc:21] Embedded HMM synthesizer initialized.
I/patts   (29870): [jni_loader.cc:74] Patts JNI loaded successfully.
I/patts   (29870): Loading project file (apk mode is true,assets from com.google.android.tts) ...
I/patts   (29870): [android_project_file.cc:35] Loading "voices/en-us-x-sfg-phone-hmm/phonology.cfg" ...
I/patts   (29870): [android_project_file.cc:35] Loading "voices/en-us-x-sfg-phone-hmm/compressed_lexicon_en_us.blex" ...
I/patts   (29870): [android_project_file.cc:35] Loading "voices/en-us-x-sfg-phone-hmm/phonology.pb" ...
I/patts   (29870): [android_project_file.cc:35] Loading "voices/en-us-x-sfg-phone-hmm/rewrite_android.far" ...
I/patts   (29870): [grm-manager.h:57] Loading FST archive from "voices/en-us-x-sfg-phone-hmm/rewrite_android.far" ...
I/patts   (29870): [android_project_file.cc:35] Loading "voices/en-us-x-sfg-phone-hmm/tokenize_and_classify_embedded_android.far" ...
I/patts   (29870): [grm-manager.h:57] Loading FST archive from "voices/en-us-x-sfg-phone-hmm/tokenize_and_classify_embedded_android.far" ...
I/patts   (29870): [android_project_file.cc:35] Loading "voices/en-us-x-sfg-phone-hmm/textnorm_params_embedded.pb" ...
I/patts   (29870): [android_project_file.cc:35] Loading "voices/en-us-x-sfg-phone-hmm/resolve_homographs_simple_us.pb" ...
I/patts   (29870): [android_project_file.cc:35] Loading "voices/en-us-x-sfg-phone-hmm/mapping_grammar_android.far" ...
I/patts   (29870): [grm-manager.h:57] Loading FST archive from "voices/en-us-x-sfg-phone-hmm/mapping_grammar_android.far" ...
V/Zygote  (29902): Switching descriptor 33 to /dev/null
V/Zygote  (29902): Switching descriptor 10 to /dev/null
I/ActivityManager(  640): Start proc com.google.android.gms.wearable for service com.google.android.gms/.wearable.service.WearableService: pid=29902 uid=10022 gids={50022, 3003, 1007, 1028, 1015, 1006, 3002, 3001, 3007, 2001, 3006}
I/patts   (29870): [android_project_file.cc:35] Loading "voices/en-us-x-sfg-phone-hmm/roman_numeral_contexts.pb" ...
I/patts   (29870): [android_project_file.cc:35] Loading "voices/en-us-x-sfg-phone-hmm/roman_numeral_android.far" ...
I/patts   (29870): [grm-manager.h:57] Loading FST archive from "voices/en-us-x-sfg-phone-hmm/roman_numeral_android.far" ...
I/patts   (29870): [android_project_file.cc:35] Loading "voices/en-us-x-sfg-phone-hmm/verbalize_android.far" ...
I/patts   (29870): [grm-manager.h:57] Loading FST archive from "voices/en-us-x-sfg-phone-hmm/verbalize_android.far" ...
D/ActivityThread(29902): handleBindApplication:com.google.android.gms.wearable
D/ActivityThread(29902): setTargetHeapUtilization:0.75
D/ActivityThread(29902): setTargetHeapMinFree:524288
I/MultiDex(29902): install
I/MultiDex(29902): MultiDexExtractor.load(/data/app/com.google.android.gms-1.apk, false)
I/MultiDex(29902): loading existing secondary dex files
I/MultiDex(29902): load found 1 secondary dex files
I/MultiDex(29902): install done
I/patts   (29870): [android_project_file.cc:35] Loading "voices/en-us-x-sfg-phone-hmm/textnorm_params_embedded.pb" ...
I/patts   (29870): [android_project_file.cc:35] Loading "voices/en-us-x-sfg-phone-hmm/resolve_homographs_simple_us.pb" ...
I/ProviderInstaller(29902): Insert disabled by gate 'gms:security:enable_conscrypt_in_gms_application'
