D/PhoneApp( 1148): mReceiver: ACTION_ANY_DATA_CONNECTION_STATE_CHANGED
D/PhoneApp( 1148): - state: CONNECTED
D/PhoneApp( 1148): - reason: null
D/NotificationMgr( 1148): hideDataDisconnectedRoaming()...
D/MobileDataStateTracker(  640): default: Broadcast received: android.intent.action.ANY_DATA_STATE apnType=default
D/MobileDataStateTracker(  640): default: Received state=CONNECTED, old=CONNECTED, reason=(unspecified)
D/NotificationMgr( 1148): updateNetworkSelection()...state = 0 new network 
D/PhoneApp( 1148): mReceiver: ACTION_ANY_DATA_CONNECTION_STATE_CHANGED
D/PhoneApp( 1148): - state: CONNECTED
D/PhoneApp( 1148): - reason: null
E/ConnectivityService(  640): net.tcp.usercfg.default not found in system properties. Using defaults
E/ConnectivityService(  640): net.tcp.delack.default not found in system properties. Using defaults
D/NotificationMgr( 1148): hideDataDisconnectedRoaming()...
D/NotificationMgr( 1148): updateNetworkSelection()...state = 0 new network 
D/PhoneApp( 1148): mReceiver: ACTION_ANY_DATA_CONNECTION_STATE_CHANGED
D/PhoneApp( 1148): - state: CONNECTED
D/PhoneApp( 1148): - reason: null
D/MobileDataStateTracker(  640): default: Broadcast received: android.intent.action.ANY_DATA_STATE apnType=default
D/MobileDataStateTracker(  640): default: Received state=CONNECTED, old=CONNECTED, reason=(unspecified)
E/ConnectivityService(  640): net.tcp.usercfg.default not found in system properties. Using defaults
E/ConnectivityService(  640): net.tcp.delack.default not found in system properties. Using defaults
D/NotificationMgr( 1148): hideDataDisconnectedRoaming()...
D/MobileDataStateTracker(  640): default: Broadcast received: android.intent.action.ANY_DATA_STATE apnType=default
D/NotificationMgr( 1148): updateNetworkSelection()...state = 0 new network 
D/PhoneApp( 1148): mReceiver: ACTION_ANY_DATA_CONNECTION_STATE_CHANGED
D/PhoneApp( 1148): - state: CONNECTED
D/PhoneApp( 1148): - reason: null
D/MobileDataStateTracker(  640): default: Received state=CONNECTED, old=CONNECTED, reason=(unspecified)
E/ConnectivityService(  640): net.tcp.usercfg.default not found in system properties. Using defaults
E/ConnectivityService(  640): net.tcp.delack.default not found in system properties. Using defaults
D/NotificationMgr( 1148): hideDataDisconnectedRoaming()...
D/MobileDataStateTracker(  640): default: Broadcast received: android.intent.action.ANY_DATA_STATE apnType=default
D/NotificationMgr( 1148): updateNetworkSelection()...state = 0 new network 
D/PhoneApp( 1148): mReceiver: ACTION_ANY_DATA_CONNECTION_STATE_CHANGED
D/PhoneApp( 1148): - state: CONNECTED
D/PhoneApp( 1148): - reason: null
D/NotificationMgr( 1148): hideDataDisconnectedRoaming()...
D/MobileDataStateTracker(  640): default: Received state=CONNECTED, old=CONNECTED, reason=(unspecified)
E/ConnectivityService(  640): net.tcp.usercfg.default not found in system properties. Using defaults
E/ConnectivityService(  640): net.tcp.delack.default not found in system properties. Using defaults
D/NotificationMgr( 1148): updateNetworkSelection()...state = 0 new network 
D/PhoneApp( 1148): mReceiver: ACTION_ANY_DATA_CONNECTION_STATE_CHANGED
D/PhoneApp( 1148): - state: CONNECTED
D/PhoneApp( 1148): - reason: null
D/NotificationMgr( 1148): hideDataDisconnectedRoaming()...
D/MobileDataStateTracker(  640): default: Broadcast received: android.intent.action.ANY_DATA_STATE apnType=default
D/MobileDataStateTracker(  640): default: Received state=CONNECTED, old=CONNECTED, reason=(unspecified)
E/ConnectivityService(  640): net.tcp.usercfg.default not found in system properties. Using defaults
E/ConnectivityService(  640): net.tcp.delack.default not found in system properties. Using defaults
D/NotificationMgr( 1148): updateNetworkSelection()...state = 0 new network 
D/MobileDataStateTracker(  640): default: Broadcast received: android.intent.action.ANY_DATA_STATE apnType=default
D/MobileDataStateTracker(  640): default: Received state=CONNECTED, old=CONNECTED, reason=(unspecified)
E/ConnectivityService(  640): net.tcp.usercfg.default not found in system properties. Using defaults
E/ConnectivityService(  640): net.tcp.delack.default not found in system properties. Using defaults
D/PhoneApp( 1148): mReceiver: ACTION_ANY_DATA_CONNECTION_STATE_CHANGED
D/PhoneApp( 1148): - state: CONNECTED
D/PhoneApp( 1148): - reason: null
D/NotificationMgr( 1148): hideDataDisconnectedRoaming()...
D/NotificationMgr( 1148): updateNetworkSelection()...state = 0 new network 
D/PhoneApp( 1148): mReceiver: ACTION_ANY_DATA_CONNECTION_STATE_CHANGED
D/PhoneApp( 1148): - state: CONNECTED
D/PhoneApp( 1148): - reason: null
D/NotificationMgr( 1148): hideDataDisconnectedRoaming()...
D/MobileDataStateTracker(  640): default: Broadcast received: android.intent.action.ANY_DATA_STATE apnType=default
D/MobileDataStateTracker(  640): default: Received state=CONNECTED, old=CONNECTED, reason=(unspecified)
E/ConnectivityService(  640): net.tcp.usercfg.default not found in system properties. Using defaults
E/ConnectivityService(  640): net.tcp.delack.default not found in system properties. Using defaults
D/MobileDataStateTracker(  640): default: Broadcast received: android.intent.action.ANY_DATA_STATE apnType=default
D/NotificationMgr( 1148): updateNetworkSelection()...state = 0 new network 
D/PhoneApp( 1148): mReceiver: ACTION_ANY_DATA_CONNECTION_STATE_CHANGED
D/PhoneApp( 1148): - state: CONNECTED
D/PhoneApp( 1148): - reason: null
D/NotificationMgr( 1148): hideDataDisconnectedRoaming()...
D/MobileDataStateTracker(  640): default: Received state=CONNECTED, old=CONNECTED, reason=(unspecified)
E/ConnectivityService(  640): net.tcp.usercfg.default not found in system properties. Using defaults
E/ConnectivityService(  640): net.tcp.delack.default not found in system properties. Using defaults
D/NotificationMgr( 1148): updateNetworkSelection()...state = 0 new network 
D/PhoneApp( 1148): mReceiver: ACTION_ANY_DATA_CONNECTION_STATE_CHANGED
D/PhoneApp( 1148): - state: CONNECTED
D/PhoneApp( 1148): - reason: null
D/MobileDataStateTracker(  640): default: Broadcast received: android.intent.action.ANY_DATA_STATE apnType=default
D/MobileDataStateTracker(  640): default: Received state=CONNECTED, old=CONNECTED, reason=(unspecified)
E/ConnectivityService(  640): net.tcp.usercfg.default not found in system properties. Using defaults
E/ConnectivityService(  640): net.tcp.delack.default not found in system properties. Using defaults
D/NotificationMgr( 1148): hideDataDisconnectedRoaming()...
D/MobileDataStateTracker(  640): default: Broadcast received: android.intent.action.ANY_DATA_STATE apnType=default
D/NotificationMgr( 1148): updateNetworkSelection()...state = 0 new network 
D/PhoneApp( 1148): mReceiver: ACTION_ANY_DATA_CONNECTION_STATE_CHANGED
D/PhoneApp( 1148): - state: CONNECTED
D/PhoneApp( 1148): - reason: null
D/MobileDataStateTracker(  640): default: Received state=CONNECTED, old=CONNECTED, reason=(unspecified)
E/ConnectivityService(  640): net.tcp.usercfg.default not found in system properties. Using defaults
E/ConnectivityService(  640): net.tcp.delack.default not found in system properties. Using defaults
D/NotificationMgr( 1148): hideDataDisconnectedRoaming()...
D/MobileDataStateTracker(  640): default: Broadcast received: android.intent.action.ANY_DATA_STATE apnType=default
D/MobileDataStateTracker(  640): default: Received state=CONNECTED, old=CONNECTED, reason=(unspecified)
E/ConnectivityService(  640): net.tcp.usercfg.default not found in system properties. Using defaults
E/ConnectivityService(  640): net.tcp.delack.default not found in system properties. Using defaults
D/NotificationMgr( 1148): updateNetworkSelection()...state = 0 new network 
D/PhoneApp( 1148): mReceiver: ACTION_ANY_DATA_CONNECTION_STATE_CHANGED
D/PhoneApp( 1148): - state: CONNECTED
D/PhoneApp( 1148): - reason: null
D/NotificationMgr( 1148): hideDataDisconnectedRoaming()...
D/MobileDataStateTracker(  640): default: Broadcast received: android.intent.action.ANY_DATA_STATE apnType=default
D/NotificationMgr( 1148): updateNetworkSelection()...state = 0 new network 
D/PhoneApp( 1148): mReceiver: ACTION_ANY_DATA_CONNECTION_STATE_CHANGED
D/PhoneApp( 1148): - state: CONNECTED
D/PhoneApp( 1148): - reason: null
D/NotificationMgr( 1148): hideDataDisconnectedRoaming()...
D/MobileDataStateTracker(  640): default: Received state=CONNECTED, old=CONNECTED, reason=(unspecified)
E/ConnectivityService(  640): net.tcp.usercfg.default not found in system properties. Using defaults
E/ConnectivityService(  640): net.tcp.delack.default not found in system properties. Using defaults
D/MobileDataStateTracker(  640): default: Broadcast received: android.intent.action.ANY_DATA_STATE apnType=default
D/MobileDataStateTracker(  640): default: Received state=CONNECTED, old=CONNECTED, reason=(unspecified)
D/NotificationMgr( 1148): updateNetworkSelection()...state = 0 new network 
D/PhoneApp( 1148): mReceiver: ACTION_ANY_DATA_CONNECTION_STATE_CHANGED
D/PhoneApp( 1148): - state: CONNECTED
D/PhoneApp( 1148): - reason: null
D/NotificationMgr( 1148): hideDataDisconnectedRoaming()...
E/ConnectivityService(  640): net.tcp.usercfg.default not found in system properties. Using defaults
E/ConnectivityService(  640): net.tcp.delack.default not found in system properties. Using defaults
D/NotificationMgr( 1148): updateNetworkSelection()...state = 0 new network 
D/MobileDataStateTracker(  640): default: Broadcast received: android.intent.action.ANY_DATA_STATE apnType=default
D/MobileDataStateTracker(  640): default: Received state=CONNECTED, old=CONNECTED, reason=(unspecified)
E/ConnectivityService(  640): net.tcp.usercfg.default not found in system properties. Using defaults
E/ConnectivityService(  640): net.tcp.delack.default not found in system properties. Using defaults
D/PhoneApp( 1148): mReceiver: ACTION_ANY_DATA_CONNECTION_STATE_CHANGED
D/PhoneApp( 1148): - state: CONNECTED
D/PhoneApp( 1148): - reason: null
D/NotificationMgr( 1148): hideDataDisconnectedRoaming()...
D/MobileDataStateTracker(  640): default: Broadcast received: android.intent.action.ANY_DATA_STATE apnType=default
D/MobileDataStateTracker(  640): default: Received state=CONNECTED, old=CONNECTED, reason=(unspecified)
E/ConnectivityService(  640): net.tcp.usercfg.default not found in system properties. Using defaults
E/ConnectivityService(  640): net.tcp.delack.default not found in system properties. Using defaults
D/NotificationMgr( 1148): updateNetworkSelection()...state = 0 new network 
D/PhoneApp( 1148): mReceiver: ACTION_ANY_DATA_CONNECTION_STATE_CHANGED
D/PhoneApp( 1148): - state: CONNECTED
D/PhoneApp( 1148): - reason: null
D/NotificationMgr( 1148): hideDataDisconnectedRoaming()...
W/LocationOracleImpl(23510): Not started: ignore location
D/MobileDataStateTracker(  640): default: Broadcast received: android.intent.action.ANY_DATA_STATE apnType=default
D/MobileDataStateTracker(  640): default: Received state=CONNECTED, old=CONNECTED, reason=(unspecified)
E/ConnectivityService(  640): net.tcp.usercfg.default not found in system properties. Using defaults
E/ConnectivityService(  640): net.tcp.delack.default not found in system properties. Using defaults
D/NotificationMgr( 1148): updateNetworkSelection()...state = 0 new network 
D/PhoneApp( 1148): mReceiver: ACTION_ANY_DATA_CONNECTION_STATE_CHANGED
D/PhoneApp( 1148): - state: CONNECTED
D/PhoneApp( 1148): - reason: null
D/NotificationMgr( 1148): hideDataDisconnectedRoaming()...
D/MobileDataStateTracker(  640): default: setPolicyDataEnable(enabled=true)
D/MobileDataStateTracker(  640): default: setPolicyDataEnable(enabled=true)
I/ProcessStatsService(  640): Prepared write state in 4ms
D/NotificationMgr( 1148): updateNetworkSelection()...state = 0 new network 
D/PhoneApp( 1148): mReceiver: ACTION_ANY_DATA_CONNECTION_STATE_CHANGED
D/MobileDataStateTracker(  640): default: Broadcast received: android.intent.action.ANY_DATA_STATE apnType=default
D/MobileDataStateTracker(  640): default: Received state=CONNECTED, old=CONNECTED, reason=(unspecified)
E/ConnectivityService(  640): net.tcp.usercfg.default not found in system properties. Using defaults
E/ConnectivityService(  640): net.tcp.delack.default not found in system properties. Using defaults
D/PhoneApp( 1148): - state: CONNECTED
D/PhoneApp( 1148): - reason: null
D/NotificationMgr( 1148): hideDataDisconnectedRoaming()...
D/NotificationMgr( 1148): updateNetworkSelection()...state = 0 new network 
D/MobileDataStateTracker(  640): default: Broadcast received: android.intent.action.ANY_DATA_STATE apnType=default
D/MobileDataStateTracker(  640): default: Received state=CONNECTED, old=CONNECTED, reason=(unspecified)
E/ConnectivityService(  640): net.tcp.usercfg.default not found in system properties. Using defaults
E/ConnectivityService(  640): net.tcp.delack.default not found in system properties. Using defaults
D/PhoneApp( 1148): mReceiver: ACTION_ANY_DATA_CONNECTION_STATE_CHANGED
D/PhoneApp( 1148): - state: CONNECTED
D/PhoneApp( 1148): - reason: null
D/NotificationMgr( 1148): hideDataDisconnectedRoaming()...
W/msgr(:<default>):l(26580): Exception during service
W/msgr(:<default>):l(26580): java.lang.NullPointerException
W/msgr(:<default>):l(26580): 	at com.facebook.orca.protocol.methods.o.a(FetchSuggestedGroupClustersMethod.java:63)
W/msgr(:<default>):l(26580): 	at com.facebook.orca.protocol.methods.o.a(FetchSuggestedGroupClustersMethod.java:30)
W/msgr(:<default>):l(26580): 	at com.facebook.http.protocol.aa.a(ApiResponseHandler.java:55)
W/msgr(:<default>):l(26580): 	at com.facebook.http.protocol.aa.handleResponse(ApiResponseHandler.java:28)
W/msgr(:<default>):l(26580): 	at com.facebook.http.a.r.a(FbHttpRequestProcessor.java:312)
W/msgr(:<default>):l(26580): 	at com.facebook.http.a.r.a(FbHttpRequestProcessor.java:142)
W/msgr(:<default>):l(26580): 	at com.facebook.http.a.r.b(FbHttpRequestProcessor.java:98)
W/msgr(:<default>):l(26580): 	at com.facebook.http.a.r.a(FbHttpRequestProcessor.java:228)
W/msgr(:<default>):l(26580): 	at com.facebook.http.protocol.bv.a(SingleMethodRunnerImpl.java:438)
W/msgr(:<default>):l(26580): 	at com.facebook.http.protocol.bv.a(SingleMethodRunnerImpl.java:200)
W/msgr(:<default>):l(26580): 	at com.facebook.http.protocol.b.a(AbstractSingleMethodRunner.java:28)
W/msgr(:<default>):l(26580): 	at com.facebook.http.protocol.l.a(ApiMethodRunnerImpl.java:44)
W/msgr(:<default>):l(26580): 	at com.facebook.http.protocol.l.a(ApiMethodRunnerImpl.java:36)
W/msgr(:<default>):l(26580): 	at com.facebook.orca.protocol.a.u(WebServiceHandler.java:265)
W/msgr(:<default>):l(26580): 	at com.facebook.orca.server.a.a(AbstractBlueServiceHandlerFilter.java:77)
W/msgr(:<default>):l(26580): 	at com.facebook.fbservice.service.y.a(FilterChainLink.java:20)
W/msgr(:<default>):l(26580): 	at com.facebook.orca.database.v.u(DbServiceHandler.java:265)
W/msgr(:<default>):l(26580): 	at com.facebook.orca.server.a.a(AbstractBlueServiceHandlerFilter.java:77)
W/msgr(:<default>):l(26580): 	at com.facebook.fbservice.service.y.a(FilterChainLink.java:20)
W/msgr(:<default>):l(26580): 	at com.facebook.orca.f.l.u(CacheServiceHandler.java:483)
W/msgr(:<default>):l(26580): 	at com.facebook.orca.server.a.a(AbstractBlueServiceHandlerFilter.java:77)
W/msgr(:<default>):l(26580): 	at com.facebook.fbservice.service.y.a(FilterChainLink.java:20)
W/msgr(:<default>):l(26580): 	at com.facebook.fbservice.service.l.e(BlueServiceQueue.java:361)
W/msgr(:<default>):l(26580): 	at com.facebook.fbservice.service.l.d(BlueServiceQueue.java:58)
W/msgr(:<default>):l(26580): 	at com.facebook.fbservice.service.o.run(BlueServiceQueue.java:280)
W/msgr(:<default>):l(26580): 	at java.util.concurrent.Executors$RunnableAdapter.call(Executors.java:422)
W/msgr(:<default>):l(26580): 	at java.util.concurrent.FutureTask.run(FutureTask.java:237)
W/msgr(:<default>):l(26580): 	at com.facebook.common.executors.bb.run(ListenableScheduledFutureImpl.java:57)
W/msgr(:<default>):l(26580): 	at android.os.Handler.handleCallback(Handler.java:733)
W/msgr(:<default>):l(26580): 	at android.os.Handler.dispatchMessage(Handler.java:95)
W/msgr(:<default>):l(26580): 	at android.os.Looper.loop(Looper.java:136)
W/msgr(:<default>):l(26580): 	at android.os.HandlerThread.run(HandlerThread.java:61)
D/MobileDataStateTracker(  640): default: setPolicyDataEnable(enabled=true)
V/Zygote  (25768): Switching descriptor 33 to /dev/null
V/Zygote  (25768): Switching descriptor 10 to /dev/null
I/ActivityManager(  640): Start proc com.google.android.talk for broadcast com.google.android.talk/com.google.android.apps.babel.realtimechat.RealTimeChatService$AlarmReceiver: pid=25768 uid=10077 gids={50077, 3003, 1028, 1015, 1006, 3002}
D/ActivityThread(25768): handleBindApplication:com.google.android.talk
D/ActivityThread(25768): setTargetHeapUtilization:0.75
D/ActivityThread(25768): setTargetHeapMinFree:524288
I/Babel   (25768): MmsConfig: mnc/mcc: 310/260
I/Babel   (25768): MmsConfig.loadMmsSettings
I/Babel   (25768): MmsConfig.loadDeviceMmsSettings from API: mUserAgent=CyanogenMod, mUaProfUrl=http://gsm.lge.com/html/gsm/Nexus5-M10.xml
I/Babel   (25768): MmsConfig.loadFromDatabase
E/SQLiteLog(25768): (1) no such table: mmsconfig
I/Babel   (25768): MmsConfig: no mmsconfig table android.database.sqlite.SQLiteException: no such table: mmsconfig (code 1): , while compiling: SELECT key, value, type FROM mmsconfig WHERE numeric=?
I/Babel   (25768): MmsConfig.loadFromResources
E/Babel   (25768): canonicalizeMccMnc: invalid mccmnc nullnull
W/Babel   (25768): MmsConfig: invalid key=userAgent or type=string
W/Babel   (25768): MmsConfig: invalid key=uaProfUrl or type=string
I/Babel   (25768): MmsConfig.loadMmsSettings: mUserAgent=CyanogenMod, mUaProfUrl=http://gsm.lge.com/html/gsm/Nexus5-M10.xml
W/Settings(25768): Setting airplane_mode_on has moved from android.provider.Settings.System to android.provider.Settings.Global, returning read-only value.
D/YahooWeatherProvider(19189): Resolved location Location[network 47.652143,-122.352765 acc=823 et=+1d5h4m9s705ms {Bundle[mParcelledData.dataSize=532]}] to Seattle (12798947)
D/YahooWeatherProvider(19189): Weather updated: WeatherInfo for Seattle (12798947) @ Wed Jul 16 17:45:07 PDT 2014: Fair(34), temperature 89F, low 61, high 86, humidity 27%, wind 6mph at W, forecasts: day 1: high 86, low 61, Clear(31); day 2: high 81, low 57, Mostly Sunny(34); day 3: high 77, low 59, AM Clouds/PM Sun(30); day 4: high 69, low 57, Few Showers(11); day 5: high 69, low 55, Few Showers(11)
E/ThermalEngine(  225): TM Id 'battery_LCD_monitor' Sensor 'batt_therm' - alarm raised 2 at 340.0 degC
E/ThermalEngine(  225): override action 7500
E/ThermalEngine(  225): Thermal-Server: Thermal received msg override 7500
E/ThermalEngine(  225): override_notify : SS mode 1 override 7500
E/ThermalEngine(  225): enable_threshold: tsens_tz_sensor3 (/sys/devices/virtual/thermal/thermal_zone3/trip_point_0_type)
E/ThermalEngine(  225): enable_threshold: tsens_tz_sensor3 (/sys/devices/virtual/thermal/thermal_zone3/trip_point_1_type)
E/ThermalEngine(  225): enable_threshold: tsens_tz_sensor8 (/sys/devices/virtual/thermal/thermal_zone8/trip_point_0_type)
E/ThermalEngine(  225): enable_threshold: tsens_tz_sensor8 (/sys/devices/virtual/thermal/thermal_zone8/trip_point_1_type)
E/ThermalEngine(  225): enable_threshold: tsens_tz_sensor7 (/sys/devices/virtual/thermal/thermal_zone7/trip_point_0_type)
E/ThermalEngine(  225): enable_threshold: tsens_tz_sensor7 (/sys/devices/virtual/thermal/thermal_zone7/trip_point_1_type)
E/ThermalEngine(  225): enable_threshold: tsens_tz_sensor6 (/sys/devices/virtual/thermal/thermal_zone6/trip_point_0_type)
E/ThermalEngine(  225): enable_threshold: tsens_tz_sensor6 (/sys/devices/virtual/thermal/thermal_zone6/trip_point_1_type)
E/ThermalEngine(  225): enable_threshold: tsens_tz_sensor5 (/sys/devices/virtual/thermal/thermal_zone5/trip_point_0_type)
E/ThermalEngine(  225): enable_threshold: tsens_tz_sensor5 (/sys/devices/virtual/thermal/thermal_zone5/trip_point_1_type)
I/GAV4    (25768): Thread[GAThread,5,main]: No campaign data found.
I/rmt_storage(  208): rmt_storage_connect_cb: clnt_h=0x41 conn_h=0xb78a1160
I/rmt_storage(  208): rmt_storage_rw_iovec_cb: /boot/modem_fs1: clnt_h=0x1: req_h=0x45 msg_id=3: R/W request received
I/rmt_storage(  208): wakelock acquired: 1, error no: 2
I/rmt_storage(  208): rmt_storage_client_thread: /boot/modem_fs1: clnt_h=0x1 Unblock worker thread (th_id: -1215689008)
I/rmt_storage(  208): rmt_storage_client_thread: /boot/modem_fs1: clnt_h=0x1: req_h=0x45 msg_id=3: Bytes written = 1572864
I/rmt_storage(  208): rmt_storage_client_thread: /boot/modem_fs1: clnt_h=0x1: req_h=0x45 msg_id=3: Send response: res=0 err=0
I/rmt_storage(  208): rmt_storage_client_thread: /boot/modem_fs1: clnt_h=0x1 About to block rmt_storage client thread (th_id: -1215689008) wakelock released: 1, error no: 0
I/rmt_storage(  208): 
I/rmt_storage(  208): rmt_storage_disconnect_cb: clnt_h=0x0x41 conn_h=0x0xb78a1160
I/ActivityManager(  640): Killing 23528:com.google.android.partnersetup/u0a25 (adj 15): empty for 1808s
D/MobileDataStateTracker(  640): default: Broadcast received: android.intent.action.ANY_DATA_STATE apnType=default
D/MobileDataStateTracker(  640): default: Received state=CONNECTED, old=CONNECTED, reason=(unspecified)
D/NotificationMgr( 1148): updateNetworkSelection()...state = 0 new network 
D/PhoneApp( 1148): mReceiver: ACTION_ANY_DATA_CONNECTION_STATE_CHANGED
D/PhoneApp( 1148): - state: CONNECTED
D/PhoneApp( 1148): - reason: null
D/NotificationMgr( 1148): hideDataDisconnectedRoaming()...
E/ConnectivityService(  640): net.tcp.usercfg.default not found in system properties. Using defaults
E/ConnectivityService(  640): net.tcp.delack.default not found in system properties. Using defaults
D/MobileDataStateTracker(  640): default: Broadcast received: android.intent.action.ANY_DATA_STATE apnType=default
D/MobileDataStateTracker(  640): default: Received state=CONNECTED, old=CONNECTED, reason=(unspecified)
E/ConnectivityService(  640): net.tcp.usercfg.default not found in system properties. Using defaults
E/ConnectivityService(  640): net.tcp.delack.default not found in system properties. Using defaults
D/NotificationMgr( 1148): updateNetworkSelection()...state = 0 new network 
D/PhoneApp( 1148): mReceiver: ACTION_ANY_DATA_CONNECTION_STATE_CHANGED
D/PhoneApp( 1148): - state: CONNECTED
D/PhoneApp( 1148): - reason: null
D/NotificationMgr( 1148): hideDataDisconnectedRoaming()...
D/MobileDataStateTracker(  640): default: Broadcast received: android.intent.action.ANY_DATA_STATE apnType=default
D/MobileDataStateTracker(  640): default: Received state=CONNECTED, old=CONNECTED, reason=(unspecified)
E/ConnectivityService(  640): net.tcp.usercfg.default not found in system properties. Using defaults
E/ConnectivityService(  640): net.tcp.delack.default not found in system properties. Using defaults
D/NotificationMgr( 1148): updateNetworkSelection()...state = 0 new network 
D/PhoneApp( 1148): mReceiver: ACTION_ANY_DATA_CONNECTION_STATE_CHANGED
D/PhoneApp( 1148): - state: CONNECTED
D/PhoneApp( 1148): - reason: null
D/NotificationMgr( 1148): hideDataDisconnectedRoaming()...
D/MobileDataStateTracker(  640): default: Broadcast received: android.intent.action.ANY_DATA_STATE apnType=default
D/MobileDataStateTracker(  640): default: Received state=CONNECTED, old=CONNECTED, reason=(unspecified)
D/NotificationMgr( 1148): updateNetworkSelection()...state = 0 new network 
D/PhoneApp( 1148): mReceiver: ACTION_ANY_DATA_CONNECTION_STATE_CHANGED
D/PhoneApp( 1148): - state: CONNECTED
D/PhoneApp( 1148): - reason: null
D/NotificationMgr( 1148): hideDataDisconnectedRoaming()...
E/ConnectivityService(  640): net.tcp.usercfg.default not found in system properties. Using defaults
E/ConnectivityService(  640): net.tcp.delack.default not found in system properties. Using defaults
D/NotificationMgr( 1148): updateNetworkSelection()...state = 0 new network 
D/PhoneApp( 1148): mReceiver: ACTION_ANY_DATA_CONNECTION_STATE_CHANGED
D/PhoneApp( 1148): - state: CONNECTED
D/PhoneApp( 1148): - reason: null
D/NotificationMgr( 1148): hideDataDisconnectedRoaming()...
D/MobileDataStateTracker(  640): default: Broadcast received: android.intent.action.ANY_DATA_STATE apnType=default
D/MobileDataStateTracker(  640): default: Received state=CONNECTED, old=CONNECTED, reason=(unspecified)
E/ConnectivityService(  640): net.tcp.usercfg.default not found in system properties. Using defaults
E/ConnectivityService(  640): net.tcp.delack.default not found in system properties. Using defaults
D/MobileDataStateTracker(  640): default: Broadcast received: android.intent.action.ANY_DATA_STATE apnType=default
D/MobileDataStateTracker(  640): default: Received state=CONNECTED, old=CONNECTED, reason=(unspecified)
D/NotificationMgr( 1148): updateNetworkSelection()...state = 0 new network 
D/PhoneApp( 1148): mReceiver: ACTION_ANY_DATA_CONNECTION_STATE_CHANGED
D/PhoneApp( 1148): - state: CONNECTED
D/PhoneApp( 1148): - reason: null
D/NotificationMgr( 1148): hideDataDisconnectedRoaming()...
E/ConnectivityService(  640): net.tcp.usercfg.default not found in system properties. Using defaults
E/ConnectivityService(  640): net.tcp.delack.default not found in system properties. Using defaults
D/MobileDataStateTracker(  640): default: Broadcast received: android.intent.action.ANY_DATA_STATE apnType=default
D/MobileDataStateTracker(  640): default: Received state=CONNECTED, old=CONNECTED, reason=(unspecified)
D/NotificationMgr( 1148): updateNetworkSelection()...state = 0 new network 
D/PhoneApp( 1148): mReceiver: ACTION_ANY_DATA_CONNECTION_STATE_CHANGED
D/PhoneApp( 1148): - state: CONNECTED
D/PhoneApp( 1148): - reason: null
D/NotificationMgr( 1148): hideDataDisconnectedRoaming()...
E/ConnectivityService(  640): net.tcp.usercfg.default not found in system properties. Using defaults
E/ConnectivityService(  640): net.tcp.delack.default not found in system properties. Using defaults
W/LocationOracleImpl(23510): Not started: ignore location
D/MobileDataStateTracker(  640): default: Broadcast received: android.intent.action.ANY_DATA_STATE apnType=default
D/MobileDataStateTracker(  640): default: Received state=CONNECTED, old=CONNECTED, reason=(unspecified)
E/ConnectivityService(  640): net.tcp.usercfg.default not found in system properties. Using defaults
E/ConnectivityService(  640): net.tcp.delack.default not found in system properties. Using defaults
D/NotificationMgr( 1148): updateNetworkSelection()...state = 0 new network 
D/PhoneApp( 1148): mReceiver: ACTION_ANY_DATA_CONNECTION_STATE_CHANGED
D/PhoneApp( 1148): - state: CONNECTED
D/PhoneApp( 1148): - reason: null
D/NotificationMgr( 1148): hideDataDisconnectedRoaming()...
D/NotificationMgr( 1148): updateNetworkSelection()...state = 0 new network 
D/MobileDataStateTracker(  640): default: Broadcast received: android.intent.action.ANY_DATA_STATE apnType=default
D/MobileDataStateTracker(  640): default: Received state=CONNECTED, old=CONNECTED, reason=(unspecified)
E/ConnectivityService(  640): net.tcp.usercfg.default not found in system properties. Using defaults
E/ConnectivityService(  640): net.tcp.delack.default not found in system properties. Using defaults
D/PhoneApp( 1148): mReceiver: ACTION_ANY_DATA_CONNECTION_STATE_CHANGED
D/PhoneApp( 1148): - state: CONNECTED
D/PhoneApp( 1148): - reason: null
D/NotificationMgr( 1148): hideDataDisconnectedRoaming()...
D/MobileDataStateTracker(  640): default: Broadcast received: android.intent.action.ANY_DATA_STATE apnType=default
D/MobileDataStateTracker(  640): default: Received state=CONNECTED, old=CONNECTED, reason=(unspecified)
E/ConnectivityService(  640): net.tcp.usercfg.default not found in system properties. Using defaults
E/ConnectivityService(  640): net.tcp.delack.default not found in system properties. Using defaults
D/NotificationMgr( 1148): updateNetworkSelection()...state = 0 new network 
D/PhoneApp( 1148): mReceiver: ACTION_ANY_DATA_CONNECTION_STATE_CHANGED
D/PhoneApp( 1148): - state: CONNECTED
D/PhoneApp( 1148): - reason: null
D/NotificationMgr( 1148): hideDataDisconnectedRoaming()...
D/MobileDataStateTracker(  640): default: Broadcast received: android.intent.action.ANY_DATA_STATE apnType=default
D/NotificationMgr( 1148): updateNetworkSelection()...state = 0 new network 
D/PhoneApp( 1148): mReceiver: ACTION_ANY_DATA_CONNECTION_STATE_CHANGED
D/PhoneApp( 1148): - state: CONNECTED
D/PhoneApp( 1148): - reason: null
D/NotificationMgr( 1148): hideDataDisconnectedRoaming()...
D/MobileDataStateTracker(  640): default: Received state=CONNECTED, old=CONNECTED, reason=(unspecified)
E/ConnectivityService(  640): net.tcp.usercfg.default not found in system properties. Using defaults
E/ConnectivityService(  640): net.tcp.delack.default not found in system properties. Using defaults
D/MobileDataStateTracker(  640): default: Broadcast received: android.intent.action.ANY_DATA_STATE apnType=default
D/NotificationMgr( 1148): updateNetworkSelection()...state = 0 new network 
D/PhoneApp( 1148): mReceiver: ACTION_ANY_DATA_CONNECTION_STATE_CHANGED
D/PhoneApp( 1148): - state: CONNECTED
D/PhoneApp( 1148): - reason: null
D/MobileDataStateTracker(  640): default: Received state=CONNECTED, old=CONNECTED, reason=(unspecified)
E/ConnectivityService(  640): net.tcp.usercfg.default not found in system properties. Using defaults
E/ConnectivityService(  640): net.tcp.delack.default not found in system properties. Using defaults
D/NotificationMgr( 1148): hideDataDisconnectedRoaming()...
D/MobileDataStateTracker(  640): default: Broadcast received: android.intent.action.ANY_DATA_STATE apnType=default
D/MobileDataStateTracker(  640): default: Received state=CONNECTED, old=CONNECTED, reason=(unspecified)
D/NotificationMgr( 1148): updateNetworkSelection()...state = 0 new network 
D/PhoneApp( 1148): mReceiver: ACTION_ANY_DATA_CONNECTION_STATE_CHANGED
D/PhoneApp( 1148): - state: CONNECTED
D/PhoneApp( 1148): - reason: null
D/NotificationMgr( 1148): hideDataDisconnectedRoaming()...
E/ConnectivityService(  640): net.tcp.usercfg.default not found in system properties. Using defaults
E/ConnectivityService(  640): net.tcp.delack.default not found in system properties. Using defaults
D/MobileDataStateTracker(  640): default: Broadcast received: android.intent.action.ANY_DATA_STATE apnType=default
D/MobileDataStateTracker(  640): default: Received state=CONNECTED, old=CONNECTED, reason=(unspecified)
E/ConnectivityService(  640): net.tcp.usercfg.default not found in system properties. Using defaults
E/ConnectivityService(  640): net.tcp.delack.default not found in system properties. Using defaults
D/NotificationMgr( 1148): updateNetworkSelection()...state = 0 new network 
D/PhoneApp( 1148): mReceiver: ACTION_ANY_DATA_CONNECTION_STATE_CHANGED
D/PhoneApp( 1148): - state: CONNECTED
D/PhoneApp( 1148): - reason: null
D/NotificationMgr( 1148): hideDataDisconnectedRoaming()...
D/MobileDataStateTracker(  640): default: Broadcast received: android.intent.action.ANY_DATA_STATE apnType=default
D/MobileDataStateTracker(  640): default: Received state=CONNECTED, old=CONNECTED, reason=(unspecified)
D/NotificationMgr( 1148): updateNetworkSelection()...state = 0 new network 
D/PhoneApp( 1148): mReceiver: ACTION_ANY_DATA_CONNECTION_STATE_CHANGED
D/PhoneApp( 1148): - state: CONNECTED
D/PhoneApp( 1148): - reason: null
D/NotificationMgr( 1148): hideDataDisconnectedRoaming()...
E/ConnectivityService(  640): net.tcp.usercfg.default not found in system properties. Using defaults
E/ConnectivityService(  640): net.tcp.delack.default not found in system properties. Using defaults
D/MobileDataStateTracker(  640): default: Broadcast received: android.intent.action.ANY_DATA_STATE apnType=default
D/MobileDataStateTracker(  640): default: Received state=CONNECTED, old=CONNECTED, reason=(unspecified)
E/ConnectivityService(  640): net.tcp.usercfg.default not found in system properties. Using defaults
E/ConnectivityService(  640): net.tcp.delack.default not found in system properties. Using defaults
D/NotificationMgr( 1148): updateNetworkSelection()...state = 0 new network 
D/PhoneApp( 1148): mReceiver: ACTION_ANY_DATA_CONNECTION_STATE_CHANGED
D/PhoneApp( 1148): - state: CONNECTED
D/PhoneApp( 1148): - reason: null
D/NotificationMgr( 1148): hideDataDisconnectedRoaming()...
W/msgr(:<default>):l(26580): Exception during service
W/msgr(:<default>):l(26580): java.lang.NullPointerException
W/msgr(:<default>):l(26580): 	at com.facebook.orca.protocol.methods.o.a(FetchSuggestedGroupClustersMethod.java:63)
W/msgr(:<default>):l(26580): 	at com.facebook.orca.protocol.methods.o.a(FetchSuggestedGroupClustersMethod.java:30)
W/msgr(:<default>):l(26580): 	at com.facebook.http.protocol.aa.a(ApiResponseHandler.java:55)
W/msgr(:<default>):l(26580): 	at com.facebook.http.protocol.aa.handleResponse(ApiResponseHandler.java:28)
W/msgr(:<default>):l(26580): 	at com.facebook.http.a.r.a(FbHttpRequestProcessor.java:312)
W/msgr(:<default>):l(26580): 	at com.facebook.http.a.r.a(FbHttpRequestProcessor.java:142)
W/msgr(:<default>):l(26580): 	at com.facebook.http.a.r.b(FbHttpRequestProcessor.java:98)
W/msgr(:<default>):l(26580): 	at com.facebook.http.a.r.a(FbHttpRequestProcessor.java:228)
W/msgr(:<default>):l(26580): 	at com.facebook.http.protocol.bv.a(SingleMethodRunnerImpl.java:438)
W/msgr(:<default>):l(26580): 	at com.facebook.http.protocol.bv.a(SingleMethodRunnerImpl.java:200)
W/msgr(:<default>):l(26580): 	at com.facebook.http.protocol.b.a(AbstractSingleMethodRunner.java:28)
W/msgr(:<default>):l(26580): 	at com.facebook.http.protocol.l.a(ApiMethodRunnerImpl.java:44)
W/msgr(:<default>):l(26580): 	at com.facebook.http.protocol.l.a(ApiMethodRunnerImpl.java:36)
W/msgr(:<default>):l(26580): 	at com.facebook.orca.protocol.a.u(WebServiceHandler.java:265)
W/msgr(:<default>):l(26580): 	at com.facebook.orca.server.a.a(AbstractBlueServiceHandlerFilter.java:77)
W/msgr(:<default>):l(26580): 	at com.facebook.fbservice.service.y.a(FilterChainLink.java:20)
W/msgr(:<default>):l(26580): 	at com.facebook.orca.database.v.u(DbServiceHandler.java:265)
W/msgr(:<default>):l(26580): 	at com.facebook.orca.server.a.a(AbstractBlueServiceHandlerFilter.java:77)
W/msgr(:<default>):l(26580): 	at com.facebook.fbservice.service.y.a(FilterChainLink.java:20)
W/msgr(:<default>):l(26580): 	at com.facebook.orca.f.l.u(CacheServiceHandler.java:483)
W/msgr(:<default>):l(26580): 	at com.facebook.orca.server.a.a(AbstractBlueServiceHandlerFilter.java:77)
W/msgr(:<default>):l(26580): 	at com.facebook.fbservice.service.y.a(FilterChainLink.java:20)
W/msgr(:<default>):l(26580): 	at com.facebook.fbservice.service.l.e(BlueServiceQueue.java:361)
W/msgr(:<default>):l(26580): 	at com.facebook.fbservice.service.l.d(BlueServiceQueue.java:58)
W/msgr(:<default>):l(26580): 	at com.facebook.fbservice.service.o.run(BlueServiceQueue.java:280)
W/msgr(:<default>):l(26580): 	at java.util.concurrent.Executors$RunnableAdapter.call(Executors.java:422)
W/msgr(:<default>):l(26580): 	at java.util.concurrent.FutureTask.run(FutureTask.java:237)
W/msgr(:<default>):l(26580): 	at com.facebook.common.executors.bb.run(ListenableScheduledFutureImpl.java:57)
W/msgr(:<default>):l(26580): 	at android.os.Handler.handleCallback(Handler.java:733)
W/msgr(:<default>):l(26580): 	at android.os.Handler.dispatchMessage(Handler.java:95)
W/msgr(:<default>):l(26580): 	at android.os.Looper.loop(Looper.java:136)
W/msgr(:<default>):l(26580): 	at android.os.HandlerThread.run(HandlerThread.java:61)
D/MobileDataStateTracker(  640): default: Broadcast received: android.intent.action.ANY_DATA_STATE apnType=default
D/NotificationMgr( 1148): updateNetworkSelection()...state = 0 new network 
D/PhoneApp( 1148): mReceiver: ACTION_ANY_DATA_CONNECTION_STATE_CHANGED
D/PhoneApp( 1148): - state: CONNECTED
D/PhoneApp( 1148): - reason: null
D/MobileDataStateTracker(  640): default: Received state=CONNECTED, old=CONNECTED, reason=(unspecified)
E/ConnectivityService(  640): net.tcp.usercfg.default not found in system properties. Using defaults
E/ConnectivityService(  640): net.tcp.delack.default not found in system properties. Using defaults
D/NotificationMgr( 1148): hideDataDisconnectedRoaming()...
D/MobileDataStateTracker(  640): default: Broadcast received: android.intent.action.ANY_DATA_STATE apnType=default
D/NotificationMgr( 1148): updateNetworkSelection()...state = 0 new network 
D/PhoneApp( 1148): mReceiver: ACTION_ANY_DATA_CONNECTION_STATE_CHANGED
D/MobileDataStateTracker(  640): default: Received state=CONNECTED, old=CONNECTED, reason=(unspecified)
E/ConnectivityService(  640): net.tcp.usercfg.default not found in system properties. Using defaults
E/ConnectivityService(  640): net.tcp.delack.default not found in system properties. Using defaults
D/PhoneApp( 1148): - state: CONNECTED
D/PhoneApp( 1148): - reason: null
D/NotificationMgr( 1148): hideDataDisconnectedRoaming()...
D/MobileDataStateTracker(  640): default: Broadcast received: android.intent.action.ANY_DATA_STATE apnType=default
D/MobileDataStateTracker(  640): default: Received state=CONNECTED, old=CONNECTED, reason=(unspecified)
E/ConnectivityService(  640): net.tcp.usercfg.default not found in system properties. Using defaults
E/ConnectivityService(  640): net.tcp.delack.default not found in system properties. Using defaults
D/NotificationMgr( 1148): updateNetworkSelection()...state = 0 new network 
D/PhoneApp( 1148): mReceiver: ACTION_ANY_DATA_CONNECTION_STATE_CHANGED
D/PhoneApp( 1148): - state: CONNECTED
D/PhoneApp( 1148): - reason: null
D/NotificationMgr( 1148): hideDataDisconnectedRoaming()...
D/MobileDataStateTracker(  640): default: Broadcast received: android.intent.action.ANY_DATA_STATE apnType=default
D/NotificationMgr( 1148): updateNetworkSelection()...state = 0 new network 
D/PhoneApp( 1148): mReceiver: ACTION_ANY_DATA_CONNECTION_STATE_CHANGED
D/PhoneApp( 1148): - state: CONNECTED
D/PhoneApp( 1148): - reason: null
D/NotificationMgr( 1148): hideDataDisconnectedRoaming()...
D/MobileDataStateTracker(  640): default: Received state=CONNECTED, old=CONNECTED, reason=(unspecified)
E/ConnectivityService(  640): net.tcp.usercfg.default not found in system properties. Using defaults
E/ConnectivityService(  640): net.tcp.delack.default not found in system properties. Using defaults
D/MobileDataStateTracker(  640): default: Broadcast received: android.intent.action.ANY_DATA_STATE apnType=default
D/MobileDataStateTracker(  640): default: Received state=CONNECTED, old=CONNECTED, reason=(unspecified)
E/ConnectivityService(  640): net.tcp.usercfg.default not found in system properties. Using defaults
E/ConnectivityService(  640): net.tcp.delack.default not found in system properties. Using defaults
D/NotificationMgr( 1148): updateNetworkSelection()...state = 0 new network 
D/PhoneApp( 1148): mReceiver: ACTION_ANY_DATA_CONNECTION_STATE_CHANGED
D/PhoneApp( 1148): - state: CONNECTED
D/PhoneApp( 1148): - reason: null
D/NotificationMgr( 1148): hideDataDisconnectedRoaming()...
D/MobileDataStateTracker(  640): default: Broadcast received: android.intent.action.ANY_DATA_STATE apnType=default
D/NotificationMgr( 1148): updateNetworkSelection()...state = 0 new network 
D/PhoneApp( 1148): mReceiver: ACTION_ANY_DATA_CONNECTION_STATE_CHANGED
D/PhoneApp( 1148): - state: CONNECTED
D/PhoneApp( 1148): - reason: null
D/MobileDataStateTracker(  640): default: Received state=CONNECTED, old=CONNECTED, reason=(unspecified)
E/ConnectivityService(  640): net.tcp.usercfg.default not found in system properties. Using defaults
E/ConnectivityService(  640): net.tcp.delack.default not found in system properties. Using defaults
D/NotificationMgr( 1148): hideDataDisconnectedRoaming()...
I/ActivityManager(  640): Killing 23848:android.process.media/u0a7 (adj 15): empty for 1805s
I/ActivityManager(  640): Killing 23874:com.google.android.googlequicksearchbox/u0a29 (adj 15): empty for 1804s
D/MobileDataStateTracker(  640): default: setPolicyDataEnable(enabled=true)
D/MobileDataStateTracker(  640): default: setPolicyDataEnable(enabled=true)
D/MobileDataStateTracker(  640): default: Broadcast received: android.intent.action.ANY_DATA_STATE apnType=default
D/NotificationMgr( 1148): updateNetworkSelection()...state = 0 new network 
D/PhoneApp( 1148): mReceiver: ACTION_ANY_DATA_CONNECTION_STATE_CHANGED
D/PhoneApp( 1148): - state: CONNECTED
D/PhoneApp( 1148): - reason: null
D/MobileDataStateTracker(  640): default: Received state=CONNECTED, old=CONNECTED, reason=(unspecified)
E/ConnectivityService(  640): net.tcp.usercfg.default not found in system properties. Using defaults
E/ConnectivityService(  640): net.tcp.delack.default not found in system properties. Using defaults
D/NotificationMgr( 1148): hideDataDisconnectedRoaming()...
D/MobileDataStateTracker(  640): default: Broadcast received: android.intent.action.ANY_DATA_STATE apnType=default
D/MobileDataStateTracker(  640): default: Received state=CONNECTED, old=CONNECTED, reason=(unspecified)
D/NotificationMgr( 1148): updateNetworkSelection()...state = 0 new network 
D/PhoneApp( 1148): mReceiver: ACTION_ANY_DATA_CONNECTION_STATE_CHANGED
D/PhoneApp( 1148): - state: CONNECTED
D/PhoneApp( 1148): - reason: null
D/NotificationMgr( 1148): hideDataDisconnectedRoaming()...
E/ConnectivityService(  640): net.tcp.usercfg.default not found in system properties. Using defaults
E/ConnectivityService(  640): net.tcp.delack.default not found in system properties. Using defaults
D/NotificationMgr( 1148): updateNetworkSelection()...state = 0 new network 
D/PhoneApp( 1148): mReceiver: ACTION_ANY_DATA_CONNECTION_STATE_CHANGED
D/PhoneApp( 1148): - state: CONNECTED
D/PhoneApp( 1148): - reason: null
D/NotificationMgr( 1148): hideDataDisconnectedRoaming()...
D/MobileDataStateTracker(  640): default: Broadcast received: android.intent.action.ANY_DATA_STATE apnType=default
D/MobileDataStateTracker(  640): default: Received state=CONNECTED, old=CONNECTED, reason=(unspecified)
E/ConnectivityService(  640): net.tcp.usercfg.default not found in system properties. Using defaults
E/ConnectivityService(  640): net.tcp.delack.default not found in system properties. Using defaults
D/NotificationMgr( 1148): updateNetworkSelection()...state = 0 new network 
D/MobileDataStateTracker(  640): default: Broadcast received: android.intent.action.ANY_DATA_STATE apnType=default
D/MobileDataStateTracker(  640): default: Received state=CONNECTED, old=CONNECTED, reason=(unspecified)
E/ConnectivityService(  640): net.tcp.usercfg.default not found in system properties. Using defaults
E/ConnectivityService(  640): net.tcp.delack.default not found in system properties. Using defaults
D/PhoneApp( 1148): mReceiver: ACTION_ANY_DATA_CONNECTION_STATE_CHANGED
D/PhoneApp( 1148): - state: CONNECTED
D/PhoneApp( 1148): - reason: null
D/NotificationMgr( 1148): hideDataDisconnectedRoaming()...
D/MobileDataStateTracker(  640): default: Broadcast received: android.intent.action.ANY_DATA_STATE apnType=default
D/MobileDataStateTracker(  640): default: Received state=CONNECTED, old=CONNECTED, reason=(unspecified)
E/ConnectivityService(  640): net.tcp.usercfg.default not found in system properties. Using defaults
E/ConnectivityService(  640): net.tcp.delack.default not found in system properties. Using defaults
D/NotificationMgr( 1148): updateNetworkSelection()...state = 0 new network 
D/PhoneApp( 1148): mReceiver: ACTION_ANY_DATA_CONNECTION_STATE_CHANGED
D/PhoneApp( 1148): - state: CONNECTED
D/PhoneApp( 1148): - reason: null
D/NotificationMgr( 1148): hideDataDisconnectedRoaming()...
D/MobileDataStateTracker(  640): default: Broadcast received: android.intent.action.ANY_DATA_STATE apnType=default
D/MobileDataStateTracker(  640): default: Received state=CONNECTED, old=CONNECTED, reason=(unspecified)
D/NotificationMgr( 1148): updateNetworkSelection()...state = 0 new network 
D/PhoneApp( 1148): mReceiver: ACTION_ANY_DATA_CONNECTION_STATE_CHANGED
D/PhoneApp( 1148): - state: CONNECTED
D/PhoneApp( 1148): - reason: null
D/NotificationMgr( 1148): hideDataDisconnectedRoaming()...
E/ConnectivityService(  640): net.tcp.usercfg.default not found in system properties. Using defaults
E/ConnectivityService(  640): net.tcp.delack.default not found in system properties. Using defaults
D/MobileDataStateTracker(  640): default: Broadcast received: android.intent.action.ANY_DATA_STATE apnType=default
D/NotificationMgr( 1148): updateNetworkSelection()...state = 0 new network 
D/PhoneApp( 1148): mReceiver: ACTION_ANY_DATA_CONNECTION_STATE_CHANGED
D/PhoneApp( 1148): - state: CONNECTED
D/PhoneApp( 1148): - reason: null
D/MobileDataStateTracker(  640): default: Received state=CONNECTED, old=CONNECTED, reason=(unspecified)
E/ConnectivityService(  640): net.tcp.usercfg.default not found in system properties. Using defaults
E/ConnectivityService(  640): net.tcp.delack.default not found in system properties. Using defaults
D/NotificationMgr( 1148): hideDataDisconnectedRoaming()...
W/LocationOracleImpl(23510): Not started: ignore location
D/MobileDataStateTracker(  640): default: Broadcast received: android.intent.action.ANY_DATA_STATE apnType=default
D/MobileDataStateTracker(  640): default: Received state=CONNECTED, old=CONNECTED, reason=(unspecified)
E/ConnectivityService(  640): net.tcp.usercfg.default not found in system properties. Using defaults
E/ConnectivityService(  640): net.tcp.delack.default not found in system properties. Using defaults
D/NotificationMgr( 1148): updateNetworkSelection()...state = 0 new network 
D/PhoneApp( 1148): mReceiver: ACTION_ANY_DATA_CONNECTION_STATE_CHANGED
D/PhoneApp( 1148): - state: CONNECTED
D/PhoneApp( 1148): - reason: null
D/NotificationMgr( 1148): hideDataDisconnectedRoaming()...
D/MobileDataStateTracker(  640): default: Broadcast received: android.intent.action.ANY_DATA_STATE apnType=default
D/MobileDataStateTracker(  640): default: Received state=CONNECTED, old=CONNECTED, reason=(unspecified)
D/NotificationMgr( 1148): updateNetworkSelection()...state = 0 new network 
D/PhoneApp( 1148): mReceiver: ACTION_ANY_DATA_CONNECTION_STATE_CHANGED
D/PhoneApp( 1148): - state: CONNECTED
D/PhoneApp( 1148): - reason: null
E/ConnectivityService(  640): net.tcp.usercfg.default not found in system properties. Using defaults
E/ConnectivityService(  640): net.tcp.delack.default not found in system properties. Using defaults
D/NotificationMgr( 1148): hideDataDisconnectedRoaming()...
D/MobileDataStateTracker(  640): default: Broadcast received: android.intent.action.ANY_DATA_STATE apnType=default
D/MobileDataStateTracker(  640): default: Received state=CONNECTED, old=CONNECTED, reason=(unspecified)
E/ConnectivityService(  640): net.tcp.usercfg.default not found in system properties. Using defaults
E/ConnectivityService(  640): net.tcp.delack.default not found in system properties. Using defaults
D/NotificationMgr( 1148): updateNetworkSelection()...state = 0 new network 
D/PhoneApp( 1148): mReceiver: ACTION_ANY_DATA_CONNECTION_STATE_CHANGED
D/PhoneApp( 1148): - state: CONNECTED
D/PhoneApp( 1148): - reason: null
D/NotificationMgr( 1148): hideDataDisconnectedRoaming()...
D/NotificationMgr( 1148): updateNetworkSelection()...state = 0 new network 
D/MobileDataStateTracker(  640): default: Broadcast received: android.intent.action.ANY_DATA_STATE apnType=default
D/MobileDataStateTracker(  640): default: Received state=CONNECTED, old=CONNECTED, reason=(unspecified)
E/ConnectivityService(  640): net.tcp.usercfg.default not found in system properties. Using defaults
E/ConnectivityService(  640): net.tcp.delack.default not found in system properties. Using defaults
D/PhoneApp( 1148): mReceiver: ACTION_ANY_DATA_CONNECTION_STATE_CHANGED
D/PhoneApp( 1148): - state: CONNECTED
D/PhoneApp( 1148): - reason: null
D/NotificationMgr( 1148): hideDataDisconnectedRoaming()...
D/NotificationMgr( 1148): updateNetworkSelection()...state = 0 new network 
D/MobileDataStateTracker(  640): default: Broadcast received: android.intent.action.ANY_DATA_STATE apnType=default
D/MobileDataStateTracker(  640): default: Received state=CONNECTED, old=CONNECTED, reason=(unspecified)
E/ConnectivityService(  640): net.tcp.usercfg.default not found in system properties. Using defaults
E/ConnectivityService(  640): net.tcp.delack.default not found in system properties. Using defaults
D/PhoneApp( 1148): mReceiver: ACTION_ANY_DATA_CONNECTION_STATE_CHANGED
D/PhoneApp( 1148): - state: CONNECTED
D/PhoneApp( 1148): - reason: null
D/NotificationMgr( 1148): hideDataDisconnectedRoaming()...
D/MobileDataStateTracker(  640): default: Broadcast received: android.intent.action.ANY_DATA_STATE apnType=default
D/MobileDataStateTracker(  640): default: Received state=CONNECTED, old=CONNECTED, reason=(unspecified)
E/ConnectivityService(  640): net.tcp.usercfg.default not found in system properties. Using defaults
E/ConnectivityService(  640): net.tcp.delack.default not found in system properties. Using defaults
D/NotificationMgr( 1148): updateNetworkSelection()...state = 0 new network 
D/PhoneApp( 1148): mReceiver: ACTION_ANY_DATA_CONNECTION_STATE_CHANGED
D/PhoneApp( 1148): - state: CONNECTED
D/PhoneApp( 1148): - reason: null
D/NotificationMgr( 1148): hideDataDisconnectedRoaming()...
D/NotificationMgr( 1148): updateNetworkSelection()...state = 0 new network 
D/MobileDataStateTracker(  640): default: Broadcast received: android.intent.action.ANY_DATA_STATE apnType=default
D/MobileDataStateTracker(  640): default: Received state=CONNECTED, old=CONNECTED, reason=(unspecified)
E/ConnectivityService(  640): net.tcp.usercfg.default not found in system properties. Using defaults
E/ConnectivityService(  640): net.tcp.delack.default not found in system properties. Using defaults
D/PhoneApp( 1148): mReceiver: ACTION_ANY_DATA_CONNECTION_STATE_CHANGED
D/PhoneApp( 1148): - state: CONNECTED
D/PhoneApp( 1148): - reason: null
D/NotificationMgr( 1148): hideDataDisconnectedRoaming()...
D/MobileDataStateTracker(  640): default: Broadcast received: android.intent.action.ANY_DATA_STATE apnType=default
D/NotificationMgr( 1148): updateNetworkSelection()...state = 0 new network 
